Archive member included because of file (symbol)

contiki-sky.a(rimeaddr.o)     obj_sky/contiki-sky-main.o (rimeaddr_copy)
contiki-sky.a(csma.o)         border-router.co (csma_driver)
contiki-sky.a(contikimac.o)   obj_sky/contiki-sky-main.o (contikimac_driver)
contiki-sky.a(phase.o)        contiki-sky.a(contikimac.o) (phase_update)
contiki-sky.a(rpl-dag.o)      border-router.co (rpl_set_prefix)
contiki-sky.a(rpl-icmp6.o)    contiki-sky.a(rpl-dag.o) (dao_output)
contiki-sky.a(rpl-timers.o)   contiki-sky.a(rpl-dag.o) (rpl_reset_dio_timer)
contiki-sky.a(rpl-mrhof.o)    contiki-sky.a(rpl-dag.o) (rpl_mrhof)
contiki-sky.a(process.o)      border-router.co (process_current)
contiki-sky.a(autostart.o)    obj_sky/contiki-sky-main.o (autostart_start)
contiki-sky.a(compower.o)     contiki-sky.a(contikimac.o) (compower_idle_activity)
contiki-sky.a(memb.o)         obj_sky/httpd-simple.o (memb_init)
contiki-sky.a(timer.o)        obj_sky/httpd-simple.o (timer_set)
contiki-sky.a(list.o)         contiki-sky.a(csma.o) (list_init)
contiki-sky.a(etimer.o)       obj_sky/contiki-sky-main.o (etimer_process)
contiki-sky.a(ctimer.o)       obj_sky/contiki-sky-main.o (ctimer_init)
contiki-sky.a(energest.o)     obj_sky/contiki-sky-main.o (energest_init)
contiki-sky.a(rtimer.o)       obj_sky/contiki-sky-main.o (rtimer_init)
contiki-sky.a(stimer.o)       contiki-sky.a(rpl-icmp6.o) (stimer_set)
contiki-sky.a(random.o)       obj_sky/contiki-sky-main.o (random_init)
contiki-sky.a(nbr-table.o)    contiki-sky.a(phase.o) (nbr_table_register)
contiki-sky.a(packetbuf.o)    contiki-sky.a(contikimac.o) (packetbuf_hdr_remove)
contiki-sky.a(psock.o)        border-router.co (psock_send)
contiki-sky.a(queuebuf.o)     obj_sky/contiki-sky-main.o (queuebuf_init)
contiki-sky.a(sicslowpan.o)   obj_sky/contiki-sky-main.o (sicslowpan_driver)
contiki-sky.a(tcpip.o)        contiki-sky.a(sicslowpan.o) (tcpip_set_outputfunc)
contiki-sky.a(uip-debug.o)    border-router.co (uip_debug_ipaddr_print)
contiki-sky.a(uip-ds6-route.o)
                              border-router.co (uip_ds6_route_nexthop)
contiki-sky.a(uip-ds6-nbr.o)  border-router.co (ds6_neighbors)
contiki-sky.a(uip-ds6.o)      contiki-sky.a(tcpip.o) (uip_ds6_is_addr_onlink)
contiki-sky.a(uip-icmp6.o)    contiki-sky.a(rpl-icmp6.o) (uip_icmp6_send)
contiki-sky.a(uip-nd6.o)      contiki-sky.a(tcpip.o) (uip_nd6_ns_output)
contiki-sky.a(uip6.o)         border-router.co (uip_aligned_buf)
contiki-sky.a(contiki-sky-pla)
                              obj_sky/contiki-sky-main.o (init_platform)
contiki-sky.a(button-sensor.o)
                              border-router.co (button_sensor)
contiki-sky.a(ds2411.o)       obj_sky/contiki-sky-main.o (ds2411_init)
contiki-sky.a(xmem.o)         obj_sky/contiki-sky-main.o (xmem_init)
contiki-sky.a(node-id.o)      obj_sky/contiki-sky-main.o (node_id_restore)
contiki-sky.a(sensors.o)      border-router.co (sensors_event)
contiki-sky.a(cc2420.o)       obj_sky/contiki-sky-main.o (cc2420_set_pan_addr)
contiki-sky.a(cc2420-arch.o)  contiki-sky.a(cc2420.o) (cc2420_arch_init)
contiki-sky.a(uart1.o)        obj_sky/contiki-sky-main.o (uart1_active)
contiki-sky.a(slip_uart1.o)   obj_sky/slip-bridge.o (slip_arch_writeb)
contiki-sky.a(slip.o)         obj_sky/slip-bridge.o (slip_process)
contiki-sky.a(msp430.o)       contiki-sky.a(uart1.o) (msp430_add_lpm_req)
contiki-sky.a(clock.o)        contiki-sky.a(timer.o) (clock_time)
contiki-sky.a(leds.o)         obj_sky/contiki-sky-main.o (leds_init)
contiki-sky.a(leds-arch.o)    contiki-sky.a(leds.o) (leds_arch_init)
contiki-sky.a(watchdog.o)     obj_sky/contiki-sky-main.o (watchdog_start)
contiki-sky.a(rtimer-arch.o)  contiki-sky.a(rtimer.o) (rtimer_arch_init)
contiki-sky.a(mac.o)          contiki-sky.a(csma.o) (mac_call_sent_callback)
contiki-sky.a(framer-802154.o)
                              contiki-sky.a(contikimac.o) (framer_802154)
contiki-sky.a(rpl.o)          contiki-sky.a(rpl-timers.o) (rpl_purge_routes)
contiki-sky.a(rpl-ext-header.)
                              contiki-sky.a(uip6.o) (rpl_verify_header)
contiki-sky.a(spi.o)          contiki-sky.a(xmem.o) (spi_init)
contiki-sky.a(frame802154.o)  contiki-sky.a(framer-802154.o) (frame802154_hdrlen)
/usr/local/msp430/bin/../lib/gcc/msp430/4.7.0/mmpy-16/libgcc.a(_mulsi3.o)
                              contiki-sky.a(csma.o) (__mulsi3)
/usr/local/msp430/bin/../lib/gcc/msp430/4.7.0/mmpy-16/libgcc.a(_udivmod16.o)
                              contiki-sky.a(rpl-dag.o) (__udivhi3)
/usr/local/msp430/bin/../lib/gcc/msp430/4.7.0/mmpy-16/libgcc.a(_divmod16.o)
                              contiki-sky.a(nbr-table.o) (__divhi3)
/usr/local/msp430/bin/../lib/gcc/msp430/4.7.0/mmpy-16/libgcc.a(_udivmod32.o)
                              obj_sky/contiki-sky-main.o (__udivsi3)
/usr/local/msp430/bin/../lib/gcc/msp430/4.7.0/../../../../msp430/lib/mmpy-16/libc.a(printf.o)
                              obj_sky/slip-bridge.o (printf)
[...]
Memory Configuration

Name             Origin             Length             Attributes
sfr              0x00000000         0x00000010
peripheral_8bit  0x00000010         0x000000f0
peripheral_16bit 0x00000100         0x00000100
ram_mirror       0x00000200         0x00000800         xw
infomem          0x00001000         0x00000100
infob            0x00001000         0x00000080
infoa            0x00001080         0x00000080
ram              0x00001100         0x00002800         xw
rom              0x00004000         0x0000bfe0         xr
vectors          0x0000ffe0         0x00000020
bsl              0x00000000         0x00000000
infoc            0x00000000         0x00000000
infod            0x00000000         0x00000000
ram2             0x00000000         0x00000000         xw
usbram           0x00000000         0x00000000         xw
far_rom          0x00000000         0x00000000
*default*        0x00000000         0xffffffff

Linker script and memory map

LOAD /usr/local/msp430/bin/../lib/gcc/msp430/4.7.0/mmpy-16/crt0ivtbl16.o
LOAD border-router.co
LOAD obj_sky/slip-bridge.o
LOAD obj_sky/httpd-simple.o
LOAD obj_sky/contiki-sky-main.o
LOAD contiki-sky.a
LOAD /usr/local/msp430/bin/../lib/gcc/msp430/4.7.0/mmpy-16/libgcc.a
LOAD /usr/local/msp430/bin/../lib/gcc/msp430/4.7.0/../../../../msp430/lib/mmpy-16/libc.a
LOAD /usr/local/msp430/bin/../lib/gcc/msp430/4.7.0/mmpy-16/libgcc.a
LOAD /usr/local/msp430/bin/../lib/gcc/msp430/4.7.0/mmpy-16/libcrt0.a
                0x00000080                PROVIDE (__info_segment_size, 0x80)
                0x00001000                PROVIDE (__infob, 0x1000)
                0x00001080                PROVIDE (__infoa, 0x1080)
                0x00000000                __IE1 = 0x0
                0x00000002                __IFG1 = 0x2
                0x00000004                __ME1 = 0x4
                0x00000001                __IE2 = 0x1
                0x00000003                __IFG2 = 0x3
                0x00000005                __ME2 = 0x5
                0x00000120                __WDTCTL = 0x120
                0x00000130                __MPY = 0x130
                0x00000132                __MPYS = 0x132
                0x00000134                __MAC = 0x134
                0x00000136                __MACS = 0x136
                0x00000138                __OP2 = 0x138
                0x0000013a                __RESLO = 0x13a
                0x0000013c                __RESHI = 0x13c
                0x0000013e                __SUMEXT = 0x13e
                0x00000020                __P1IN = 0x20
                0x00000021                __P1OUT = 0x21
                0x00000022                __P1DIR = 0x22
                0x00000023                __P1IFG = 0x23
                0x00000024                __P1IES = 0x24
                0x00000025                __P1IE = 0x25
                0x00000026                __P1SEL = 0x26
                0x00000028                __P2IN = 0x28
                0x00000029                __P2OUT = 0x29
                0x0000002a                __P2DIR = 0x2a
                0x0000002b                __P2IFG = 0x2b
                0x0000002c                __P2IES = 0x2c
                0x0000002d                __P2IE = 0x2d
                0x0000002e                __P2SEL = 0x2e
                0x00000018                __P3IN = 0x18
                0x00000019                __P3OUT = 0x19
                0x0000001a                __P3DIR = 0x1a
                0x0000001b                __P3SEL = 0x1b
                0x0000001c                __P4IN = 0x1c
                0x0000001d                __P4OUT = 0x1d
                0x0000001e                __P4DIR = 0x1e
                0x0000001f                __P4SEL = 0x1f
                0x00000030                __P5IN = 0x30
                0x00000031                __P5OUT = 0x31
                0x00000032                __P5DIR = 0x32
                0x00000033                __P5SEL = 0x33
                0x00000034                __P6IN = 0x34
                0x00000035                __P6OUT = 0x35
                0x00000036                __P6DIR = 0x36
                0x00000037                __P6SEL = 0x37
                0x00000070                __U0CTL = 0x70
                0x00000071                __U0TCTL = 0x71
                0x00000072                __U0RCTL = 0x72
                0x00000073                __U0MCTL = 0x73
                0x00000074                __U0BR0 = 0x74
                0x00000075                __U0BR1 = 0x75
                0x00000076                __U0RXBUF = 0x76
                0x00000077                __U0TXBUF = 0x77
                0x00000078                __U1CTL = 0x78
                0x00000079                __U1TCTL = 0x79
                0x0000007a                __U1RCTL = 0x7a
                0x0000007b                __U1MCTL = 0x7b
                0x0000007c                __U1BR0 = 0x7c
                0x0000007d                __U1BR1 = 0x7d
                0x0000007e                __U1RXBUF = 0x7e
                0x0000007f                __U1TXBUF = 0x7f
                0x00000050                __I2CIE = 0x50
                0x00000051                __I2CIFG = 0x51
                0x00000052                __I2CNDAT = 0x52
                0x00000071                __I2CTCTL = 0x71
                0x00000072                __I2CDCTL = 0x72
                0x00000073                __I2CPSC = 0x73
                0x00000074                __I2CSCLH = 0x74
                0x00000075                __I2CSCLL = 0x75
                0x00000076                __I2CDRB = 0x76
                0x00000076                __I2CDRW = 0x76
                0x00000118                __I2COA = 0x118
                0x0000011a                __I2CSA = 0x11a
                0x0000011c                __I2CIV = 0x11c
                0x0000012e                __TAIV = 0x12e
                0x00000160                __TACTL = 0x160
                0x00000162                __TACCTL0 = 0x162
                0x00000164                __TACCTL1 = 0x164
                0x00000166                __TACCTL2 = 0x166
                0x00000170                __TAR = 0x170
                0x00000172                __TACCR0 = 0x172
                0x00000174                __TACCR1 = 0x174
                0x00000176                __TACCR2 = 0x176
                0x0000011e                __TBIV = 0x11e
                0x00000180                __TBCTL = 0x180
                0x00000182                __TBCCTL0 = 0x182
                0x00000184                __TBCCTL1 = 0x184
                0x00000186                __TBCCTL2 = 0x186
                0x00000188                __TBCCTL3 = 0x188
                0x0000018a                __TBCCTL4 = 0x18a
                0x0000018c                __TBCCTL5 = 0x18c
                0x0000018e                __TBCCTL6 = 0x18e
                0x00000190                __TBR = 0x190
                0x00000192                __TBCCR0 = 0x192
                0x00000194                __TBCCR1 = 0x194
                0x00000196                __TBCCR2 = 0x196
                0x00000198                __TBCCR3 = 0x198
                0x0000019a                __TBCCR4 = 0x19a
                0x0000019c                __TBCCR5 = 0x19c
                0x0000019e                __TBCCR6 = 0x19e
                0x00000056                __DCOCTL = 0x56
                0x00000057                __BCSCTL1 = 0x57
                0x00000058                __BCSCTL2 = 0x58
                0x00000055                __SVSCTL = 0x55
                0x00000128                __FCTL1 = 0x128
                0x0000012a                __FCTL2 = 0x12a
                0x0000012c                __FCTL3 = 0x12c
                0x00000059                __CACTL1 = 0x59
                0x0000005a                __CACTL2 = 0x5a
                0x0000005b                __CAPD = 0x5b
                0x000001a0                __ADC12CTL0 = 0x1a0
                0x000001a2                __ADC12CTL1 = 0x1a2
                0x000001a4                __ADC12IFG = 0x1a4
                0x000001a6                __ADC12IE = 0x1a6
                0x000001a8                __ADC12IV = 0x1a8
                0x00000140                __ADC12MEM0 = 0x140
                0x00000142                __ADC12MEM1 = 0x142
                0x00000144                __ADC12MEM2 = 0x144
                0x00000146                __ADC12MEM3 = 0x146
                0x00000148                __ADC12MEM4 = 0x148
                0x0000014a                __ADC12MEM5 = 0x14a
                0x0000014c                __ADC12MEM6 = 0x14c
                0x0000014e                __ADC12MEM7 = 0x14e
                0x00000150                __ADC12MEM8 = 0x150
                0x00000152                __ADC12MEM9 = 0x152
                0x00000154                __ADC12MEM10 = 0x154
                0x00000156                __ADC12MEM11 = 0x156
                0x00000158                __ADC12MEM12 = 0x158
                0x0000015a                __ADC12MEM13 = 0x15a
                0x0000015c                __ADC12MEM14 = 0x15c
                0x0000015e                __ADC12MEM15 = 0x15e
                0x00000080                __ADC12MCTL0 = 0x80
                0x00000081                __ADC12MCTL1 = 0x81
                0x00000082                __ADC12MCTL2 = 0x82
                0x00000083                __ADC12MCTL3 = 0x83
                0x00000084                __ADC12MCTL4 = 0x84
                0x00000085                __ADC12MCTL5 = 0x85
                0x00000086                __ADC12MCTL6 = 0x86
                0x00000087                __ADC12MCTL7 = 0x87
                0x00000088                __ADC12MCTL8 = 0x88
                0x00000089                __ADC12MCTL9 = 0x89
                0x0000008a                __ADC12MCTL10 = 0x8a
                0x0000008b                __ADC12MCTL11 = 0x8b
                0x0000008c                __ADC12MCTL12 = 0x8c
                0x0000008d                __ADC12MCTL13 = 0x8d
                0x0000008e                __ADC12MCTL14 = 0x8e
                0x0000008f                __ADC12MCTL15 = 0x8f
                0x000001c0                __DAC12_0CTL = 0x1c0
                0x000001c2                __DAC12_1CTL = 0x1c2
                0x000001c8                __DAC12_0DAT = 0x1c8
                0x000001ca                __DAC12_1DAT = 0x1ca
                0x00000122                __DMACTL0 = 0x122
                0x00000124                __DMACTL1 = 0x124
                0x000001e0                __DMA0CTL = 0x1e0
                0x000001e8                __DMA1CTL = 0x1e8
                0x000001f0                __DMA2CTL = 0x1f0
                0x000001e2                __DMA0SA = 0x1e2
                0x000001e4                __DMA0DA = 0x1e4
                0x000001e6                __DMA0SZ = 0x1e6
                0x000001ea                __DMA1SA = 0x1ea
                0x000001ec                __DMA1DA = 0x1ec
                0x000001ee                __DMA1SZ = 0x1ee
                0x000001f2                __DMA2SA = 0x1f2
                0x000001f4                __DMA2DA = 0x1f4
                0x000001f6                __DMA2SZ = 0x1f6

.hash
 *(.hash)

.dynsym
 *(.dynsym)

.dynstr
 *(.dynstr)

.gnu.version
 *(.gnu.version)

.gnu.version_d
 *(.gnu.version_d)

.gnu.version_r
 *(.gnu.version_r)

.rel.init
 *(.rel.init)

.rela.init
 *(.rela.init)

.rel.fini
 *(.rel.fini)

.rela.fini
 *(.rela.fini)

.rel.text
 *(.rel.text .rel.text.* .rel.gnu.linkonce.t.*)

.rela.text
 *(.rela.text .rela.text.* .rela.gnu.linkonce.t.*)

.rel.rodata
 *(.rel.rodata .rel.rodata.* .rel.gnu.linkonce.r.*)

.rela.rodata
 *(.rela.rodata .rela.rodata.* .rela.gnu.linkonce.r.*)

.rel.data
 *(.rel.data .rel.data.* .rel.gnu.linkonce.d.*)

.rela.data
 *(.rela.data .rela.data.* .rela.gnu.linkonce.d.*)

.rel.bss
 *(.rel.bss .rel.bss.* .rel.gnu.linkonce.b.*)

.rela.bss
 *(.rela.bss .rela.bss.* .rela.gnu.linkonce.b.*)

.rel.ctors
 *(.rel.ctors)

.rela.ctors
 *(.rela.ctors)

.rel.dtors
 *(.rel.dtors)

.rela.dtors
 *(.rela.dtors)

.rel.got
 *(.rel.got)

.rela.got
 *(.rela.got)

.rel.plt
 *(.rel.plt)

.rela.plt
 *(.rela.plt)

.text           0x00004000     0xb614
                0x00004000                . = ALIGN (0x2)
 *(.init .init.*)
 *(.init0)
 .init0         0x00004000        0x0 /usr/local/msp430/bin/../lib/gcc/msp430/4.7.0/mmpy-16/libcrt0.a(_reset_vector__.o)
                0x00004000                _reset_vector__
 *(.init1)
 .init1         0x00004000        0xc /usr/local/msp430/bin/../lib/gcc/msp430/4.7.0/mmpy-16/libcrt0.a(__watchdog_support.o)
                0x00004000                __watchdog_support
 *(.init2)
 .init2         0x0000400c        0x4 /usr/local/msp430/bin/../lib/gcc/msp430/4.7.0/mmpy-16/libcrt0.a(__init_stack.o)
                0x0000400c                __init_stack
 *(.init3)
 .init3         0x00004010        0x0 /usr/local/msp430/bin/../lib/gcc/msp430/4.7.0/mmpy-16/libcrt0.a(__low_level_init.o)
                0x00004010                __low_level_init
 *(.init4)
 .init4         0x00004010       0x18 /usr/local/msp430/bin/../lib/gcc/msp430/4.7.0/mmpy-16/libcrt0.a(_copy_data.o)
                0x00004010                __do_copy_data
 .init4         0x00004028       0x16 /usr/local/msp430/bin/../lib/gcc/msp430/4.7.0/mmpy-16/libcrt0.a(_clear_bss.o)
                0x00004028                __do_clear_bss
 *(.init5)
 *(.init6)
 *(.init7)
 *(.init8)
 *(.init9)
 .init9         0x0000403e      0x35e obj_sky/contiki-sky-main.o
                0x0000403e                main
 *(.fini9)
 .fini9         0x0000439c        0x0 /usr/local/msp430/bin/../lib/gcc/msp430/4.7.0/mmpy-16/libcrt0.a(__stop_progExec__.o)
                0x0000439c                __stop_progExec__
 *(.fini8)
 *(.fini7)
 *(.fini6)
 *(.fini5)
 *(.fini4)
 *(.fini3)
 *(.fini2)
 *(.fini1)
 *(.fini0)
 .fini0         0x0000439c        0x6 /usr/local/msp430/bin/../lib/gcc/msp430/4.7.0/mmpy-16/libcrt0.a(_endless_loop__.o)
                0x0000439c                _endless_loop__
 *(.fini .fini.*)
                0x000043a2                . = ALIGN (0x2)
                0x000043a2                __ctors_start = .
 *(.ctors)
                0x000043a2                __ctors_end = .
                0x000043a2                __dtors_start = .
 *(.dtors)
                0x000043a2                __dtors_end = .
                0x000043a2                . = ALIGN (0x2)
 *(.text .text.* .gnu.linkonce.t.*)
 .text          0x000043a2        0x4 /usr/local/msp430/bin/../lib/gcc/msp430/4.7.0/mmpy-16/crt0ivtbl16.o
                0x000043a2                __isr_14
                0x000043a2                __isr_11
                0x000043a2                __isr_2
                0x000043a2                __isr_7
                0x000043a2                __isr_0
                0x000043a2                __isr_8
                0x000043a2                __isr_3
                0x000043a2                __isr_12
                0x000043a2                __isr_13
                0x000043a2                __isr_9
 .text.process_thread_webserver_nogui_process
                0x000043a6       0x40 border-router.co
 .text.ipaddr_add
                0x000043e6       0xc6 border-router.co
 .text.generate_routes
                0x000044ac      0x290 border-router.co
 .text.httpd_simple_get_script
                0x0000473c        0x6 border-router.co
                0x0000473c                httpd_simple_get_script
 .text.request_prefix
                0x00004742       0x1e border-router.co
                0x00004742                request_prefix
 .text.process_thread_border_router_process
                0x00004760      0x13c border-router.co
 .text.set_prefix_64
                0x0000489c       0x44 border-router.co
                0x0000489c                set_prefix_64
 .text.init     0x000048e0       0x1e obj_sky/slip-bridge.o
 .text.slip_input_callback
                0x000048fe       0xe0 obj_sky/slip-bridge.o
 .text.output   0x000049de       0x48 obj_sky/slip-bridge.o
 .text.putchar  0x00004a26       0x3c obj_sky/slip-bridge.o
                0x00004a26                putchar
 .text.handle_input
                0x00004a62       0xf2 obj_sky/httpd-simple.o
 .text.send_headers
                0x00004b54       0x6a obj_sky/httpd-simple.o
 .text.handle_output
                0x00004bbe       0xf4 obj_sky/httpd-simple.o
 .text.httpd_appcall
                0x00004cb2       0xd0 obj_sky/httpd-simple.o
                0x00004cb2                httpd_appcall
 .text.httpd_init
                0x00004d82       0x12 obj_sky/httpd-simple.o
                0x00004d82                httpd_init
 .text.rimeaddr_copy
                0x00004d94        0x8 contiki-sky.a(rimeaddr.o)
                0x00004d94                rimeaddr_copy
 .text.rimeaddr_cmp
                0x00004d9c       0x12 contiki-sky.a(rimeaddr.o)
                0x00004d9c                rimeaddr_cmp
 .text.rimeaddr_set_node_addr
                0x00004dae        0xc contiki-sky.a(rimeaddr.o)
                0x00004dae                rimeaddr_set_node_addr
 .text.input_packet
                0x00004dba        0x6 contiki-sky.a(csma.o)
 .text.on       0x00004dc0        0x6 contiki-sky.a(csma.o)
 .text.off      0x00004dc6        0x6 contiki-sky.a(csma.o)
 .text.channel_check_interval
                0x00004dcc       0x10 contiki-sky.a(csma.o)
 .text.transmit_packet_list
                0x00004ddc       0x24 contiki-sky.a(csma.o)
 .text.init     0x00004e00       0x1a contiki-sky.a(csma.o)
 .text.send_packet
                0x00004e1a      0x164 contiki-sky.a(csma.o)
 .text.free_packet
                0x00004f7e       0x9c contiki-sky.a(csma.o)
 .text.packet_sent
                0x0000501a      0x132 contiki-sky.a(csma.o)
 .text.duty_cycle
                0x0000514c        0x6 contiki-sky.a(contikimac.o)
 .text.init     0x00005152       0x2e contiki-sky.a(contikimac.o)
 .text.on       0x00005180       0x1a contiki-sky.a(contikimac.o)
 .text.off      0x0000519a       0x22 contiki-sky.a(contikimac.o)
 .text.recv_burst_off
                0x000051bc        0xa contiki-sky.a(contikimac.o)
 .text.turn_off
                0x000051c6       0x20 contiki-sky.a(contikimac.o)
 .text.turn_on  0x000051e6       0x30 contiki-sky.a(contikimac.o)
 .text.schedule_powercycle_fixed.part.4
                0x00005216       0x34 contiki-sky.a(contikimac.o)
 .text.powercycle_turn_radio_off
                0x0000524a       0x30 contiki-sky.a(contikimac.o)
 .text.input_packet
                0x0000527a      0x11a contiki-sky.a(contikimac.o)
 .text.send_packet
                0x00005394      0x2ac contiki-sky.a(contikimac.o)
 .text.qsend_list
                0x00005640       0x82 contiki-sky.a(contikimac.o)
 .text.qsend_packet
                0x000056c2       0x28 contiki-sky.a(contikimac.o)
 .text.powercycle
                0x000056ea      0x1de contiki-sky.a(contikimac.o)
 .text.send_packet
                0x000058c8       0x44 contiki-sky.a(phase.o)
 .text.phase_update
                0x0000590c       0x92 contiki-sky.a(phase.o)
                0x0000590c                phase_update
 .text.phase_wait
                0x0000599e       0xf2 contiki-sky.a(phase.o)
                0x0000599e                phase_wait
 .text.phase_init
                0x00005a90       0x14 contiki-sky.a(phase.o)
                0x00005a90                phase_init
 .text.lollipop_greater_than
                0x00005aa4       0x3c contiki-sky.a(rpl-dag.o)
 .text.find_parent_any_dag_any_instance
                0x00005ae0       0x14 contiki-sky.a(rpl-dag.o)
 .text.rpl_set_preferred_parent
                0x00005af4       0x30 contiki-sky.a(rpl-dag.o)
 .text.set_ip_from_prefix
                0x00005b24       0x38 contiki-sky.a(rpl-dag.o)
 .text.check_prefix
                0x00005b5c       0x80 contiki-sky.a(rpl-dag.o)
 .text.rpl_dag_init
                0x00005bdc        0xe contiki-sky.a(rpl-dag.o)
                0x00005bdc                rpl_dag_init
 .text.rpl_get_parent_ipaddr
                0x00005bea       0x10 contiki-sky.a(rpl-dag.o)
                0x00005bea                rpl_get_parent_ipaddr
 .text.rpl_set_prefix
                0x00005bfa       0x8e contiki-sky.a(rpl-dag.o)
                0x00005bfa                rpl_set_prefix
 .text.rpl_set_default_route
                0x00005c88       0x64 contiki-sky.a(rpl-dag.o)
                0x00005c88                rpl_set_default_route
 .text.rpl_alloc_instance
                0x00005cec       0x2c contiki-sky.a(rpl-dag.o)
                0x00005cec                rpl_alloc_instance
 .text.rpl_add_parent
                0x00005d18       0x3c contiki-sky.a(rpl-dag.o)
                0x00005d18                rpl_add_parent
 .text.rpl_find_parent
                0x00005d54       0x1c contiki-sky.a(rpl-dag.o)
                0x00005d54                rpl_find_parent
 .text.rpl_find_parent_any_dag
                0x00005d70       0x24 contiki-sky.a(rpl-dag.o)
                0x00005d70                rpl_find_parent_any_dag
 .text.rpl_select_parent
                0x00005d94       0x5c contiki-sky.a(rpl-dag.o)
                0x00005d94                rpl_select_parent
 .text.rpl_select_dag
                0x00005df0      0x1ae contiki-sky.a(rpl-dag.o)
                0x00005df0                rpl_select_dag
 .text.rpl_nullify_parent
                0x00005f9e       0x4e contiki-sky.a(rpl-dag.o)
                0x00005f9e                rpl_nullify_parent
 .text.rpl_remove_parent
                0x00005fec       0x16 contiki-sky.a(rpl-dag.o)
                0x00005fec                rpl_remove_parent
 .text.remove_parents.constprop.5
                0x00006002       0x32 contiki-sky.a(rpl-dag.o)
 .text.rpl_free_dag
                0x00006034       0x34 contiki-sky.a(rpl-dag.o)
                0x00006034                rpl_free_dag
 .text.rpl_free_instance
                0x00006068       0x5c contiki-sky.a(rpl-dag.o)
                0x00006068                rpl_free_instance
 .text.rpl_move_parent
                0x000060c4       0x6e contiki-sky.a(rpl-dag.o)
                0x000060c4                rpl_move_parent
 .text.rpl_get_any_dag
                0x00006132       0x16 contiki-sky.a(rpl-dag.o)
                0x00006132                rpl_get_any_dag
 .text.rpl_get_instance
                0x00006148       0x16 contiki-sky.a(rpl-dag.o)
                0x00006148                rpl_get_instance
 .text.get_dag  0x0000615e       0x58 contiki-sky.a(rpl-dag.o)
 .text.rpl_alloc_dag
                0x000061b6       0x66 contiki-sky.a(rpl-dag.o)
                0x000061b6                rpl_alloc_dag
 .text.rpl_set_root
                0x0000621c       0xe8 contiki-sky.a(rpl-dag.o)
                0x0000621c                rpl_set_root
 .text.rpl_repair_root
                0x00006304       0x4c contiki-sky.a(rpl-dag.o)
                0x00006304                rpl_repair_root
 .text.rpl_find_of
                0x00006350       0x10 contiki-sky.a(rpl-dag.o)
                0x00006350                rpl_find_of
 .text.rpl_join_instance
                0x00006360      0x13c contiki-sky.a(rpl-dag.o)
                0x00006360                rpl_join_instance
 .text.rpl_local_repair
                0x0000649c       0x80 contiki-sky.a(rpl-dag.o)
                0x0000649c                rpl_local_repair
 .text.rpl_process_parent_event
                0x0000651c       0x80 contiki-sky.a(rpl-dag.o)
                0x0000651c                rpl_process_parent_event
 .text.rpl_recalculate_ranks
                0x0000659c       0x42 contiki-sky.a(rpl-dag.o)
                0x0000659c                rpl_recalculate_ranks
 .text.rpl_add_dag
                0x000065de      0x112 contiki-sky.a(rpl-dag.o)
                0x000065de                rpl_add_dag
 .text.rpl_process_dio
                0x000066f0      0x274 contiki-sky.a(rpl-dag.o)
                0x000066f0                rpl_process_dio
 .text.get32    0x00006964       0x46 contiki-sky.a(rpl-icmp6.o)
 .text.set32    0x000069aa       0x2a contiki-sky.a(rpl-icmp6.o)
 .text.get16    0x000069d4        0xe contiki-sky.a(rpl-icmp6.o)
 .text.set16    0x000069e2       0x10 contiki-sky.a(rpl-icmp6.o)
 .text.dis_output
                0x000069f2       0x50 contiki-sky.a(rpl-icmp6.o)
                0x000069f2                dis_output
 .text.dio_output
                0x00006a42      0x264 contiki-sky.a(rpl-icmp6.o)
                0x00006a42                dio_output
 .text.dao_output_target
                0x00006ca6       0xdc contiki-sky.a(rpl-icmp6.o)
                0x00006ca6                dao_output_target
 .text.dao_output
                0x00006d82       0x7e contiki-sky.a(rpl-icmp6.o)
                0x00006d82                dao_output
 .text.dao_ack_output
                0x00006e00       0x32 contiki-sky.a(rpl-icmp6.o)
                0x00006e00                dao_ack_output
 .text.uip_rpl_input
                0x00006e32      0x52a contiki-sky.a(rpl-icmp6.o)
                0x00006e32                uip_rpl_input
 .text.new_dio_interval
                0x0000735c       0x92 contiki-sky.a(rpl-timers.o)
 .text.handle_periodic_timer
                0x000073ee       0x2e contiki-sky.a(rpl-timers.o)
 .text.handle_dao_timer
                0x0000741c       0x50 contiki-sky.a(rpl-timers.o)
 .text.handle_dio_timer
                0x0000746c       0x82 contiki-sky.a(rpl-timers.o)
 .text.rpl_reset_periodic_timer
                0x000074ee       0x54 contiki-sky.a(rpl-timers.o)
                0x000074ee                rpl_reset_periodic_timer
 .text.rpl_reset_dio_timer
                0x00007542       0x18 contiki-sky.a(rpl-timers.o)
                0x00007542                rpl_reset_dio_timer
 .text.rpl_schedule_dao
                0x0000755a       0x4e contiki-sky.a(rpl-timers.o)
                0x0000755a                rpl_schedule_dao
 .text.reset    0x000075a8        0x2 contiki-sky.a(rpl-mrhof.o)
 .text.neighbor_link_callback
                0x000075aa       0x86 contiki-sky.a(rpl-mrhof.o)
 .text.calculate_rank
                0x00007630       0x2c contiki-sky.a(rpl-mrhof.o)
 .text.update_metric_container
                0x0000765c        0x6 contiki-sky.a(rpl-mrhof.o)
 .text.best_dag
                0x00007662       0x2e contiki-sky.a(rpl-mrhof.o)
 .text.best_parent
                0x00007690       0x52 contiki-sky.a(rpl-mrhof.o)
 .text.call_process
                0x000076e2       0x46 contiki-sky.a(process.o)
 .text.exit_process
                0x00007728       0x96 contiki-sky.a(process.o)
 .text.do_poll  0x000077be       0x30 contiki-sky.a(process.o)
 .text.process_alloc_event
                0x000077ee        0xe contiki-sky.a(process.o)
                0x000077ee                process_alloc_event
 .text.process_init
                0x000077fc       0x1c contiki-sky.a(process.o)
                0x000077fc                process_init
 .text.process_run
                0x00007818       0xa2 contiki-sky.a(process.o)
                0x00007818                process_run
 .text.process_nevents
                0x000078ba        0xe contiki-sky.a(process.o)
                0x000078ba                process_nevents
 .text.process_post
                0x000078c8       0x54 contiki-sky.a(process.o)
                0x000078c8                process_post
 .text.process_post_synch
                0x0000791c       0x12 contiki-sky.a(process.o)
                0x0000791c                process_post_synch
 .text.process_start
                0x0000792e       0x36 contiki-sky.a(process.o)
                0x0000792e                process_start
 .text.process_poll
                0x00007964       0x18 contiki-sky.a(process.o)
                0x00007964                process_poll
 .text.autostart_start
                0x0000797c       0x16 contiki-sky.a(autostart.o)
                0x0000797c                autostart_start
 .text.compower_accumulate
                0x00007992       0x72 contiki-sky.a(compower.o)
                0x00007992                compower_accumulate
 .text.compower_clear
                0x00007a04       0x12 contiki-sky.a(compower.o)
                0x00007a04                compower_clear
 .text.compower_attrconv
                0x00007a16       0x10 contiki-sky.a(compower.o)
                0x00007a16                compower_attrconv
 .text.memb_init
                0x00007a26       0x36 contiki-sky.a(memb.o)
                0x00007a26                memb_init
 .text.memb_alloc
                0x00007a5c       0x3e contiki-sky.a(memb.o)
                0x00007a5c                memb_alloc
 .text.memb_free
                0x00007a9a       0x3a contiki-sky.a(memb.o)
                0x00007a9a                memb_free
 .text.memb_inmemb
                0x00007ad4       0x2a contiki-sky.a(memb.o)
                0x00007ad4                memb_inmemb
 .text.timer_set
                0x00007afe       0x1c contiki-sky.a(timer.o)
                0x00007afe                timer_set
 .text.timer_reset
                0x00007b1a        0xe contiki-sky.a(timer.o)
                0x00007b1a                timer_reset
 .text.timer_restart
                0x00007b28       0x14 contiki-sky.a(timer.o)
                0x00007b28                timer_restart
 .text.timer_expired
                0x00007b3c       0x2a contiki-sky.a(timer.o)
                0x00007b3c                timer_expired
 .text.list_init
                0x00007b66        0x6 contiki-sky.a(list.o)
                0x00007b66                list_init
 .text.list_head
                0x00007b6c        0x4 contiki-sky.a(list.o)
                0x00007b6c                list_head
 .text.list_tail
                0x00007b70       0x12 contiki-sky.a(list.o)
                0x00007b70                list_tail
 .text.list_remove
                0x00007b82       0x34 contiki-sky.a(list.o)
                0x00007b82                list_remove
 .text.list_push
                0x00007bb6       0x1a contiki-sky.a(list.o)
                0x00007bb6                list_push
 .text.list_add
                0x00007bd0       0x2a contiki-sky.a(list.o)
                0x00007bd0                list_add
 .text.list_length
                0x00007bfa       0x10 contiki-sky.a(list.o)
                0x00007bfa                list_length
 .text.list_item_next
                0x00007c0a        0xc contiki-sky.a(list.o)
                0x00007c0a                list_item_next
 .text.update_time
                0x00007c16       0x78 contiki-sky.a(etimer.o)
 .text.etimer_request_poll
                0x00007c8e        0xa contiki-sky.a(etimer.o)
                0x00007c8e                etimer_request_poll
 .text.process_thread_etimer_process
                0x00007c98       0xcc contiki-sky.a(etimer.o)
 .text.add_timer
                0x00007d64       0x40 contiki-sky.a(etimer.o)
 .text.etimer_set
                0x00007da4       0x12 contiki-sky.a(etimer.o)
                0x00007da4                etimer_set
 .text.etimer_reset
                0x00007db6       0x12 contiki-sky.a(etimer.o)
                0x00007db6                etimer_reset
 .text.etimer_restart
                0x00007dc8       0x12 contiki-sky.a(etimer.o)
                0x00007dc8                etimer_restart
 .text.etimer_expired
                0x00007dda        0xe contiki-sky.a(etimer.o)
                0x00007dda                etimer_expired
 .text.etimer_expiration_time
                0x00007de8       0x14 contiki-sky.a(etimer.o)
                0x00007de8                etimer_expiration_time
 .text.etimer_pending
                0x00007dfc        0xc contiki-sky.a(etimer.o)
                0x00007dfc                etimer_pending
 .text.etimer_next_expiration_time
                0x00007e08       0x16 contiki-sky.a(etimer.o)
                0x00007e08                etimer_next_expiration_time
 .text.etimer_stop
                0x00007e1e       0x3e contiki-sky.a(etimer.o)
                0x00007e1e                etimer_stop
 .text.process_thread_ctimer_process
                0x00007e5c       0xa8 contiki-sky.a(ctimer.o)
 .text.ctimer_init
                0x00007f04       0x18 contiki-sky.a(ctimer.o)
                0x00007f04                ctimer_init
 .text.ctimer_set
                0x00007f1c       0x5a contiki-sky.a(ctimer.o)
                0x00007f1c                ctimer_set
 .text.ctimer_reset
                0x00007f76       0x3a contiki-sky.a(ctimer.o)
                0x00007f76                ctimer_reset
 .text.ctimer_stop
                0x00007fb0       0x28 contiki-sky.a(ctimer.o)
                0x00007fb0                ctimer_stop
 .text.energest_init
                0x00007fd8       0x26 contiki-sky.a(energest.o)
                0x00007fd8                energest_init
 .text.energest_type_time
                0x00007ffe       0x48 contiki-sky.a(energest.o)
                0x00007ffe                energest_type_time
 .text.energest_type_set
                0x00008046        0xe contiki-sky.a(energest.o)
                0x00008046                energest_type_set
 .text.energest_flush
                0x00008054       0x48 contiki-sky.a(energest.o)
                0x00008054                energest_flush
 .text.rtimer_init
                0x0000809c        0x6 contiki-sky.a(rtimer.o)
                0x0000809c                rtimer_init
 .text.rtimer_set
                0x000080a2       0x24 contiki-sky.a(rtimer.o)
                0x000080a2                rtimer_set
 .text.rtimer_run_next
                0x000080c6       0x26 contiki-sky.a(rtimer.o)
                0x000080c6                rtimer_run_next
 .text.stimer_set
                0x000080ec       0x1c contiki-sky.a(stimer.o)
                0x000080ec                stimer_set
 .text.stimer_expired
                0x00008108       0x30 contiki-sky.a(stimer.o)
                0x00008108                stimer_expired
 .text.random_init
                0x00008138        0x6 contiki-sky.a(random.o)
                0x00008138                random_init
 .text.random_rand
                0x0000813e        0x6 contiki-sky.a(random.o)
                0x0000813e                random_rand
 .text.item_from_index
                0x00008144       0x2a contiki-sky.a(nbr-table.o)
 .text.index_from_key
                0x0000816e       0x26 contiki-sky.a(nbr-table.o)
 .text.index_from_item
                0x00008194       0x1e contiki-sky.a(nbr-table.o)
 .text.nbr_set_bit
                0x000081b2       0x58 contiki-sky.a(nbr-table.o)
 .text.index_from_lladdr
                0x0000820a       0x42 contiki-sky.a(nbr-table.o)
 .text.nbr_get_bit.constprop.0
                0x0000824c       0x2e contiki-sky.a(nbr-table.o)
 .text.nbr_table_register
                0x0000827a       0x26 contiki-sky.a(nbr-table.o)
                0x0000827a                nbr_table_register
 .text.nbr_table_next
                0x000082a0       0x54 contiki-sky.a(nbr-table.o)
                0x000082a0                nbr_table_next
 .text.nbr_table_head
                0x000082f4       0x3a contiki-sky.a(nbr-table.o)
                0x000082f4                nbr_table_head
 .text.nbr_table_add_lladdr
                0x0000832e      0x128 contiki-sky.a(nbr-table.o)
                0x0000832e                nbr_table_add_lladdr
 .text.nbr_table_get_from_lladdr
                0x00008456       0x2c contiki-sky.a(nbr-table.o)
                0x00008456                nbr_table_get_from_lladdr
 .text.nbr_table_remove
                0x00008482       0x32 contiki-sky.a(nbr-table.o)
                0x00008482                nbr_table_remove
 .text.nbr_table_lock
                0x000084b4       0x10 contiki-sky.a(nbr-table.o)
                0x000084b4                nbr_table_lock
 .text.nbr_table_unlock
                0x000084c4       0x10 contiki-sky.a(nbr-table.o)
                0x000084c4                nbr_table_unlock
 .text.nbr_table_get_lladdr
                0x000084d4       0x22 contiki-sky.a(nbr-table.o)
                0x000084d4                nbr_table_get_lladdr
 .text.packetbuf_copyto_hdr
                0x000084f6       0x1c contiki-sky.a(packetbuf.o)
                0x000084f6                packetbuf_copyto_hdr
 .text.packetbuf_copyto
                0x00008512       0x52 contiki-sky.a(packetbuf.o)
                0x00008512                packetbuf_copyto
 .text.packetbuf_hdr_remove
                0x00008564        0x6 contiki-sky.a(packetbuf.o)
                0x00008564                packetbuf_hdr_remove
 .text.packetbuf_hdrreduce
                0x0000856a       0x1a contiki-sky.a(packetbuf.o)
                0x0000856a                packetbuf_hdrreduce
 .text.packetbuf_set_datalen
                0x00008584        0x6 contiki-sky.a(packetbuf.o)
                0x00008584                packetbuf_set_datalen
 .text.packetbuf_dataptr
                0x0000858a        0xe contiki-sky.a(packetbuf.o)
                0x0000858a                packetbuf_dataptr
 .text.packetbuf_hdrptr
                0x00008598        0xa contiki-sky.a(packetbuf.o)
                0x00008598                packetbuf_hdrptr
 .text.packetbuf_is_reference
                0x000085a2        0xe contiki-sky.a(packetbuf.o)
                0x000085a2                packetbuf_is_reference
 .text.packetbuf_compact
                0x000085b0       0x48 contiki-sky.a(packetbuf.o)
                0x000085b0                packetbuf_compact
 .text.packetbuf_reference_ptr
                0x000085f8        0x6 contiki-sky.a(packetbuf.o)
                0x000085f8                packetbuf_reference_ptr
 .text.packetbuf_datalen
                0x000085fe        0x6 contiki-sky.a(packetbuf.o)
                0x000085fe                packetbuf_datalen
 .text.packetbuf_totlen
                0x00008604       0x10 contiki-sky.a(packetbuf.o)
                0x00008604                packetbuf_totlen
 .text.packetbuf_hdralloc
                0x00008614       0x2e contiki-sky.a(packetbuf.o)
                0x00008614                packetbuf_hdralloc
 .text.packetbuf_attr_clear
                0x00008642       0x30 contiki-sky.a(packetbuf.o)
                0x00008642                packetbuf_attr_clear
 .text.packetbuf_clear
                0x00008672       0x1a contiki-sky.a(packetbuf.o)
                0x00008672                packetbuf_clear
 .text.packetbuf_copyfrom
                0x0000868c       0x2e contiki-sky.a(packetbuf.o)
                0x0000868c                packetbuf_copyfrom
 .text.packetbuf_attr_copyto
                0x000086ba       0x22 contiki-sky.a(packetbuf.o)
                0x000086ba                packetbuf_attr_copyto
 .text.packetbuf_attr_copyfrom
                0x000086dc       0x24 contiki-sky.a(packetbuf.o)
                0x000086dc                packetbuf_attr_copyfrom
 .text.psock_send
                0x00008700       0xae contiki-sky.a(psock.o)
                0x00008700                psock_send
 .text.psock_datalen
                0x000087ae        0xc contiki-sky.a(psock.o)
                0x000087ae                psock_datalen
 .text.psock_newdata
                0x000087ba       0x26 contiki-sky.a(psock.o)
                0x000087ba                psock_newdata
 .text.psock_readto
                0x000087e0       0xbc contiki-sky.a(psock.o)
                0x000087e0                psock_readto
 .text.psock_init
                0x0000889c       0x22 contiki-sky.a(psock.o)
                0x0000889c                psock_init
 .text.queuebuf_init
                0x000088be       0x1a contiki-sky.a(queuebuf.o)
                0x000088be                queuebuf_init
 .text.queuebuf_new_from_packetbuf
                0x000088d8       0x7e contiki-sky.a(queuebuf.o)
                0x000088d8                queuebuf_new_from_packetbuf
 .text.queuebuf_update_attr_from_packetbuf
                0x00008956       0x12 contiki-sky.a(queuebuf.o)
                0x00008956                queuebuf_update_attr_from_packetbuf
 .text.queuebuf_free
                0x00008968       0x40 contiki-sky.a(queuebuf.o)
                0x00008968                queuebuf_free
 .text.queuebuf_to_packetbuf
                0x000089a8       0x6e contiki-sky.a(queuebuf.o)
                0x000089a8                queuebuf_to_packetbuf
 .text.queuebuf_attr
                0x00008a16        0xe contiki-sky.a(queuebuf.o)
                0x00008a16                queuebuf_attr
 .text.set_packet_attrs
                0x00008a24       0x46 contiki-sky.a(sicslowpan.o)
 .text.addr_context_lookup_by_number
                0x00008a6a       0x32 contiki-sky.a(sicslowpan.o)
 .text.compress_addr_64
                0x00008a9c       0xae contiki-sky.a(sicslowpan.o)
 .text.uncompress_addr
                0x00008b4a       0xb4 contiki-sky.a(sicslowpan.o)
 .text.input    0x00008bfe      0x624 contiki-sky.a(sicslowpan.o)
 .text.sicslowpan_init
                0x00009222       0x26 contiki-sky.a(sicslowpan.o)
                0x00009222                sicslowpan_init
 .text.addr_context_lookup_by_prefix
                0x00009248       0x4c contiki-sky.a(sicslowpan.o)
 .text.packet_sent
                0x00009294       0x22 contiki-sky.a(sicslowpan.o)
 .text.send_packet
                0x000092b6       0x1a contiki-sky.a(sicslowpan.o)
 .text.output   0x000092d0      0x6ee contiki-sky.a(sicslowpan.o)
 .text.start_periodic_tcp_timer
                0x000099be       0x16 contiki-sky.a(tcpip.o)
 .text.tcpip_output
                0x000099d4       0x10 contiki-sky.a(tcpip.o)
                0x000099d4                tcpip_output
 .text.tcpip_set_outputfunc
                0x000099e4        0x6 contiki-sky.a(tcpip.o)
                0x000099e4                tcpip_set_outputfunc
 .text.tcp_listen
                0x000099ea       0x3a contiki-sky.a(tcpip.o)
                0x000099ea                tcp_listen
 .text.tcp_attach
                0x00009a24        0xc contiki-sky.a(tcpip.o)
                0x00009a24                tcp_attach
 .text.tcpip_input
                0x00009a30       0x16 contiki-sky.a(tcpip.o)
                0x00009a30                tcpip_input
 .text.tcpip_ipv6_output
                0x00009a46      0x168 contiki-sky.a(tcpip.o)
                0x00009a46                tcpip_ipv6_output
 .text.process_thread_tcpip_process
                0x00009bae      0x1d8 contiki-sky.a(tcpip.o)
 .text.tcpip_uipcall
                0x00009d86       0x70 contiki-sky.a(tcpip.o)
                0x00009d86                tcpip_uipcall
 .text.uip_debug_ipaddr_print
                0x00009df6       0x7e contiki-sky.a(uip-debug.o)
                0x00009df6                uip_debug_ipaddr_print
 .text.call_route_callback
                0x00009e74       0x4c contiki-sky.a(uip-ds6-route.o)
 .text.uip_ds6_route_init
                0x00009ec0       0x2e contiki-sky.a(uip-ds6-route.o)
                0x00009ec0                uip_ds6_route_init
 .text.uip_ds6_route_nexthop
                0x00009eee       0x1a contiki-sky.a(uip-ds6-route.o)
                0x00009eee                uip_ds6_route_nexthop
 .text.uip_ds6_route_head
                0x00009f08       0x28 contiki-sky.a(uip-ds6-route.o)
                0x00009f08                uip_ds6_route_head
 .text.uip_ds6_route_next
                0x00009f30       0x30 contiki-sky.a(uip-ds6-route.o)
                0x00009f30                uip_ds6_route_next
 .text.uip_ds6_route_lookup
                0x00009f60       0x5e contiki-sky.a(uip-ds6-route.o)
                0x00009f60                uip_ds6_route_lookup
 .text.uip_ds6_route_add
                0x00009fbe       0xb4 contiki-sky.a(uip-ds6-route.o)
                0x00009fbe                uip_ds6_route_add
 .text.uip_ds6_route_rm
                0x0000a072       0x60 contiki-sky.a(uip-ds6-route.o)
                0x0000a072                uip_ds6_route_rm
 .text.rm_routelist
                0x0000a0d2       0x30 contiki-sky.a(uip-ds6-route.o)
 .text.rm_routelist_callback
                0x0000a102        0x6 contiki-sky.a(uip-ds6-route.o)
 .text.uip_ds6_defrt_rm
                0x0000a108       0x48 contiki-sky.a(uip-ds6-route.o)
                0x0000a108                uip_ds6_defrt_rm
 .text.uip_ds6_defrt_lookup
                0x0000a150       0x36 contiki-sky.a(uip-ds6-route.o)
                0x0000a150                uip_ds6_defrt_lookup
 .text.uip_ds6_defrt_add
                0x0000a186       0x74 contiki-sky.a(uip-ds6-route.o)
                0x0000a186                uip_ds6_defrt_add
 .text.uip_ds6_defrt_choose
                0x0000a1fa       0x3a contiki-sky.a(uip-ds6-route.o)
                0x0000a1fa                uip_ds6_defrt_choose
 .text.uip_ds6_defrt_periodic
                0x0000a234       0x38 contiki-sky.a(uip-ds6-route.o)
                0x0000a234                uip_ds6_defrt_periodic
 .text.uip_ds6_nbr_rm
                0x0000a26c       0x1a contiki-sky.a(uip-ds6-nbr.o)
                0x0000a26c                uip_ds6_nbr_rm
 .text.uip_ds6_neighbors_init
                0x0000a286        0xe contiki-sky.a(uip-ds6-nbr.o)
                0x0000a286                uip_ds6_neighbors_init
 .text.uip_ds6_nbr_add
                0x0000a294       0x60 contiki-sky.a(uip-ds6-nbr.o)
                0x0000a294                uip_ds6_nbr_add
 .text.uip_ds6_nbr_get_ll
                0x0000a2f4        0xc contiki-sky.a(uip-ds6-nbr.o)
                0x0000a2f4                uip_ds6_nbr_get_ll
 .text.uip_ds6_nbr_lookup
                0x0000a300       0x42 contiki-sky.a(uip-ds6-nbr.o)
                0x0000a300                uip_ds6_nbr_lookup
 .text.uip_ds6_nbr_ll_lookup
                0x0000a342        0xc contiki-sky.a(uip-ds6-nbr.o)
                0x0000a342                uip_ds6_nbr_ll_lookup
 .text.uip_ds6_nbr_ipaddr_from_lladdr
                0x0000a34e        0x6 contiki-sky.a(uip-ds6-nbr.o)
                0x0000a34e                uip_ds6_nbr_ipaddr_from_lladdr
 .text.uip_ds6_nbr_lladdr_from_ipaddr
                0x0000a354       0x12 contiki-sky.a(uip-ds6-nbr.o)
                0x0000a354                uip_ds6_nbr_lladdr_from_ipaddr
 .text.uip_ds6_link_neighbor_callback
                0x0000a366       0x2a contiki-sky.a(uip-ds6-nbr.o)
                0x0000a366                uip_ds6_link_neighbor_callback
 .text.uip_ds6_neighbor_periodic
                0x0000a390       0xfe contiki-sky.a(uip-ds6-nbr.o)
                0x0000a390                uip_ds6_neighbor_periodic
 .text.uip_ds6_list_loop
                0x0000a48e       0x86 contiki-sky.a(uip-ds6.o)
                0x0000a48e                uip_ds6_list_loop
 .text.uip_ds6_prefix_add
                0x0000a514       0x80 contiki-sky.a(uip-ds6.o)
                0x0000a514                uip_ds6_prefix_add
 .text.uip_ds6_is_addr_onlink
                0x0000a594       0x54 contiki-sky.a(uip-ds6.o)
                0x0000a594                uip_ds6_is_addr_onlink
 .text.uip_ds6_addr_lookup
                0x0000a5e8       0x2a contiki-sky.a(uip-ds6.o)
                0x0000a5e8                uip_ds6_addr_lookup
 .text.uip_ds6_get_link_local
                0x0000a612       0x3e contiki-sky.a(uip-ds6.o)
                0x0000a612                uip_ds6_get_link_local
 .text.uip_ds6_maddr_add
                0x0000a650       0x4c contiki-sky.a(uip-ds6.o)
                0x0000a650                uip_ds6_maddr_add
 .text.uip_ds6_addr_add
                0x0000a69c       0xc4 contiki-sky.a(uip-ds6.o)
                0x0000a69c                uip_ds6_addr_add
 .text.uip_ds6_maddr_rm
                0x0000a760        0xa contiki-sky.a(uip-ds6.o)
                0x0000a760                uip_ds6_maddr_rm
 .text.uip_ds6_maddr_lookup
                0x0000a76a       0x2a contiki-sky.a(uip-ds6.o)
                0x0000a76a                uip_ds6_maddr_lookup
 .text.uip_ds6_addr_rm
                0x0000a794       0x54 contiki-sky.a(uip-ds6.o)
                0x0000a794                uip_ds6_addr_rm
 .text.uip_ds6_periodic
                0x0000a7e8       0x4a contiki-sky.a(uip-ds6.o)
                0x0000a7e8                uip_ds6_periodic
 .text.uip_ds6_set_addr_iid
                0x0000a832       0x14 contiki-sky.a(uip-ds6.o)
                0x0000a832                uip_ds6_set_addr_iid
 .text.get_match_length
                0x0000a846       0x44 contiki-sky.a(uip-ds6.o)
                0x0000a846                get_match_length
 .text.uip_ds6_select_src
                0x0000a88a       0xaa contiki-sky.a(uip-ds6.o)
                0x0000a88a                uip_ds6_select_src
 .text.uip_ds6_compute_reachable_time
                0x0000a934       0x3e contiki-sky.a(uip-ds6.o)
                0x0000a934                uip_ds6_compute_reachable_time
 .text.uip_ds6_init
                0x0000a972      0x154 contiki-sky.a(uip-ds6.o)
                0x0000a972                uip_ds6_init
 .text.uip_icmp6_echo_request_input
                0x0000aac6      0x12c contiki-sky.a(uip-icmp6.o)
                0x0000aac6                uip_icmp6_echo_request_input
 .text.uip_icmp6_error_output
                0x0000abf2      0x17e contiki-sky.a(uip-icmp6.o)
                0x0000abf2                uip_icmp6_error_output
 .text.uip_icmp6_send
                0x0000ad70       0x94 contiki-sky.a(uip-icmp6.o)
                0x0000ad70                uip_icmp6_send
 .text.uip_nd6_ns_input
                0x0000ae04      0x24e contiki-sky.a(uip-nd6.o)
                0x0000ae04                uip_nd6_ns_input
 .text.uip_nd6_ns_output
                0x0000b052      0x17a contiki-sky.a(uip-nd6.o)
                0x0000b052                uip_nd6_ns_output
 .text.uip_nd6_na_input
                0x0000b1cc      0x1bc contiki-sky.a(uip-nd6.o)
                0x0000b1cc                uip_nd6_na_input
 .text.chksum   0x0000b388       0x32 contiki-sky.a(uip6.o)
 .text.upper_layer_chksum
                0x0000b3ba       0x56 contiki-sky.a(uip6.o)
 .text.ext_hdr_options_process
                0x0000b410       0xd0 contiki-sky.a(uip6.o)
 .text.uip_add32
                0x0000b4e0       0x68 contiki-sky.a(uip6.o)
                0x0000b4e0                uip_add32
 .text.uip_add_rcv_nxt
                0x0000b548       0x2e contiki-sky.a(uip6.o)
 .text.uip_icmp6chksum
                0x0000b576        0xa contiki-sky.a(uip6.o)
                0x0000b576                uip_icmp6chksum
 .text.uip_tcpchksum
                0x0000b580        0xa contiki-sky.a(uip6.o)
                0x0000b580                uip_tcpchksum
 .text.uip_udpchksum
                0x0000b58a        0xa contiki-sky.a(uip6.o)
                0x0000b58a                uip_udpchksum
 .text.uip_init
                0x0000b594       0x72 contiki-sky.a(uip6.o)
                0x0000b594                uip_init
 .text.remove_ext_hdr
                0x0000b606       0x58 contiki-sky.a(uip6.o)
                0x0000b606                remove_ext_hdr
 .text.uip_unlisten
                0x0000b65e       0x2a contiki-sky.a(uip6.o)
                0x0000b65e                uip_unlisten
 .text.uip_listen
                0x0000b688       0x2c contiki-sky.a(uip6.o)
                0x0000b688                uip_listen
 .text.uip_process
                0x0000b6b4      0xeb2 contiki-sky.a(uip6.o)
                0x0000b6b4                uip_process
 .text.uip_htonl
                0x0000c566       0x2e contiki-sky.a(uip6.o)
                0x0000c566                uip_htonl
 .text.uip_send
                0x0000c594       0x2c contiki-sky.a(uip6.o)
                0x0000c594                uip_send
 .text.init_platform
                0x0000c5c0        0xc contiki-sky.a(contiki-sky-pla)
                0x0000c5c0                init_platform
 .text.status   0x0000c5cc       0x18 contiki-sky.a(button-sensor.o)
 .text.value    0x0000c5e4       0x20 contiki-sky.a(button-sensor.o)
 .text.configure
                0x0000c604       0x4c contiki-sky.a(button-sensor.o)
 .text.irq_p2   0x0000c650       0x88 contiki-sky.a(button-sensor.o)
                0x0000c650                irq_p2
                0x0000c650                __isr_1
 .text.owreadb  0x0000c6d8       0x50 contiki-sky.a(ds2411.o)
 .text.ds2411_init
                0x0000c728      0x120 contiki-sky.a(ds2411.o)
                0x0000c728                ds2411_init
 .text.wait_ready
                0x0000c848       0x4a contiki-sky.a(xmem.o)
 .text.xmem_init
                0x0000c892       0x3c contiki-sky.a(xmem.o)
                0x0000c892                xmem_init
 .text.xmem_pread
                0x0000c8ce       0xe0 contiki-sky.a(xmem.o)
                0x0000c8ce                xmem_pread
 .text.node_id_restore
                0x0000c9ae       0x38 contiki-sky.a(node-id.o)
                0x0000c9ae                node_id_restore
 .text.process_thread_sensors_process
                0x0000c9e6       0xc2 contiki-sky.a(sensors.o)
 .text.sensors_changed
                0x0000caa8       0x2a contiki-sky.a(sensors.o)
                0x0000caa8                sensors_changed
 .text.strobe   0x0000cad2       0x1c contiki-sky.a(cc2420.o)
 .text.status   0x0000caee       0x22 contiki-sky.a(cc2420.o)
 .text.getreg   0x0000cb10       0x4c contiki-sky.a(cc2420.o)
 .text.setreg   0x0000cb5c       0x4c contiki-sky.a(cc2420.o)
 .text.set_txpower
                0x0000cba8       0x24 contiki-sky.a(cc2420.o)
 .text.cc2420_receiving_packet
                0x0000cbcc        0xc contiki-sky.a(cc2420.o)
 .text.pending_packet
                0x0000cbd8        0x8 contiki-sky.a(cc2420.o)
 .text.on       0x0000cbe0       0x44 contiki-sky.a(cc2420.o)
 .text.flushrx  0x0000cc24       0x6c contiki-sky.a(cc2420.o)
 .text.off      0x0000cc90       0x72 contiki-sky.a(cc2420.o)
 .text.RELEASE_LOCK
                0x0000cd02       0x28 contiki-sky.a(cc2420.o)
 .text.cc2420_prepare
                0x0000cd2a       0x82 contiki-sky.a(cc2420.o)
 .text.getrxdata
                0x0000cdac       0x50 contiki-sky.a(cc2420.o)
 .text.cc2420_on
                0x0000cdfc       0x22 contiki-sky.a(cc2420.o)
                0x0000cdfc                cc2420_on
 .text.cc2420_off
                0x0000ce1e       0x30 contiki-sky.a(cc2420.o)
                0x0000ce1e                cc2420_off
 .text.cc2420_cca
                0x0000ce4e       0x82 contiki-sky.a(cc2420.o)
 .text.cc2420_read
                0x0000ced0       0xda contiki-sky.a(cc2420.o)
 .text.process_thread_cc2420_process
                0x0000cfaa       0x54 contiki-sky.a(cc2420.o)
 .text.cc2420_set_channel
                0x0000cffe       0x80 contiki-sky.a(cc2420.o)
                0x0000cffe                cc2420_set_channel
 .text.cc2420_set_pan_addr
                0x0000d07e      0x13e contiki-sky.a(cc2420.o)
                0x0000d07e                cc2420_set_pan_addr
 .text.cc2420_interrupt
                0x0000d1bc       0x1e contiki-sky.a(cc2420.o)
                0x0000d1bc                cc2420_interrupt
 .text.cc2420_get_txpower
                0x0000d1da       0x1e contiki-sky.a(cc2420.o)
                0x0000d1da                cc2420_get_txpower
 .text.cc2420_transmit
                0x0000d1f8      0x1a6 contiki-sky.a(cc2420.o)
 .text.cc2420_send
                0x0000d39e       0x12 contiki-sky.a(cc2420.o)
 .text.cc2420_set_cca_threshold
                0x0000d3b0       0x16 contiki-sky.a(cc2420.o)
                0x0000d3b0                cc2420_set_cca_threshold
 .text.cc2420_init
                0x0000d3c6       0xd2 contiki-sky.a(cc2420.o)
                0x0000d3c6                cc2420_init
 .text.cc2420_port1_interrupt
                0x0000d498       0x62 contiki-sky.a(cc2420-arch.o)
                0x0000d498                __isr_4
                0x0000d498                cc2420_port1_interrupt
 .text.cc2420_arch_init
                0x0000d4fa       0x1a contiki-sky.a(cc2420-arch.o)
                0x0000d4fa                cc2420_arch_init
 .text.handle_rxdma_timer
                0x0000d514       0x3a contiki-sky.a(uart1.o)
 .text.uart1_active
                0x0000d54e       0x18 contiki-sky.a(uart1.o)
                0x0000d54e                uart1_active
 .text.uart1_set_input
                0x0000d566       0x20 contiki-sky.a(uart1.o)
                0x0000d566                uart1_set_input
 .text.uart1_writeb
                0x0000d586       0x18 contiki-sky.a(uart1.o)
                0x0000d586                uart1_writeb
 .text.uart1_init
                0x0000d59e       0xf4 contiki-sky.a(uart1.o)
                0x0000d59e                uart1_init
 .text.slip_arch_writeb
                0x0000d692        0x6 contiki-sky.a(slip_uart1.o)
                0x0000d692                slip_arch_writeb
 .text.slip_arch_init
                0x0000d698        0xa contiki-sky.a(slip_uart1.o)
                0x0000d698                slip_arch_init
 .text.process_thread_slip_process
                0x0000d6a2      0x162 contiki-sky.a(slip.o)
 .text.slip_set_input_callback
                0x0000d804        0x6 contiki-sky.a(slip.o)
                0x0000d804                slip_set_input_callback
 .text.slip_send
                0x0000d80a       0x5e contiki-sky.a(slip.o)
                0x0000d80a                slip_send
 .text.slip_input_byte
                0x0000d868       0xbc contiki-sky.a(slip.o)
                0x0000d868                slip_input_byte
 .text.msp430_init_dco
                0x0000d924       0x82 contiki-sky.a(msp430.o)
                0x0000d924                msp430_init_dco
 .text.msp430_add_lpm_req
                0x0000d9a6        0xc contiki-sky.a(msp430.o)
                0x0000d9a6                msp430_add_lpm_req
 .text.msp430_cpu_init
                0x0000d9b2       0x2a contiki-sky.a(msp430.o)
                0x0000d9b2                msp430_cpu_init
 .text.splhigh_
                0x0000d9dc        0x8 contiki-sky.a(msp430.o)
                0x0000d9dc                splhigh_
 .text.msp430_sync_dco
                0x0000d9e4       0x6c contiki-sky.a(msp430.o)
                0x0000d9e4                msp430_sync_dco
 .text.timera1  0x0000da50       0xfe contiki-sky.a(clock.o)
                0x0000da50                __isr_5
                0x0000da50                timera1
 .text.clock_time
                0x0000db4e       0x1a contiki-sky.a(clock.o)
                0x0000db4e                clock_time
 .text.clock_init
                0x0000db68       0x28 contiki-sky.a(clock.o)
                0x0000db68                clock_init
 .text.clock_delay
                0x0000db90        0xc contiki-sky.a(clock.o)
                0x0000db90                clock_delay
 .text.clock_seconds
                0x0000db9c       0x1a contiki-sky.a(clock.o)
                0x0000db9c                clock_seconds
 .text.show_leds
                0x0000dbb6      0x100 contiki-sky.a(leds.o)
 .text.leds_init
                0x0000dcb6        0xe contiki-sky.a(leds.o)
                0x0000dcb6                leds_init
 .text.leds_on  0x0000dcc4       0x14 contiki-sky.a(leds.o)
                0x0000dcc4                leds_on
 .text.leds_off
                0x0000dcd8       0x14 contiki-sky.a(leds.o)
                0x0000dcd8                leds_off
 .text.leds_arch_init
                0x0000dcec        0xe contiki-sky.a(leds-arch.o)
                0x0000dcec                leds_arch_init
 .text.leds_arch_set
                0x0000dcfa       0x38 contiki-sky.a(leds-arch.o)
                0x0000dcfa                leds_arch_set
 .text.watchdog_interrupt
                0x0000dd32        0x6 contiki-sky.a(watchdog.o)
                0x0000dd32                __isr_10
                0x0000dd32                watchdog_interrupt
 .text.watchdog_start
                0x0000dd38       0x14 contiki-sky.a(watchdog.o)
                0x0000dd38                watchdog_start
 .text.watchdog_periodic
                0x0000dd4c       0x12 contiki-sky.a(watchdog.o)
                0x0000dd4c                watchdog_periodic
 .text.watchdog_stop
                0x0000dd5e       0x16 contiki-sky.a(watchdog.o)
                0x0000dd5e                watchdog_stop
 .text.watchdog_init
                0x0000dd74       0x12 contiki-sky.a(watchdog.o)
                0x0000dd74                watchdog_init
 .text.rtimer_arch_init
                0x0000dd86        0xe contiki-sky.a(rtimer-arch.o)
                0x0000dd86                rtimer_arch_init
 .text.rtimer_arch_now
                0x0000dd94        0xe contiki-sky.a(rtimer-arch.o)
                0x0000dd94                rtimer_arch_now
 .text.timera0  0x0000dda2       0x70 contiki-sky.a(rtimer-arch.o)
                0x0000dda2                __isr_6
                0x0000dda2                timera0
 .text.rtimer_arch_schedule
                0x0000de12        0x6 contiki-sky.a(rtimer-arch.o)
                0x0000de12                rtimer_arch_schedule
 .text.mac_call_sent_callback
                0x0000de18       0x14 contiki-sky.a(mac.o)
                0x0000de18                mac_call_sent_callback
 .text.create   0x0000de2c      0x10a contiki-sky.a(framer-802154.o)
 .text.parse    0x0000df36       0xac contiki-sky.a(framer-802154.o)
 .text.rpl_purge_routes
                0x0000dfe2       0x96 contiki-sky.a(rpl.o)
                0x0000dfe2                rpl_purge_routes
 .text.rpl_remove_routes
                0x0000e078       0x22 contiki-sky.a(rpl.o)
                0x0000e078                rpl_remove_routes
 .text.rpl_remove_routes_by_nexthop
                0x0000e09a       0x46 contiki-sky.a(rpl.o)
                0x0000e09a                rpl_remove_routes_by_nexthop
 .text.rpl_add_route
                0x0000e0e0       0x48 contiki-sky.a(rpl.o)
                0x0000e0e0                rpl_add_route
 .text.rpl_link_neighbor_callback
                0x0000e128       0x6a contiki-sky.a(rpl.o)
                0x0000e128                rpl_link_neighbor_callback
 .text.rpl_ipv6_neighbor_callback
                0x0000e192       0x1e contiki-sky.a(rpl.o)
                0x0000e192                rpl_ipv6_neighbor_callback
 .text.rpl_init
                0x0000e1b0       0x40 contiki-sky.a(rpl.o)
                0x0000e1b0                rpl_init
 .text.rpl_verify_header
                0x0000e1f0       0xb4 contiki-sky.a(rpl-ext-header.)
                0x0000e1f0                rpl_verify_header
 .text.rpl_update_header_empty
                0x0000e2a4       0xf8 contiki-sky.a(rpl-ext-header.)
                0x0000e2a4                rpl_update_header_empty
 .text.rpl_update_header_final
                0x0000e39c       0x88 contiki-sky.a(rpl-ext-header.)
                0x0000e39c                rpl_update_header_final
 .text.rpl_invert_header
                0x0000e424       0x4e contiki-sky.a(rpl-ext-header.)
                0x0000e424                rpl_invert_header
 .text.rpl_insert_header
                0x0000e472       0x1c contiki-sky.a(rpl-ext-header.)
                0x0000e472                rpl_insert_header
 .text.spi_init
                0x0000e48e       0x30 contiki-sky.a(spi.o)
                0x0000e48e                spi_init
 .text.field_len
                0x0000e4be       0x90 contiki-sky.a(frame802154.o)
 .text.frame802154_hdrlen
                0x0000e54e       0x2e contiki-sky.a(frame802154.o)
                0x0000e54e                frame802154_hdrlen
 .text.frame802154_create
                0x0000e57c      0x172 contiki-sky.a(frame802154.o)
                0x0000e57c                frame802154_create
 .text.frame802154_parse
                0x0000e6ee      0x1c4 contiki-sky.a(frame802154.o)
                0x0000e6ee                frame802154_parse
 .text.libgcc   0x0000e8b2       0x2c /usr/local/msp430/bin/../lib/gcc/msp430/4.7.0/mmpy-16/libgcc.a(_mulsi3.o)
                0x0000e8b2                __mulsi3
 .text.libgcc   0x0000e8de       0x22 /usr/local/msp430/bin/../lib/gcc/msp430/4.7.0/mmpy-16/libgcc.a(_udivmod16.o)
                0x0000e8de                __udivhi3
                0x0000e8de                __ext_udivmod16
                0x0000e8f8                __umodhi3
 .text.libgcc   0x0000e900       0x3a /usr/local/msp430/bin/../lib/gcc/msp430/4.7.0/mmpy-16/libgcc.a(_divmod16.o)
                0x0000e900                __ext_divmod16
                0x0000e900                __divhi3
                0x0000e932                __modhi3
 .text.libgcc   0x0000e93a       0x40 /usr/local/msp430/bin/../lib/gcc/msp430/4.7.0/mmpy-16/libgcc.a(_udivmod32.o)
                0x0000e93a                __udivsi3
                0x0000e93a                __ext_udivmod32
                0x0000e970                __umodsi3
 .text.printf   0x0000e97a       0x10 /usr/local/msp430/bin/../lib/gcc/msp430/4.7.0/../../../../msp430/lib/mmpy-16/libc.a(printf.o)
                0x0000e97a                printf
 .text.append   0x0000e98a       0x22 /usr/local/msp430/bin/../lib/gcc/msp430/4.7.0/../../../../msp430/lib/mmpy-16/libc.a(sprintf.o)
 .text.call_vuprintf
                0x0000e9ac       0x3a /usr/local/msp430/bin/../lib/gcc/msp430/4.7.0/../../../../msp430/lib/mmpy-16/libc.a(sprintf.o)
 .text.snprintf
                0x0000e9e6       0x1a /usr/local/msp430/bin/../lib/gcc/msp430/4.7.0/../../../../msp430/lib/mmpy-16/libc.a(sprintf.o)
                0x0000e9e6                snprintf
 .text.print_field
                0x0000ea00      0x194 /usr/local/msp430/bin/../lib/gcc/msp430/4.7.0/../../../../msp430/lib/mmpy-16/libc.a(vuprintf.o)
 .text.vuprintf
                0x0000eb94      0x63c /usr/local/msp430/bin/../lib/gcc/msp430/4.7.0/../../../../msp430/lib/mmpy-16/libc.a(vuprintf.o)
                0x0000eb94                vuprintf
 .text.puts     0x0000f1d0       0x2c /usr/local/msp430/bin/../lib/gcc/msp430/4.7.0/../../../../msp430/lib/mmpy-16/libc.a(puts.o)
                0x0000f1d0                puts
 .text.rand     0x0000f1fc       0x26 /usr/local/msp430/bin/../lib/gcc/msp430/4.7.0/../../../../msp430/lib/mmpy-16/libc.a(rand.o)
                0x0000f1fc                rand
 .text.srand    0x0000f222        0xa /usr/local/msp430/bin/../lib/gcc/msp430/4.7.0/../../../../msp430/lib/mmpy-16/libc.a(rand.o)
                0x0000f222                srand
 .text.strncmp  0x0000f22c       0x2a /usr/local/msp430/bin/../lib/gcc/msp430/4.7.0/../../../../msp430/lib/mmpy-16/libc.a(strncmp.o)
                0x0000f22c                strncmp
 .text.memcmp   0x0000f256       0x30 /usr/local/msp430/bin/../lib/gcc/msp430/4.7.0/../../../../msp430/lib/mmpy-16/libc.a(memcmp.o)
                0x0000f256                memcmp
 .text.strcpy   0x0000f286       0x14 /usr/local/msp430/bin/../lib/gcc/msp430/4.7.0/../../../../msp430/lib/mmpy-16/libc.a(strcpy.o)
                0x0000f286                strcpy
 .text.strncpy  0x0000f29a       0x2a /usr/local/msp430/bin/../lib/gcc/msp430/4.7.0/../../../../msp430/lib/mmpy-16/libc.a(strncpy.o)
                0x0000f29a                strncpy
 .text.memcpy   0x0000f2c4       0xfa /usr/local/msp430/bin/../lib/gcc/msp430/4.7.0/../../../../msp430/lib/mmpy-16/libc.a(memcpy.o)
                0x0000f2c4                memcpy
 .text.memmove  0x0000f3be       0xfa /usr/local/msp430/bin/../lib/gcc/msp430/4.7.0/../../../../msp430/lib/mmpy-16/libc.a(memmove.o)
                0x0000f3be                memmove
 .text.memset   0x0000f4b8       0x6a /usr/local/msp430/bin/../lib/gcc/msp430/4.7.0/../../../../msp430/lib/mmpy-16/libc.a(memset.o)
                0x0000f4b8                memset
 .text.libgcc   0x0000f522       0xf0 /usr/local/msp430/bin/../lib/gcc/msp430/4.7.0/mmpy-16/libgcc.a(_udivmod64.o)
                0x0000f522                __xabi_udivmod64
                0x0000f580                __udivdi3
                0x0000f5a6                __umoddi3
                0x0000f5d4                __udivmoddi4
 .text.crt0     0x0000f612        0x2 /usr/local/msp430/bin/../lib/gcc/msp430/4.7.0/mmpy-16/libcrt0.a(_unexpected_.o)
                0x0000f612                _unexpected_
 *(.near.text .near.text.*)

.rodata         0x0000f614      0x4fd
                0x0000f614                . = ALIGN (0x2)
 *(.rodata .rodata.* .gnu.linkonce.r.*)
 .rodata        0x0000f614       0xc8 border-router.co
                0x0000f6b4                autostart_processes
 .rodata        0x0000f6dc       0xa6 obj_sky/slip-bridge.o
                0x0000f77e                rpl_interface
 .rodata        0x0000f782      0x139 obj_sky/httpd-simple.o
                0x0000f7db                http_index_html
                0x0000f7e7                http_get
                0x0000f7ec                http_header_404
                0x0000f849                http_header_200
                0x0000f89f                http_content_type_html
 .rodata        0x0000f8bb      0x12a obj_sky/contiki-sky-main.o
 *fill*         0x0000f9e5        0x1 00
 .rodata        0x0000f9e6        0x8 contiki-sky.a(rimeaddr.o)
                0x0000f9e6                rimeaddr_null
 .rodata        0x0000f9ee       0x14 contiki-sky.a(csma.o)
                0x0000f9f4                csma_driver
 .rodata        0x0000fa02       0x1c contiki-sky.a(contikimac.o)
                0x0000fa0e                contikimac_driver
 .rodata        0x0000fa1e        0xc contiki-sky.a(etimer.o)
 .rodata        0x0000fa2a        0xf contiki-sky.a(ctimer.o)
 *fill*         0x0000fa39        0x1 00
 .rodata        0x0000fa3a       0x24 contiki-sky.a(sicslowpan.o)
                0x0000fa46                sicslowpan_driver
                0x0000fa4c                llprefix
                0x0000fa4e                unc_mxconf
                0x0000fa52                unc_ctxconf
                0x0000fa56                unc_llconf
 .rodata        0x0000fa5e        0xd contiki-sky.a(tcpip.o)
 .rodata        0x0000fa6b       0x1a contiki-sky.a(uip-debug.o)
 *fill*         0x0000fa85        0x3 00
 .rodata.uip_process
                0x0000fa88       0x20 contiki-sky.a(uip6.o)
 .rodata        0x0000faa8       0x10 contiki-sky.a(button-sensor.o)
                0x0000fab0                button_sensor
 .rodata        0x0000fab8        0x8 contiki-sky.a(sensors.o)
 .rodata        0x0000fac0       0x22 contiki-sky.a(cc2420.o)
                0x0000fac0                cc2420_driver
 .rodata        0x0000fae2       0x21 contiki-sky.a(slip.o)
 *fill*         0x0000fb03        0x1 00
 .rodata        0x0000fb04        0x4 contiki-sky.a(framer-802154.o)
                0x0000fb04                framer_802154
 .rodata        0x0000fb08        0x2 contiki-sky.a(frame802154.o)
 .rodata.vuprintf
                0x0000fb0a        0x7 /usr/local/msp430/bin/../lib/gcc/msp430/4.7.0/../../../../msp430/lib/mmpy-16/libc.a(vuprintf.o)
 *(.near.rodata .near.rodata.*)
                0x0000fb12                . = ALIGN (0x2)
                0x0000fb12                _etext = .

.data           0x00001100       0xf4 load address 0x0000fb12
                0x00001100                . = ALIGN (0x2)
                0x00001100                __data_start = .
 *(.data .data.* .gnu.linkonce.d.*)
 .data          0x00001100       0x24 border-router.co
                0x00001100                webserver_nogui_process
                0x0000110a                border_router_process
                0x00001114                dag_id
 .data          0x00001124        0x8 obj_sky/httpd-simple.o
 .data          0x0000112c       0x18 contiki-sky.a(csma.o)
 .data          0x00001144       0x10 contiki-sky.a(phase.o)
 .data          0x00001154        0x8 contiki-sky.a(rpl-dag.o)
 .data          0x0000115c        0x1 contiki-sky.a(rpl-icmp6.o)
 *fill*         0x0000115d        0x1 00
 .data          0x0000115e        0xe contiki-sky.a(rpl-mrhof.o)
                0x0000115e                rpl_mrhof
 .data          0x0000116c        0xa contiki-sky.a(etimer.o)
                0x0000116c                etimer_process
 .data          0x00001176        0xa contiki-sky.a(ctimer.o)
                0x00001176                ctimer_process
 .data          0x00001180        0x8 contiki-sky.a(nbr-table.o)
 .data          0x00001188       0x18 contiki-sky.a(queuebuf.o)
 .data          0x000011a0        0xa contiki-sky.a(tcpip.o)
                0x000011a0                tcpip_process
 .data          0x000011aa       0x18 contiki-sky.a(uip-ds6-route.o)
 .data          0x000011c2        0xa contiki-sky.a(uip-ds6-nbr.o)
                0x000011c2                ds6_neighbors
 .data          0x000011cc        0x4 contiki-sky.a(contiki-sky-pla)
                0x000011cc                sensors
 .data          0x000011d0        0xa contiki-sky.a(sensors.o)
                0x000011d0                sensors_process
 .data          0x000011da        0xa contiki-sky.a(cc2420.o)
                0x000011da                cc2420_process
 .data          0x000011e4        0xa contiki-sky.a(slip.o)
                0x000011e4                slip_process
 .data          0x000011ee        0x2 contiki-sky.a(msp430.o)
 .data.next     0x000011f0        0x4 /usr/local/msp430/bin/../lib/gcc/msp430/4.7.0/../../../../msp430/lib/mmpy-16/libc.a(rand.o)
 *(.near.data .near.data.*)
                0x000011f4                . = ALIGN (0x2)
                0x000011f4                _edata = .
                0x0000fb12                __data_load_start = LOADADDR (.data)
                0x000000f4                __data_size = SIZEOF (.data)

.bss            0x000011f4     0x1ebe load address 0x0000fc06
                0x000011f4                __bss_start = .
 *(.bss .bss.*)
 .bss           0x000011f4      0x124 border-router.co
 .bss           0x00001318       0x12 obj_sky/slip-bridge.o
 .bss           0x0000132a       0xae obj_sky/httpd-simple.o
 .bss           0x000013d8        0xc obj_sky/contiki-sky-main.o
 .bss           0x000013e4       0xc2 contiki-sky.a(csma.o)
 .bss           0x000014a6       0xd4 contiki-sky.a(contikimac.o)
 .bss           0x0000157a      0x1d8 contiki-sky.a(phase.o)
 .bss           0x00001752       0xc8 contiki-sky.a(rpl-dag.o)
 .bss           0x0000181a       0x18 contiki-sky.a(rpl-timers.o)
 .bss           0x00001832       0x42 contiki-sky.a(process.o)
                0x00001832                process_current
                0x00001834                process_list
 .bss           0x00001874        0x8 contiki-sky.a(compower.o)
 .bss           0x0000187c        0x6 contiki-sky.a(etimer.o)
 .bss           0x00001882        0x4 contiki-sky.a(ctimer.o)
 .bss           0x00001886        0x2 contiki-sky.a(rtimer.o)
 .bss           0x00001888      0x118 contiki-sky.a(nbr-table.o)
 .bss           0x000019a0       0xba contiki-sky.a(packetbuf.o)
 .bss           0x00001a5a      0x71e contiki-sky.a(queuebuf.o)
 .bss           0x00002178      0x122 contiki-sky.a(sicslowpan.o)
 .bss           0x0000229a       0x36 contiki-sky.a(tcpip.o)
 .bss           0x000022d0      0x2fc contiki-sky.a(uip-ds6-route.o)
 .bss           0x000025cc      0x2d0 contiki-sky.a(uip-ds6-nbr.o)
 .bss           0x0000289c       0x18 contiki-sky.a(uip-ds6.o)
 .bss           0x000028b4       0x10 contiki-sky.a(uip-icmp6.o)
 .bss           0x000028c4        0xa contiki-sky.a(uip-nd6.o)
 .bss           0x000028ce        0xe contiki-sky.a(uip6.o)
                0x000028ce                uip_ext_opt_offset
                0x000028cf                uip_ext_len
                0x000028d0                uip_ext_bitmap
 .bss           0x000028dc        0x8 contiki-sky.a(button-sensor.o)
 .bss           0x000028e4        0x2 contiki-sky.a(node-id.o)
                0x000028e4                node_id
 .bss           0x000028e6        0x6 contiki-sky.a(sensors.o)
 .bss           0x000028ec        0xa contiki-sky.a(cc2420.o)
 .bss           0x000028f6       0x9a contiki-sky.a(uart1.o)
 .bss           0x00002990      0x10a contiki-sky.a(slip.o)
 .bss           0x00002a9a        0xa contiki-sky.a(clock.o)
 .bss           0x00002aa4        0x2 contiki-sky.a(leds.o)
 .bss           0x00002aa6        0x2 contiki-sky.a(watchdog.o)
 .bss           0x00002aa8        0x2 contiki-sky.a(framer-802154.o)
 .bss.destination_
                0x00002aaa        0x2 /usr/local/msp430/bin/../lib/gcc/msp430/4.7.0/../../../../msp430/lib/mmpy-16/libc.a(sprintf.o)
 .bss.available_
                0x00002aac        0x2 /usr/local/msp430/bin/../lib/gcc/msp430/4.7.0/../../../../msp430/lib/mmpy-16/libc.a(sprintf.o)
 *(.near.bss .near.bss.*)
 *(COMMON)
 COMMON         0x00002aae        0x8 contiki-sky.a(rimeaddr.o)
                0x00002aae                rimeaddr_node_addr
 COMMON         0x00002ab6       0xbe contiki-sky.a(rpl-dag.o)
                0x00002ab6                default_instance
                0x00002ab8                instance_table
 COMMON         0x00002b74        0x1 contiki-sky.a(process.o)
                0x00002b74                process_maxevents
 *fill*         0x00002b75        0x1 00
 COMMON         0x00002b76        0x8 contiki-sky.a(compower.o)
                0x00002b76                compower_idle_activity
 COMMON         0x00002b7e       0x56 contiki-sky.a(energest.o)
                0x00002b7e                energest_total_time
                0x00002bae                energest_total_count
                0x00002bb0                energest_current_mode
                0x00002bbc                energest_current_time
 COMMON         0x00002bd4       0x50 contiki-sky.a(packetbuf.o)
                0x00002bd4                packetbuf_addrs
                0x00002bf4                packetbuf_attrs
 COMMON         0x00002c24        0x8 contiki-sky.a(sicslowpan.o)
                0x00002c24                frag_sender
 COMMON         0x00002c2c        0x1 contiki-sky.a(tcpip.o)
                0x00002c2c                tcpip_event
 *fill*         0x00002c2d        0x1 00
 COMMON         0x00002c2e      0x15c contiki-sky.a(uip-ds6.o)
                0x00002c2e                uip_ds6_timer_ra
                0x00002c36                uip_ds6_if
                0x00002d22                uip_ds6_netif_addr_list_offset
                0x00002d23                uip_ds6_addr_size
                0x00002d24                uip_ds6_prefix_list
                0x00002d7e                uip_ds6_timer_periodic
 COMMON         0x00002d8a      0x304 contiki-sky.a(uip6.o)
                0x00002d8a                uip_len
                0x00002d8c                uip_sappdata
                0x00002d8e                uip_acc32
                0x00002d92                uip_lladdr
                0x00002d9a                uip_aligned_buf
                0x00002e8a                uip_flags
                0x00002e8c                uip_next_hdr
                0x00002e8e                uip_udp_conn
                0x00002e90                uip_appdata
                0x00002e92                uip_conn
                0x00002e94                uip_conns
                0x00002f44                uip_listenports
                0x00002f54                uip_slen
                0x00002f56                uip_udp_conns
 COMMON         0x0000308e        0x2 contiki-sky.a(contiki-sky-pla)
                0x0000308e                sensors_flags
 COMMON         0x00003090        0x8 contiki-sky.a(ds2411.o)
                0x00003090                ds2411_id
 COMMON         0x00003098        0x1 contiki-sky.a(sensors.o)
                0x00003098                sensors_event
 *fill*         0x00003099        0x1 00
 COMMON         0x0000309a       0x14 contiki-sky.a(cc2420.o)
                0x0000309a                cc2420_last_rssi
                0x0000309c                cc2420_packets_read
                0x0000309e                cc2420_packets_seen
                0x000030a0                cc2420_sfd_start_time
                0x000030a2                cc2420_time_of_departure
                0x000030a4                cc2420_time_of_arrival
                0x000030a6                cc2420_last_correlation
                0x000030a8                cc2420_authority_level_of_sender
                0x000030aa                cc2420_sfd_counter
                0x000030ac                cc2420_sfd_end_time
 COMMON         0x000030ae        0x1 contiki-sky.a(slip.o)
                0x000030ae                slip_active
 *fill*         0x000030af        0x1 00
 COMMON         0x000030b0        0x2 contiki-sky.a(msp430.o)
                0x000030b0                msp430_dco_required
                0x000030b2                . = ALIGN (0x2)
                0x000030b2                __bss_end = .
                0x00001ebe                __bss_size = SIZEOF (.bss)

.noinit         0x000030b2        0x2 load address 0x0000fc06
                0x000030b2                . = ALIGN (0x2)
                0x000030b2                __noinit_start = .
 *(.noinit .noinit.*)
 .noinit.crt0   0x000030b2        0x2 /usr/local/msp430/bin/../lib/gcc/msp430/4.7.0/mmpy-16/libcrt0.a(__watchdog_support.o)
                0x000030b2                __wdt_clear_value
                0x000030b4                . = ALIGN (0x2)
                0x000030b4                __noinit_end = .
                0x000030b4                . = ALIGN (0x2)
                0x000030b4                _end = .

.infomem        0x00001000        0x0
                0x00001000                . = ALIGN (0x2)
 *(.infomem .infomem.*)

.infomemnobits  0x00001000        0x0
                0x00001000                . = ALIGN (0x2)
 *(.infomemnobits .infomemnobits.*)

.infoa          0x00001080        0x0
                0x00001080                . = ALIGN (0x2)
 *(.infoa .infoa.*)

.infob          0x00001000        0x0
                0x00001000                . = ALIGN (0x2)
 *(.infob .infob.*)

.infoc          0x00000000        0x0
                0x00000000                . = ALIGN (0x2)
 *(.infoc .infoc.*)

.infod          0x00000000        0x0
                0x00000000                . = ALIGN (0x2)
 *(.infod .infod.*)

.vectors        0x0000ffe0       0x20
                0x0000ffe0                __vectors_start = .
 *(.vectors*)
 .vectors       0x0000ffe0       0x20 /usr/local/msp430/bin/../lib/gcc/msp430/4.7.0/mmpy-16/crt0ivtbl16.o
                0x0000ffe0                __ivtbl_16
                0x00010000                _vectors_end = .

.fartext        0x00000000        0x0
                0x00000000                . = ALIGN (0x2)
 *(.fartext .fartext.*)

.far.text       0x00000000        0x0
                0x00000000                . = ALIGN (0x2)
 *(.far.text .far.text.*)

.far.rodata     0x00000000        0x0
                0x00000000                . = ALIGN (0x2)
 *(.far.rodata .far.rodata.*)
                0x00000000                . = ALIGN (0x2)
                0x00000000                _efartext = .

.far.data       0x00000000        0x0
                0x00000000                . = ALIGN (0x2)
                0x00000000                __far_data_start = .
 *(.far.data .far.data.*)
                0x00000000                . = ALIGN (0x2)
                0x00000000                _efardata = .
                0x00000000                __far_data_load_start = LOADADDR (.far.data)
                0x00000000                __far_data_size = SIZEOF (.far.data)

.far.bss        0x00000000        0x0
                0x00000000                . = ALIGN (0x2)
                0x00000000                __far_bss_start = .
 *(.far.bss .far.bss.*)
                0x00000000                . = ALIGN (0x2)
                0x00000000                __far_bss_end = .
                0x00000000                __far_bss_size = SIZEOF (.far.bss)
                0x00000000                . = ALIGN (0x2)
                0x00000000                _far_end = .

.profiler
 *(.profiler)

.stab
 *(.stab)

.stabstr
 *(.stabstr)

.stab.excl
 *(.stab.excl)

.stab.exclstr
 *(.stab.exclstr)

.stab.index
 *(.stab.index)

.stab.indexstr
 *(.stab.indexstr)

.comment        0x00000000       0x30
 *(.comment)
 .comment       0x00000000       0x30 border-router.co
                                 0x31 (size before relaxing)
 .comment       0x00000000       0x31 obj_sky/slip-bridge.o
 .comment       0x00000000       0x31 obj_sky/httpd-simple.o
 .comment       0x00000000       0x31 obj_sky/contiki-sky-main.o
 .comment       0x00000000       0x31 contiki-sky.a(rimeaddr.o)
 .comment       0x00000000       0x31 contiki-sky.a(csma.o)
 .comment       0x00000000       0x31 contiki-sky.a(contikimac.o)
 .comment       0x00000000       0x31 contiki-sky.a(phase.o)
 .comment       0x00000000       0x31 contiki-sky.a(rpl-dag.o)
 .comment       0x00000000       0x31 contiki-sky.a(rpl-icmp6.o)
 .comment       0x00000000       0x31 contiki-sky.a(rpl-timers.o)
 .comment       0x00000000       0x31 contiki-sky.a(rpl-mrhof.o)
 .comment       0x00000000       0x31 contiki-sky.a(process.o)
 .comment       0x00000000       0x31 contiki-sky.a(autostart.o)
 .comment       0x00000000       0x31 contiki-sky.a(compower.o)
 .comment       0x00000000       0x31 contiki-sky.a(memb.o)
 .comment       0x00000000       0x31 contiki-sky.a(timer.o)
 .comment       0x00000000       0x31 contiki-sky.a(list.o)
 .comment       0x00000000       0x31 contiki-sky.a(etimer.o)
 .comment       0x00000000       0x31 contiki-sky.a(ctimer.o)
 .comment       0x00000000       0x31 contiki-sky.a(energest.o)
 .comment       0x00000000       0x31 contiki-sky.a(rtimer.o)
 .comment       0x00000000       0x31 contiki-sky.a(stimer.o)
 .comment       0x00000000       0x31 contiki-sky.a(random.o)
 .comment       0x00000000       0x31 contiki-sky.a(nbr-table.o)
 .comment       0x00000000       0x31 contiki-sky.a(packetbuf.o)
 .comment       0x00000000       0x31 contiki-sky.a(psock.o)
 .comment       0x00000000       0x31 contiki-sky.a(queuebuf.o)
 .comment       0x00000000       0x31 contiki-sky.a(sicslowpan.o)
 .comment       0x00000000       0x31 contiki-sky.a(tcpip.o)
 .comment       0x00000000       0x31 contiki-sky.a(uip-debug.o)
 .comment       0x00000000       0x31 contiki-sky.a(uip-ds6-route.o)
 .comment       0x00000000       0x31 contiki-sky.a(uip-ds6-nbr.o)
 .comment       0x00000000       0x31 contiki-sky.a(uip-ds6.o)
 .comment       0x00000000       0x31 contiki-sky.a(uip-icmp6.o)
 .comment       0x00000000       0x31 contiki-sky.a(uip-nd6.o)
 .comment       0x00000000       0x31 contiki-sky.a(uip6.o)
 .comment       0x00000000       0x31 contiki-sky.a(contiki-sky-pla)
 .comment       0x00000000       0x31 contiki-sky.a(button-sensor.o)
 .comment       0x00000000       0x31 contiki-sky.a(ds2411.o)
 .comment       0x00000000       0x31 contiki-sky.a(xmem.o)
 .comment       0x00000000       0x31 contiki-sky.a(node-id.o)
 .comment       0x00000000       0x31 contiki-sky.a(sensors.o)
 .comment       0x00000000       0x31 contiki-sky.a(cc2420.o)
 .comment       0x00000000       0x31 contiki-sky.a(cc2420-arch.o)
 .comment       0x00000000       0x31 contiki-sky.a(uart1.o)
 .comment       0x00000000       0x31 contiki-sky.a(slip_uart1.o)
 .comment       0x00000000       0x31 contiki-sky.a(slip.o)
 .comment       0x00000000       0x31 contiki-sky.a(msp430.o)
 .comment       0x00000000       0x31 contiki-sky.a(clock.o)
 .comment       0x00000000       0x31 contiki-sky.a(leds.o)
 .comment       0x00000000       0x31 contiki-sky.a(leds-arch.o)
 .comment       0x00000000       0x31 contiki-sky.a(watchdog.o)
 .comment       0x00000000       0x31 contiki-sky.a(rtimer-arch.o)
 .comment       0x00000000       0x31 contiki-sky.a(mac.o)
 .comment       0x00000000       0x31 contiki-sky.a(framer-802154.o)
 .comment       0x00000000       0x31 contiki-sky.a(rpl.o)
 .comment       0x00000000       0x31 contiki-sky.a(rpl-ext-header.)
 .comment       0x00000000       0x31 contiki-sky.a(spi.o)
 .comment       0x00000000       0x31 contiki-sky.a(frame802154.o)
 .comment       0x00000000       0x31 /usr/local/msp430/bin/../lib/gcc/msp430/4.7.0/../../../../msp430/lib/mmpy-16/libc.a(printf.o)
 .comment       0x00000000       0x31 /usr/local/msp430/bin/../lib/gcc/msp430/4.7.0/../../../../msp430/lib/mmpy-16/libc.a(sprintf.o)
 .comment       0x00000000       0x31 /usr/local/msp430/bin/../lib/gcc/msp430/4.7.0/../../../../msp430/lib/mmpy-16/libc.a(vuprintf.o)
 .comment       0x00000000       0x31 /usr/local/msp430/bin/../lib/gcc/msp430/4.7.0/../../../../msp430/lib/mmpy-16/libc.a(puts.o)
 .comment       0x00000000       0x31 /usr/local/msp430/bin/../lib/gcc/msp430/4.7.0/../../../../msp430/lib/mmpy-16/libc.a(rand.o)
 .comment       0x00000000       0x31 /usr/local/msp430/bin/../lib/gcc/msp430/4.7.0/../../../../msp430/lib/mmpy-16/libc.a(strncmp.o)
 .comment       0x00000000       0x31 /usr/local/msp430/bin/../lib/gcc/msp430/4.7.0/../../../../msp430/lib/mmpy-16/libc.a(memcmp.o)
 .comment       0x00000000       0x31 /usr/local/msp430/bin/../lib/gcc/msp430/4.7.0/../../../../msp430/lib/mmpy-16/libc.a(strcpy.o)
 .comment       0x00000000       0x31 /usr/local/msp430/bin/../lib/gcc/msp430/4.7.0/../../../../msp430/lib/mmpy-16/libc.a(strncpy.o)
 .comment       0x00000000       0x31 /usr/local/msp430/bin/../lib/gcc/msp430/4.7.0/../../../../msp430/lib/mmpy-16/libc.a(memcpy.o)
 .comment       0x00000000       0x31 /usr/local/msp430/bin/../lib/gcc/msp430/4.7.0/../../../../msp430/lib/mmpy-16/libc.a(memmove.o)
 .comment       0x00000000       0x31 /usr/local/msp430/bin/../lib/gcc/msp430/4.7.0/../../../../msp430/lib/mmpy-16/libc.a(memset.o)

.debug
 *(.debug)

.line
 *(.line)

.debug_srcinfo
 *(.debug_srcinfo)

.debug_sfnames
 *(.debug_sfnames)

.debug_aranges  0x00000000      0x204
 *(.debug_aranges)
 .debug_aranges
                0x00000000       0x14 /usr/local/msp430/bin/../lib/gcc/msp430/4.7.0/mmpy-16/crt0ivtbl16.o
 .debug_aranges
                0x00000014       0x14 /usr/local/msp430/bin/../lib/gcc/msp430/4.7.0/mmpy-16/libgcc.a(_mulsi3.o)
 .debug_aranges
                0x00000028       0x14 /usr/local/msp430/bin/../lib/gcc/msp430/4.7.0/mmpy-16/libgcc.a(_udivmod16.o)
 .debug_aranges
                0x0000003c       0x14 /usr/local/msp430/bin/../lib/gcc/msp430/4.7.0/mmpy-16/libgcc.a(_divmod16.o)
 .debug_aranges
                0x00000050       0x14 /usr/local/msp430/bin/../lib/gcc/msp430/4.7.0/mmpy-16/libgcc.a(_udivmod32.o)
 .debug_aranges
                0x00000064       0x18 /usr/local/msp430/bin/../lib/gcc/msp430/4.7.0/../../../../msp430/lib/mmpy-16/libc.a(printf.o)
 .debug_aranges
                0x0000007c       0x28 /usr/local/msp430/bin/../lib/gcc/msp430/4.7.0/../../../../msp430/lib/mmpy-16/libc.a(sprintf.o)
 .debug_aranges
                0x000000a4       0x18 /usr/local/msp430/bin/../lib/gcc/msp430/4.7.0/../../../../msp430/lib/mmpy-16/libc.a(vuprintf.o)
 .debug_aranges
                0x000000bc       0x14 /usr/local/msp430/bin/../lib/gcc/msp430/4.7.0/../../../../msp430/lib/mmpy-16/libc.a(puts.o)
 .debug_aranges
                0x000000d0       0x1c /usr/local/msp430/bin/../lib/gcc/msp430/4.7.0/../../../../msp430/lib/mmpy-16/libc.a(rand.o)
 .debug_aranges
                0x000000ec       0x14 /usr/local/msp430/bin/../lib/gcc/msp430/4.7.0/../../../../msp430/lib/mmpy-16/libc.a(strncmp.o)
 .debug_aranges
                0x00000100       0x14 /usr/local/msp430/bin/../lib/gcc/msp430/4.7.0/../../../../msp430/lib/mmpy-16/libc.a(memcmp.o)
 .debug_aranges
                0x00000114       0x14 /usr/local/msp430/bin/../lib/gcc/msp430/4.7.0/../../../../msp430/lib/mmpy-16/libc.a(strcpy.o)
 .debug_aranges
                0x00000128       0x14 /usr/local/msp430/bin/../lib/gcc/msp430/4.7.0/../../../../msp430/lib/mmpy-16/libc.a(strncpy.o)
 .debug_aranges
                0x0000013c       0x14 /usr/local/msp430/bin/../lib/gcc/msp430/4.7.0/../../../../msp430/lib/mmpy-16/libc.a(memcpy.o)
 .debug_aranges
                0x00000150       0x14 /usr/local/msp430/bin/../lib/gcc/msp430/4.7.0/../../../../msp430/lib/mmpy-16/libc.a(memmove.o)
 .debug_aranges
                0x00000164       0x14 /usr/local/msp430/bin/../lib/gcc/msp430/4.7.0/../../../../msp430/lib/mmpy-16/libc.a(memset.o)
 .debug_aranges
                0x00000178       0x14 /usr/local/msp430/bin/../lib/gcc/msp430/4.7.0/mmpy-16/libgcc.a(_udivmod64.o)
 .debug_aranges
                0x0000018c       0x14 /usr/local/msp430/bin/../lib/gcc/msp430/4.7.0/mmpy-16/libcrt0.a(__watchdog_support.o)
 .debug_aranges
                0x000001a0       0x14 /usr/local/msp430/bin/../lib/gcc/msp430/4.7.0/mmpy-16/libcrt0.a(__init_stack.o)
 .debug_aranges
                0x000001b4       0x14 /usr/local/msp430/bin/../lib/gcc/msp430/4.7.0/mmpy-16/libcrt0.a(_copy_data.o)
 .debug_aranges
                0x000001c8       0x14 /usr/local/msp430/bin/../lib/gcc/msp430/4.7.0/mmpy-16/libcrt0.a(_clear_bss.o)
 .debug_aranges
                0x000001dc       0x14 /usr/local/msp430/bin/../lib/gcc/msp430/4.7.0/mmpy-16/libcrt0.a(_endless_loop__.o)
 .debug_aranges
                0x000001f0       0x14 /usr/local/msp430/bin/../lib/gcc/msp430/4.7.0/mmpy-16/libcrt0.a(_unexpected_.o)

.debug_pubnames
 *(.debug_pubnames)

.debug_info     0x00000000     0x1a42
 *(.debug_info)
 .debug_info    0x00000000       0x9b /usr/local/msp430/bin/../lib/gcc/msp430/4.7.0/mmpy-16/crt0ivtbl16.o
 .debug_info    0x0000009b       0x98 /usr/local/msp430/bin/../lib/gcc/msp430/4.7.0/mmpy-16/libgcc.a(_mulsi3.o)
 .debug_info    0x00000133       0x98 /usr/local/msp430/bin/../lib/gcc/msp430/4.7.0/mmpy-16/libgcc.a(_udivmod16.o)
 .debug_info    0x000001cb       0x98 /usr/local/msp430/bin/../lib/gcc/msp430/4.7.0/mmpy-16/libgcc.a(_divmod16.o)
 .debug_info    0x00000263       0x98 /usr/local/msp430/bin/../lib/gcc/msp430/4.7.0/mmpy-16/libgcc.a(_udivmod32.o)
 .debug_info    0x000002fb      0x16e /usr/local/msp430/bin/../lib/gcc/msp430/4.7.0/../../../../msp430/lib/mmpy-16/libc.a(printf.o)
 .debug_info    0x00000469      0x321 /usr/local/msp430/bin/../lib/gcc/msp430/4.7.0/../../../../msp430/lib/mmpy-16/libc.a(sprintf.o)
 .debug_info    0x0000078a      0x5d4 /usr/local/msp430/bin/../lib/gcc/msp430/4.7.0/../../../../msp430/lib/mmpy-16/libc.a(vuprintf.o)
 .debug_info    0x00000d5e       0xc7 /usr/local/msp430/bin/../lib/gcc/msp430/4.7.0/../../../../msp430/lib/mmpy-16/libc.a(puts.o)
 .debug_info    0x00000e25      0x146 /usr/local/msp430/bin/../lib/gcc/msp430/4.7.0/../../../../msp430/lib/mmpy-16/libc.a(rand.o)
 .debug_info    0x00000f6b       0xc2 /usr/local/msp430/bin/../lib/gcc/msp430/4.7.0/../../../../msp430/lib/mmpy-16/libc.a(strncmp.o)
 .debug_info    0x0000102d       0xe5 /usr/local/msp430/bin/../lib/gcc/msp430/4.7.0/../../../../msp430/lib/mmpy-16/libc.a(memcmp.o)
 .debug_info    0x00001112       0xbd /usr/local/msp430/bin/../lib/gcc/msp430/4.7.0/../../../../msp430/lib/mmpy-16/libc.a(strcpy.o)