Archive member included because of file (symbol)

contiki-sky.a(rimeaddr.o)     obj_sky/contiki-sky-main.o (rimeaddr_copy)
contiki-sky.a(rime.o)         obj_sky/contiki-sky-main.o (rime_driver)
contiki-sky.a(announcement.o)
                              contiki-sky.a(rime.o) (announcement_init)
contiki-sky.a(broadcast-annou)
                              contiki-sky.a(rime.o) (broadcast_announcement_init)
contiki-sky.a(broadcast.o)    contiki-sky.a(broadcast-annou) (broadcast_open)
contiki-sky.a(abc.o)          contiki-sky.a(broadcast.o) (abc_open)
contiki-sky.a(chameleon.o)    contiki-sky.a(rime.o) (chameleon_init)
contiki-sky.a(channel.o)      contiki-sky.a(chameleon.o) (channel_init)
contiki-sky.a(chameleon-bitop)
                              contiki-sky.a(chameleon.o) (chameleon_bitopt)
contiki-sky.a(csma.o)         obj_sky/contiki-sky-main.o (csma_driver)
contiki-sky.a(contikimac.o)   obj_sky/contiki-sky-main.o (contikimac_driver)
contiki-sky.a(phase.o)        contiki-sky.a(contikimac.o) (phase_update)
contiki-sky.a(process.o)      obj_sky/contiki-sky-main.o (process_init)
contiki-sky.a(autostart.o)    obj_sky/contiki-sky-main.o (autostart_start)
contiki-sky.a(compower.o)     contiki-sky.a(contikimac.o) (compower_idle_activity)
contiki-sky.a(serial-line.o)  obj_sky/contiki-sky-main.o (serial_line_input_byte)
contiki-sky.a(memb.o)         contiki-sky.a(csma.o) (memb_init)
contiki-sky.a(timer.o)        obj_sky/contiki-sky-main.o (timer_set)
contiki-sky.a(list.o)         contiki-sky.a(announcement.o) (list_init)
contiki-sky.a(etimer.o)       obj_sky/contiki-sky-main.o (etimer_process)
contiki-sky.a(ctimer.o)       obj_sky/contiki-sky-main.o (ctimer_init)
contiki-sky.a(energest.o)     obj_sky/contiki-sky-main.o (energest_init)
contiki-sky.a(rtimer.o)       obj_sky/contiki-sky-main.o (rtimer_init)
contiki-sky.a(random.o)       obj_sky/contiki-sky-main.o (random_init)
contiki-sky.a(ringbuf.o)      contiki-sky.a(serial-line.o) (ringbuf_init)
contiki-sky.a(nbr-table.o)    contiki-sky.a(phase.o) (nbr_table_register)
contiki-sky.a(packetbuf.o)    contiki-sky.a(contikimac.o) (packetbuf_hdr_remove)
contiki-sky.a(queuebuf.o)     contiki-sky.a(rime.o) (queuebuf_init)
contiki-sky.a(serial-shell.o)
                              collect-view-shell.co (serial_shell_init)
contiki-sky.a(shell.o)        contiki-sky.a(serial-shell.o) (shell_input)
contiki-sky.a(shell-reboot.o)
                              collect-view-shell.co (shell_reboot_init)
contiki-sky.a(shell-rime.o)   collect-view-shell.co (shell_rime_init)
contiki-sky.a(shell-blink.o)  collect-view-shell.co (shell_blink_init)
contiki-sky.a(shell-text.o)   collect-view-shell.co (shell_text_init)
contiki-sky.a(shell-time.o)   collect-view-shell.co (shell_time_init)
contiki-sky.a(shell-rime-netc)
                              collect-view-shell.co (shell_rime_netcmd_init)
contiki-sky.a(shell-powertrac)
                              collect-view-shell.co (shell_powertrace_init)
contiki-sky.a(shell-collect-v)
                              collect-view-shell.co (shell_collect_view_init)
contiki-sky.a(shell-sky.o)    collect-view-shell.co (shell_sky_init)
contiki-sky.a(contiki-sky-pla)
                              obj_sky/contiki-sky-main.o (init_platform)
contiki-sky.a(sht11-sensor.o)
                              contiki-sky.a(shell-sky.o) (sht11_sensor)
contiki-sky.a(light-sensor.o)
                              contiki-sky.a(shell-sky.o) (light_sensor)
contiki-sky.a(battery-sensor.)
                              contiki-sky.a(shell-sky.o) (battery_sensor)
contiki-sky.a(button-sensor.o)
                              contiki-sky.a(contiki-sky-pla) (button_sensor)
contiki-sky.a(ds2411.o)       obj_sky/contiki-sky-main.o (ds2411_init)
contiki-sky.a(xmem.o)         obj_sky/contiki-sky-main.o (xmem_init)
contiki-sky.a(node-id.o)      obj_sky/contiki-sky-main.o (node_id_restore)
contiki-sky.a(sensors.o)      contiki-sky.a(button-sensor.o) (sensors_changed)
contiki-sky.a(cc2420.o)       contiki-sky.a(shell-sky.o) (cc2420_on)
contiki-sky.a(cc2420-arch.o)  contiki-sky.a(cc2420.o) (cc2420_arch_init)
contiki-sky.a(sky-sensors.o)  contiki-sky.a(light-sensor.o) (sky_sensors_status)
contiki-sky.a(uart1.o)        obj_sky/contiki-sky-main.o (uart1_active)
contiki-sky.a(uart1-putchar.o)
                              obj_sky/contiki-sky-main.o (putchar)
contiki-sky.a(msp430.o)       contiki-sky.a(uart1.o) (msp430_add_lpm_req)
contiki-sky.a(clock.o)        contiki-sky.a(timer.o) (clock_time)
contiki-sky.a(leds.o)         obj_sky/contiki-sky-main.o (leds_init)
contiki-sky.a(leds-arch.o)    contiki-sky.a(leds.o) (leds_arch_init)
contiki-sky.a(watchdog.o)     obj_sky/contiki-sky-main.o (watchdog_start)
contiki-sky.a(rtimer-arch.o)  contiki-sky.a(rtimer.o) (rtimer_arch_init)
contiki-sky.a(trickle.o)      contiki-sky.a(shell-rime-netc) (trickle_open)
contiki-sky.a(route.o)        contiki-sky.a(shell-rime.o) (route_num)
[...]
Memory Configuration

Name             Origin             Length             Attributes
sfr              0x00000000         0x00000010
peripheral_8bit  0x00000010         0x000000f0
peripheral_16bit 0x00000100         0x00000100
ram_mirror       0x00000200         0x00000800         xw
infomem          0x00001000         0x00000100
infob            0x00001000         0x00000080
infoa            0x00001080         0x00000080
ram              0x00001100         0x00002800         xw
rom              0x00004000         0x0000bfe0         xr
vectors          0x0000ffe0         0x00000020
bsl              0x00000000         0x00000000
infoc            0x00000000         0x00000000
infod            0x00000000         0x00000000
ram2             0x00000000         0x00000000         xw
usbram           0x00000000         0x00000000         xw
far_rom          0x00000000         0x00000000
*default*        0x00000000         0xffffffff

Linker script and memory map

LOAD /usr/local/msp430/bin/../lib/gcc/msp430/4.7.0/mmpy-16/crt0ivtbl16.o
LOAD collect-view-shell.co
LOAD obj_sky/contiki-sky-main.o
LOAD contiki-sky.a
LOAD /usr/local/msp430/bin/../lib/gcc/msp430/4.7.0/mmpy-16/libgcc.a
LOAD /usr/local/msp430/bin/../lib/gcc/msp430/4.7.0/../../../../msp430/lib/mmpy-16/libc.a
LOAD /usr/local/msp430/bin/../lib/gcc/msp430/4.7.0/mmpy-16/libgcc.a
LOAD /usr/local/msp430/bin/../lib/gcc/msp430/4.7.0/mmpy-16/libcrt0.a
                0x00000080                PROVIDE (__info_segment_size, 0x80)
                0x00001000                PROVIDE (__infob, 0x1000)
                0x00001080                PROVIDE (__infoa, 0x1080)
                0x00000000                __IE1 = 0x0
                0x00000002                __IFG1 = 0x2
                0x00000004                __ME1 = 0x4
                0x00000001                __IE2 = 0x1
                0x00000003                __IFG2 = 0x3
                0x00000005                __ME2 = 0x5
                0x00000120                __WDTCTL = 0x120
                0x00000130                __MPY = 0x130
                0x00000132                __MPYS = 0x132
                0x00000134                __MAC = 0x134
                0x00000136                __MACS = 0x136
                0x00000138                __OP2 = 0x138
                0x0000013a                __RESLO = 0x13a
                0x0000013c                __RESHI = 0x13c
                0x0000013e                __SUMEXT = 0x13e
                0x00000020                __P1IN = 0x20
                0x00000021                __P1OUT = 0x21
                0x00000022                __P1DIR = 0x22
                0x00000023                __P1IFG = 0x23
                0x00000024                __P1IES = 0x24
                0x00000025                __P1IE = 0x25
                0x00000026                __P1SEL = 0x26
                0x00000028                __P2IN = 0x28
                0x00000029                __P2OUT = 0x29
                0x0000002a                __P2DIR = 0x2a
                0x0000002b                __P2IFG = 0x2b
                0x0000002c                __P2IES = 0x2c
                0x0000002d                __P2IE = 0x2d
                0x0000002e                __P2SEL = 0x2e
                0x00000018                __P3IN = 0x18
                0x00000019                __P3OUT = 0x19
                0x0000001a                __P3DIR = 0x1a
                0x0000001b                __P3SEL = 0x1b
                0x0000001c                __P4IN = 0x1c
                0x0000001d                __P4OUT = 0x1d
                0x0000001e                __P4DIR = 0x1e
                0x0000001f                __P4SEL = 0x1f
                0x00000030                __P5IN = 0x30
                0x00000031                __P5OUT = 0x31
                0x00000032                __P5DIR = 0x32
                0x00000033                __P5SEL = 0x33
                0x00000034                __P6IN = 0x34
                0x00000035                __P6OUT = 0x35
                0x00000036                __P6DIR = 0x36
                0x00000037                __P6SEL = 0x37
                0x00000070                __U0CTL = 0x70
                0x00000071                __U0TCTL = 0x71
                0x00000072                __U0RCTL = 0x72
                0x00000073                __U0MCTL = 0x73
                0x00000074                __U0BR0 = 0x74
                0x00000075                __U0BR1 = 0x75
                0x00000076                __U0RXBUF = 0x76
                0x00000077                __U0TXBUF = 0x77
                0x00000078                __U1CTL = 0x78
                0x00000079                __U1TCTL = 0x79
                0x0000007a                __U1RCTL = 0x7a
                0x0000007b                __U1MCTL = 0x7b
                0x0000007c                __U1BR0 = 0x7c
                0x0000007d                __U1BR1 = 0x7d
                0x0000007e                __U1RXBUF = 0x7e
                0x0000007f                __U1TXBUF = 0x7f
                0x00000050                __I2CIE = 0x50
                0x00000051                __I2CIFG = 0x51
                0x00000052                __I2CNDAT = 0x52
                0x00000071                __I2CTCTL = 0x71
                0x00000072                __I2CDCTL = 0x72
                0x00000073                __I2CPSC = 0x73
                0x00000074                __I2CSCLH = 0x74
                0x00000075                __I2CSCLL = 0x75
                0x00000076                __I2CDRB = 0x76
                0x00000076                __I2CDRW = 0x76
                0x00000118                __I2COA = 0x118
                0x0000011a                __I2CSA = 0x11a
                0x0000011c                __I2CIV = 0x11c
                0x0000012e                __TAIV = 0x12e
                0x00000160                __TACTL = 0x160
                0x00000162                __TACCTL0 = 0x162
                0x00000164                __TACCTL1 = 0x164
                0x00000166                __TACCTL2 = 0x166
                0x00000170                __TAR = 0x170
                0x00000172                __TACCR0 = 0x172
                0x00000174                __TACCR1 = 0x174
                0x00000176                __TACCR2 = 0x176
                0x0000011e                __TBIV = 0x11e
                0x00000180                __TBCTL = 0x180
                0x00000182                __TBCCTL0 = 0x182
                0x00000184                __TBCCTL1 = 0x184
                0x00000186                __TBCCTL2 = 0x186
                0x00000188                __TBCCTL3 = 0x188
                0x0000018a                __TBCCTL4 = 0x18a
                0x0000018c                __TBCCTL5 = 0x18c
                0x0000018e                __TBCCTL6 = 0x18e
                0x00000190                __TBR = 0x190
                0x00000192                __TBCCR0 = 0x192
                0x00000194                __TBCCR1 = 0x194
                0x00000196                __TBCCR2 = 0x196
                0x00000198                __TBCCR3 = 0x198
                0x0000019a                __TBCCR4 = 0x19a
                0x0000019c                __TBCCR5 = 0x19c
                0x0000019e                __TBCCR6 = 0x19e
                0x00000056                __DCOCTL = 0x56
                0x00000057                __BCSCTL1 = 0x57
                0x00000058                __BCSCTL2 = 0x58
                0x00000055                __SVSCTL = 0x55
                0x00000128                __FCTL1 = 0x128
                0x0000012a                __FCTL2 = 0x12a
                0x0000012c                __FCTL3 = 0x12c
                0x00000059                __CACTL1 = 0x59
                0x0000005a                __CACTL2 = 0x5a
                0x0000005b                __CAPD = 0x5b
                0x000001a0                __ADC12CTL0 = 0x1a0
                0x000001a2                __ADC12CTL1 = 0x1a2
                0x000001a4                __ADC12IFG = 0x1a4
                0x000001a6                __ADC12IE = 0x1a6
                0x000001a8                __ADC12IV = 0x1a8
                0x00000140                __ADC12MEM0 = 0x140
                0x00000142                __ADC12MEM1 = 0x142
                0x00000144                __ADC12MEM2 = 0x144
                0x00000146                __ADC12MEM3 = 0x146
                0x00000148                __ADC12MEM4 = 0x148
                0x0000014a                __ADC12MEM5 = 0x14a
                0x0000014c                __ADC12MEM6 = 0x14c
                0x0000014e                __ADC12MEM7 = 0x14e
                0x00000150                __ADC12MEM8 = 0x150
                0x00000152                __ADC12MEM9 = 0x152
                0x00000154                __ADC12MEM10 = 0x154
                0x00000156                __ADC12MEM11 = 0x156
                0x00000158                __ADC12MEM12 = 0x158
                0x0000015a                __ADC12MEM13 = 0x15a
                0x0000015c                __ADC12MEM14 = 0x15c
                0x0000015e                __ADC12MEM15 = 0x15e
                0x00000080                __ADC12MCTL0 = 0x80
                0x00000081                __ADC12MCTL1 = 0x81
                0x00000082                __ADC12MCTL2 = 0x82
                0x00000083                __ADC12MCTL3 = 0x83
                0x00000084                __ADC12MCTL4 = 0x84
                0x00000085                __ADC12MCTL5 = 0x85
                0x00000086                __ADC12MCTL6 = 0x86
                0x00000087                __ADC12MCTL7 = 0x87
                0x00000088                __ADC12MCTL8 = 0x88
                0x00000089                __ADC12MCTL9 = 0x89
                0x0000008a                __ADC12MCTL10 = 0x8a
                0x0000008b                __ADC12MCTL11 = 0x8b
                0x0000008c                __ADC12MCTL12 = 0x8c
                0x0000008d                __ADC12MCTL13 = 0x8d
                0x0000008e                __ADC12MCTL14 = 0x8e
                0x0000008f                __ADC12MCTL15 = 0x8f
                0x000001c0                __DAC12_0CTL = 0x1c0
                0x000001c2                __DAC12_1CTL = 0x1c2
                0x000001c8                __DAC12_0DAT = 0x1c8
                0x000001ca                __DAC12_1DAT = 0x1ca
                0x00000122                __DMACTL0 = 0x122
                0x00000124                __DMACTL1 = 0x124
                0x000001e0                __DMA0CTL = 0x1e0
                0x000001e8                __DMA1CTL = 0x1e8
                0x000001f0                __DMA2CTL = 0x1f0
                0x000001e2                __DMA0SA = 0x1e2
                0x000001e4                __DMA0DA = 0x1e4
                0x000001e6                __DMA0SZ = 0x1e6
                0x000001ea                __DMA1SA = 0x1ea
                0x000001ec                __DMA1DA = 0x1ec
                0x000001ee                __DMA1SZ = 0x1ee
                0x000001f2                __DMA2SA = 0x1f2
                0x000001f4                __DMA2DA = 0x1f4
                0x000001f6                __DMA2SZ = 0x1f6

.hash
 *(.hash)

.dynsym
 *(.dynsym)

.dynstr
 *(.dynstr)

.gnu.version
 *(.gnu.version)

.gnu.version_d
 *(.gnu.version_d)

.gnu.version_r
 *(.gnu.version_r)

.rel.init
 *(.rel.init)

.rela.init
 *(.rela.init)

.rel.fini
 *(.rel.fini)

.rela.fini
 *(.rela.fini)

.rel.text
 *(.rel.text .rel.text.* .rel.gnu.linkonce.t.*)

.rela.text
 *(.rela.text .rela.text.* .rela.gnu.linkonce.t.*)

.rel.rodata
 *(.rel.rodata .rel.rodata.* .rel.gnu.linkonce.r.*)

.rela.rodata
 *(.rela.rodata .rela.rodata.* .rela.gnu.linkonce.r.*)

.rel.data
 *(.rel.data .rel.data.* .rel.gnu.linkonce.d.*)

.rela.data
 *(.rela.data .rela.data.* .rela.gnu.linkonce.d.*)

.rel.bss
 *(.rel.bss .rel.bss.* .rel.gnu.linkonce.b.*)

.rela.bss
 *(.rela.bss .rela.bss.* .rela.gnu.linkonce.b.*)

.rel.ctors
 *(.rel.ctors)

.rela.ctors
 *(.rela.ctors)

.rel.dtors
 *(.rel.dtors)

.rela.dtors
 *(.rela.dtors)

.rel.got
 *(.rel.got)

.rela.got
 *(.rela.got)

.rel.plt
 *(.rel.plt)

.rela.plt
 *(.rela.plt)

.text           0x00004000     0x9a32
                0x00004000                . = ALIGN (0x2)
 *(.init .init.*)
 *(.init0)
 .init0         0x00004000        0x0 /usr/local/msp430/bin/../lib/gcc/msp430/4.7.0/mmpy-16/libcrt0.a(_reset_vector__.o)
                0x00004000                _reset_vector__
 *(.init1)
 .init1         0x00004000        0xc /usr/local/msp430/bin/../lib/gcc/msp430/4.7.0/mmpy-16/libcrt0.a(__watchdog_support.o)
                0x00004000                __watchdog_support
 *(.init2)
 .init2         0x0000400c        0x4 /usr/local/msp430/bin/../lib/gcc/msp430/4.7.0/mmpy-16/libcrt0.a(__init_stack.o)
                0x0000400c                __init_stack
 *(.init3)
 .init3         0x00004010        0x0 /usr/local/msp430/bin/../lib/gcc/msp430/4.7.0/mmpy-16/libcrt0.a(__low_level_init.o)
                0x00004010                __low_level_init
 *(.init4)
 .init4         0x00004010       0x18 /usr/local/msp430/bin/../lib/gcc/msp430/4.7.0/mmpy-16/libcrt0.a(_copy_data.o)
                0x00004010                __do_copy_data
 .init4         0x00004028       0x16 /usr/local/msp430/bin/../lib/gcc/msp430/4.7.0/mmpy-16/libcrt0.a(_clear_bss.o)
                0x00004028                __do_clear_bss
 *(.init5)
 *(.init6)
 *(.init7)
 *(.init8)
 *(.init9)
 .init9         0x0000403e      0x2f8 obj_sky/contiki-sky-main.o
                0x0000403e                main
 *(.fini9)
 .fini9         0x00004336        0x0 /usr/local/msp430/bin/../lib/gcc/msp430/4.7.0/mmpy-16/libcrt0.a(__stop_progExec__.o)
                0x00004336                __stop_progExec__
 *(.fini8)
 *(.fini7)
 *(.fini6)
 *(.fini5)
 *(.fini4)
 *(.fini3)
 *(.fini2)
 *(.fini1)
 *(.fini0)
 .fini0         0x00004336        0x6 /usr/local/msp430/bin/../lib/gcc/msp430/4.7.0/mmpy-16/libcrt0.a(_endless_loop__.o)
                0x00004336                _endless_loop__
 *(.fini .fini.*)
                0x0000433c                . = ALIGN (0x2)
                0x0000433c                __ctors_start = .
 *(.ctors)
                0x0000433c                __ctors_end = .
                0x0000433c                __dtors_start = .
 *(.dtors)
                0x0000433c                __dtors_end = .
                0x0000433c                . = ALIGN (0x2)
 *(.text .text.* .gnu.linkonce.t.*)
 .text          0x0000433c        0x4 /usr/local/msp430/bin/../lib/gcc/msp430/4.7.0/mmpy-16/crt0ivtbl16.o
                0x0000433c                __isr_14
                0x0000433c                __isr_11
                0x0000433c                __isr_2
                0x0000433c                __isr_7
                0x0000433c                __isr_0
                0x0000433c                __isr_8
                0x0000433c                __isr_3
                0x0000433c                __isr_12
                0x0000433c                __isr_13
                0x0000433c                __isr_9
 .text.process_thread_collect_view_shell_process
                0x00004340       0x3e collect-view-shell.co
 .text.rimeaddr_copy
                0x0000437e        0xc contiki-sky.a(rimeaddr.o)
                0x0000437e                rimeaddr_copy
 .text.rimeaddr_cmp
                0x0000438a       0x12 contiki-sky.a(rimeaddr.o)
                0x0000438a                rimeaddr_cmp
 .text.rimeaddr_set_node_addr
                0x0000439c        0xc contiki-sky.a(rimeaddr.o)
                0x0000439c                rimeaddr_set_node_addr
 .text.input    0x000043a8       0x3a contiki-sky.a(rime.o)
 .text.init     0x000043e2       0x2e contiki-sky.a(rime.o)
 .text.packet_sent
                0x00004410       0x44 contiki-sky.a(rime.o)
 .text.rime_sniffer_add
                0x00004454        0xc contiki-sky.a(rime.o)
                0x00004454                rime_sniffer_add
 .text.rime_sniffer_remove
                0x00004460        0xc contiki-sky.a(rime.o)
                0x00004460                rime_sniffer_remove
 .text.rime_output
                0x0000446c       0x24 contiki-sky.a(rime.o)
                0x0000446c                rime_output
 .text.announcement_init
                0x00004490        0xa contiki-sky.a(announcement.o)
                0x00004490                announcement_init
 .text.announcement_register
                0x0000449a       0x3e contiki-sky.a(announcement.o)
                0x0000449a                announcement_register
 .text.announcement_set_value
                0x000044d8       0x28 contiki-sky.a(announcement.o)
                0x000044d8                announcement_set_value
 .text.announcement_bump
                0x00004500       0x22 contiki-sky.a(announcement.o)
                0x00004500                announcement_bump
 .text.announcement_register_observer_callback
                0x00004522        0x6 contiki-sky.a(announcement.o)
                0x00004522                announcement_register_observer_callback
 .text.announcement_list
                0x00004528        0xa contiki-sky.a(announcement.o)
                0x00004528                announcement_list
 .text.announcement_heard
                0x00004532       0x42 contiki-sky.a(announcement.o)
                0x00004532                announcement_heard
 .text.adv_packet_sent
                0x00004574        0x2 contiki-sky.a(broadcast-annou)
 .text.adv_packet_received
                0x00004576       0x64 contiki-sky.a(broadcast-annou)
 .text.set_timers
                0x000045da       0x4a contiki-sky.a(broadcast-annou)
 .text.send_timer
                0x00004624       0x32 contiki-sky.a(broadcast-annou)
 .text.send_adv
                0x00004656       0x66 contiki-sky.a(broadcast-annou)
 .text.new_announcement
                0x000046bc       0x18 contiki-sky.a(broadcast-annou)
 .text.broadcast_announcement_init
                0x000046d4       0x48 contiki-sky.a(broadcast-annou)
                0x000046d4                broadcast_announcement_init
 .text.broadcast_announcement_beacon_interval
                0x0000471c        0xa contiki-sky.a(broadcast-annou)
                0x0000471c                broadcast_announcement_beacon_interval
 .text.sent_by_abc
                0x00004726       0x10 contiki-sky.a(broadcast.o)
 .text.recv_from_abc
                0x00004736       0x26 contiki-sky.a(broadcast.o)
 .text.broadcast_open
                0x0000475c       0x2a contiki-sky.a(broadcast.o)
                0x0000475c                broadcast_open
 .text.broadcast_send
                0x00004786       0x1a contiki-sky.a(broadcast.o)
                0x00004786                broadcast_send
 .text.abc_open
                0x000047a0       0x26 contiki-sky.a(abc.o)
                0x000047a0                abc_open
 .text.abc_send
                0x000047c6        0x6 contiki-sky.a(abc.o)
                0x000047c6                abc_send
 .text.abc_input
                0x000047cc        0xe contiki-sky.a(abc.o)
                0x000047cc                abc_input
 .text.abc_sent
                0x000047da       0x10 contiki-sky.a(abc.o)
                0x000047da                abc_sent
 .text.chameleon_init
                0x000047ea        0x6 contiki-sky.a(chameleon.o)
                0x000047ea                chameleon_init
 .text.chameleon_parse
                0x000047f0       0x10 contiki-sky.a(chameleon.o)
                0x000047f0                chameleon_parse
 .text.chameleon_create
                0x00004800       0x1c contiki-sky.a(chameleon.o)
                0x00004800                chameleon_create
 .text.chameleon_hdrsize
                0x0000481c        0x6 contiki-sky.a(chameleon.o)
                0x0000481c                chameleon_hdrsize
 .text.channel_init
                0x00004822        0xa contiki-sky.a(channel.o)
                0x00004822                channel_init
 .text.channel_open
                0x0000482c       0x10 contiki-sky.a(channel.o)
                0x0000482c                channel_open
 .text.channel_lookup
                0x0000483c       0x20 contiki-sky.a(channel.o)
                0x0000483c                channel_lookup
 .text.channel_set_attributes
                0x0000485c       0x24 contiki-sky.a(channel.o)
                0x0000485c                channel_set_attributes
 .text.header_size
                0x00004880       0x16 contiki-sky.a(chameleon-bitop)
 .text.get_bits_in_byte
                0x00004896       0x3a contiki-sky.a(chameleon-bitop)
                0x00004896                get_bits_in_byte
 .text.get_bits
                0x000048d0       0xa2 contiki-sky.a(chameleon-bitop)
                0x000048d0                get_bits
 .text.unpack_header
                0x00004972       0xd2 contiki-sky.a(chameleon-bitop)
 .text.set_bits_in_byte
                0x00004a44       0x2c contiki-sky.a(chameleon-bitop)
                0x00004a44                set_bits_in_byte
 .text.set_bits
                0x00004a70       0xc8 contiki-sky.a(chameleon-bitop)
                0x00004a70                set_bits
 .text.pack_header
                0x00004b38       0xbe contiki-sky.a(chameleon-bitop)
 .text.input_packet
                0x00004bf6        0x6 contiki-sky.a(csma.o)
 .text.on       0x00004bfc        0x6 contiki-sky.a(csma.o)
 .text.off      0x00004c02        0x6 contiki-sky.a(csma.o)
 .text.channel_check_interval
                0x00004c08       0x10 contiki-sky.a(csma.o)
 .text.transmit_packet_list
                0x00004c18       0x24 contiki-sky.a(csma.o)
 .text.init     0x00004c3c       0x1a contiki-sky.a(csma.o)
 .text.send_packet
                0x00004c56      0x162 contiki-sky.a(csma.o)
 .text.free_packet
                0x00004db8       0x98 contiki-sky.a(csma.o)
 .text.packet_sent
                0x00004e50      0x130 contiki-sky.a(csma.o)
 .text.duty_cycle
                0x00004f80        0x6 contiki-sky.a(contikimac.o)
 .text.init     0x00004f86       0x2e contiki-sky.a(contikimac.o)
 .text.on       0x00004fb4       0x1a contiki-sky.a(contikimac.o)
 .text.off      0x00004fce       0x22 contiki-sky.a(contikimac.o)
 .text.recv_burst_off
                0x00004ff0        0xa contiki-sky.a(contikimac.o)
 .text.turn_off
                0x00004ffa       0x20 contiki-sky.a(contikimac.o)
 .text.turn_on  0x0000501a       0x30 contiki-sky.a(contikimac.o)
 .text.schedule_powercycle_fixed.part.4
                0x0000504a       0x34 contiki-sky.a(contikimac.o)
 .text.powercycle_turn_radio_off
                0x0000507e       0x30 contiki-sky.a(contikimac.o)
 .text.input_packet
                0x000050ae      0x122 contiki-sky.a(contikimac.o)
 .text.send_packet
                0x000051d0      0x2c8 contiki-sky.a(contikimac.o)
 .text.qsend_list
                0x00005498       0x82 contiki-sky.a(contikimac.o)
 .text.qsend_packet
                0x0000551a       0x28 contiki-sky.a(contikimac.o)
 .text.powercycle
                0x00005542      0x1de contiki-sky.a(contikimac.o)
 .text.send_packet
                0x00005720       0x44 contiki-sky.a(phase.o)
 .text.phase_update
                0x00005764       0x92 contiki-sky.a(phase.o)
                0x00005764                phase_update
 .text.phase_wait
                0x000057f6       0xf2 contiki-sky.a(phase.o)
                0x000057f6                phase_wait
 .text.phase_init
                0x000058e8       0x14 contiki-sky.a(phase.o)
                0x000058e8                phase_init
 .text.call_process
                0x000058fc       0x46 contiki-sky.a(process.o)
 .text.exit_process
                0x00005942       0x96 contiki-sky.a(process.o)
 .text.do_poll  0x000059d8       0x30 contiki-sky.a(process.o)
 .text.process_alloc_event
                0x00005a08        0xe contiki-sky.a(process.o)
                0x00005a08                process_alloc_event
 .text.process_exit
                0x00005a16        0xa contiki-sky.a(process.o)
                0x00005a16                process_exit
 .text.process_init
                0x00005a20       0x1c contiki-sky.a(process.o)
                0x00005a20                process_init
 .text.process_run
                0x00005a3c       0xa2 contiki-sky.a(process.o)
                0x00005a3c                process_run
 .text.process_nevents
                0x00005ade        0xe contiki-sky.a(process.o)
                0x00005ade                process_nevents
 .text.process_post
                0x00005aec       0x54 contiki-sky.a(process.o)
                0x00005aec                process_post
 .text.process_post_synch
                0x00005b40       0x12 contiki-sky.a(process.o)
                0x00005b40                process_post_synch
 .text.process_start
                0x00005b52       0x36 contiki-sky.a(process.o)
                0x00005b52                process_start
 .text.process_poll
                0x00005b88       0x18 contiki-sky.a(process.o)
                0x00005b88                process_poll
 .text.process_is_running
                0x00005ba0        0xe contiki-sky.a(process.o)
                0x00005ba0                process_is_running
 .text.autostart_start
                0x00005bae       0x16 contiki-sky.a(autostart.o)
                0x00005bae                autostart_start
 .text.compower_accumulate
                0x00005bc4       0x72 contiki-sky.a(compower.o)
                0x00005bc4                compower_accumulate
 .text.compower_clear
                0x00005c36       0x12 contiki-sky.a(compower.o)
                0x00005c36                compower_clear
 .text.compower_attrconv
                0x00005c48       0x10 contiki-sky.a(compower.o)
                0x00005c48                compower_attrconv
 .text.process_thread_serial_line_process
                0x00005c58       0x9e contiki-sky.a(serial-line.o)
 .text.serial_line_input_byte
                0x00005cf6       0x4a contiki-sky.a(serial-line.o)
                0x00005cf6                serial_line_input_byte
 .text.serial_line_init
                0x00005d40       0x1c contiki-sky.a(serial-line.o)
                0x00005d40                serial_line_init
 .text.memb_init
                0x00005d5c       0x36 contiki-sky.a(memb.o)
                0x00005d5c                memb_init
 .text.memb_alloc
                0x00005d92       0x3e contiki-sky.a(memb.o)
                0x00005d92                memb_alloc
 .text.memb_free
                0x00005dd0       0x3a contiki-sky.a(memb.o)
                0x00005dd0                memb_free
 .text.memb_inmemb
                0x00005e0a       0x2a contiki-sky.a(memb.o)
                0x00005e0a                memb_inmemb
 .text.timer_set
                0x00005e34       0x1c contiki-sky.a(timer.o)
                0x00005e34                timer_set
 .text.timer_reset
                0x00005e50        0xe contiki-sky.a(timer.o)
                0x00005e50                timer_reset
 .text.timer_expired
                0x00005e5e       0x2a contiki-sky.a(timer.o)
                0x00005e5e                timer_expired
 .text.list_init
                0x00005e88        0x6 contiki-sky.a(list.o)
                0x00005e88                list_init
 .text.list_head
                0x00005e8e        0x4 contiki-sky.a(list.o)
                0x00005e8e                list_head
 .text.list_tail
                0x00005e92       0x12 contiki-sky.a(list.o)
                0x00005e92                list_tail
 .text.list_remove
                0x00005ea4       0x34 contiki-sky.a(list.o)
                0x00005ea4                list_remove
 .text.list_push
                0x00005ed8       0x1a contiki-sky.a(list.o)
                0x00005ed8                list_push
 .text.list_add
                0x00005ef2       0x2a contiki-sky.a(list.o)
                0x00005ef2                list_add
 .text.list_length
                0x00005f1c       0x10 contiki-sky.a(list.o)
                0x00005f1c                list_length
 .text.list_insert
                0x00005f2c       0x16 contiki-sky.a(list.o)
                0x00005f2c                list_insert
 .text.list_item_next
                0x00005f42        0xc contiki-sky.a(list.o)
                0x00005f42                list_item_next
 .text.update_time
                0x00005f4e       0x78 contiki-sky.a(etimer.o)
 .text.etimer_request_poll
                0x00005fc6        0xa contiki-sky.a(etimer.o)
                0x00005fc6                etimer_request_poll
 .text.process_thread_etimer_process
                0x00005fd0       0xcc contiki-sky.a(etimer.o)
 .text.add_timer
                0x0000609c       0x40 contiki-sky.a(etimer.o)
 .text.etimer_set
                0x000060dc       0x12 contiki-sky.a(etimer.o)
                0x000060dc                etimer_set
 .text.etimer_reset
                0x000060ee       0x12 contiki-sky.a(etimer.o)
                0x000060ee                etimer_reset
 .text.etimer_expired
                0x00006100        0xe contiki-sky.a(etimer.o)
                0x00006100                etimer_expired
 .text.etimer_pending
                0x0000610e        0xc contiki-sky.a(etimer.o)
                0x0000610e                etimer_pending
 .text.etimer_next_expiration_time
                0x0000611a       0x16 contiki-sky.a(etimer.o)
                0x0000611a                etimer_next_expiration_time
 .text.etimer_stop
                0x00006130       0x3e contiki-sky.a(etimer.o)
                0x00006130                etimer_stop
 .text.process_thread_ctimer_process
                0x0000616e       0xa8 contiki-sky.a(ctimer.o)
 .text.ctimer_init
                0x00006216       0x18 contiki-sky.a(ctimer.o)
                0x00006216                ctimer_init
 .text.ctimer_set
                0x0000622e       0x5a contiki-sky.a(ctimer.o)
                0x0000622e                ctimer_set
 .text.ctimer_reset
                0x00006288       0x3a contiki-sky.a(ctimer.o)
                0x00006288                ctimer_reset
 .text.ctimer_stop
                0x000062c2       0x28 contiki-sky.a(ctimer.o)
                0x000062c2                ctimer_stop
 .text.energest_init
                0x000062ea       0x26 contiki-sky.a(energest.o)
                0x000062ea                energest_init
 .text.energest_type_time
                0x00006310       0x48 contiki-sky.a(energest.o)
                0x00006310                energest_type_time
 .text.energest_type_set
                0x00006358        0xe contiki-sky.a(energest.o)
                0x00006358                energest_type_set
 .text.energest_flush
                0x00006366       0x48 contiki-sky.a(energest.o)
                0x00006366                energest_flush
 .text.rtimer_init
                0x000063ae        0x6 contiki-sky.a(rtimer.o)
                0x000063ae                rtimer_init
 .text.rtimer_set
                0x000063b4       0x24 contiki-sky.a(rtimer.o)
                0x000063b4                rtimer_set
 .text.rtimer_run_next
                0x000063d8       0x26 contiki-sky.a(rtimer.o)
                0x000063d8                rtimer_run_next
 .text.random_init
                0x000063fe        0x6 contiki-sky.a(random.o)
                0x000063fe                random_init
 .text.random_rand
                0x00006404        0x6 contiki-sky.a(random.o)
                0x00006404                random_rand
 .text.ringbuf_init
                0x0000640a       0x14 contiki-sky.a(ringbuf.o)
                0x0000640a                ringbuf_init
 .text.ringbuf_put
                0x0000641e       0x38 contiki-sky.a(ringbuf.o)
                0x0000641e                ringbuf_put
 .text.ringbuf_get
                0x00006456       0x32 contiki-sky.a(ringbuf.o)
                0x00006456                ringbuf_get
 .text.item_from_index
                0x00006488       0x2a contiki-sky.a(nbr-table.o)
 .text.index_from_key
                0x000064b2       0x12 contiki-sky.a(nbr-table.o)
 .text.index_from_item
                0x000064c4       0x1e contiki-sky.a(nbr-table.o)
 .text.nbr_set_bit
                0x000064e2       0x58 contiki-sky.a(nbr-table.o)
 .text.index_from_lladdr
                0x0000653a       0x42 contiki-sky.a(nbr-table.o)
 .text.nbr_get_bit.constprop.0
                0x0000657c       0x2e contiki-sky.a(nbr-table.o)
 .text.nbr_table_register
                0x000065aa       0x26 contiki-sky.a(nbr-table.o)
                0x000065aa                nbr_table_register
 .text.nbr_table_add_lladdr
                0x000065d0      0x128 contiki-sky.a(nbr-table.o)
                0x000065d0                nbr_table_add_lladdr
 .text.nbr_table_get_from_lladdr
                0x000066f8       0x2c contiki-sky.a(nbr-table.o)
                0x000066f8                nbr_table_get_from_lladdr
 .text.nbr_table_remove
                0x00006724       0x32 contiki-sky.a(nbr-table.o)
                0x00006724                nbr_table_remove
 .text.packetbuf_copyto_hdr
                0x00006756       0x1c contiki-sky.a(packetbuf.o)
                0x00006756                packetbuf_copyto_hdr
 .text.packetbuf_copyto
                0x00006772       0x52 contiki-sky.a(packetbuf.o)
                0x00006772                packetbuf_copyto
 .text.packetbuf_hdr_remove
                0x000067c4        0x6 contiki-sky.a(packetbuf.o)
                0x000067c4                packetbuf_hdr_remove
 .text.packetbuf_hdrreduce
                0x000067ca       0x1a contiki-sky.a(packetbuf.o)
                0x000067ca                packetbuf_hdrreduce
 .text.packetbuf_set_datalen
                0x000067e4        0x6 contiki-sky.a(packetbuf.o)
                0x000067e4                packetbuf_set_datalen
 .text.packetbuf_dataptr
                0x000067ea        0xe contiki-sky.a(packetbuf.o)
                0x000067ea                packetbuf_dataptr
 .text.packetbuf_hdrptr
                0x000067f8        0xa contiki-sky.a(packetbuf.o)
                0x000067f8                packetbuf_hdrptr
 .text.packetbuf_is_reference
                0x00006802        0xe contiki-sky.a(packetbuf.o)
                0x00006802                packetbuf_is_reference
 .text.packetbuf_compact
                0x00006810       0x48 contiki-sky.a(packetbuf.o)
                0x00006810                packetbuf_compact
 .text.packetbuf_reference_ptr
                0x00006858        0x6 contiki-sky.a(packetbuf.o)
                0x00006858                packetbuf_reference_ptr
 .text.packetbuf_datalen
                0x0000685e        0x6 contiki-sky.a(packetbuf.o)
                0x0000685e                packetbuf_datalen
 .text.packetbuf_totlen
                0x00006864       0x10 contiki-sky.a(packetbuf.o)
                0x00006864                packetbuf_totlen
 .text.packetbuf_hdralloc
                0x00006874       0x2e contiki-sky.a(packetbuf.o)
                0x00006874                packetbuf_hdralloc
 .text.packetbuf_attr_clear
                0x000068a2       0x2c contiki-sky.a(packetbuf.o)
                0x000068a2                packetbuf_attr_clear
 .text.packetbuf_clear
                0x000068ce       0x1a contiki-sky.a(packetbuf.o)
                0x000068ce                packetbuf_clear
 .text.packetbuf_copyfrom
                0x000068e8       0x2e contiki-sky.a(packetbuf.o)
                0x000068e8                packetbuf_copyfrom
 .text.packetbuf_attr_copyto
                0x00006916       0x20 contiki-sky.a(packetbuf.o)
                0x00006916                packetbuf_attr_copyto
 .text.packetbuf_attr_copyfrom
                0x00006936       0x22 contiki-sky.a(packetbuf.o)
                0x00006936                packetbuf_attr_copyfrom
 .text.queuebuf_init
                0x00006958       0x1a contiki-sky.a(queuebuf.o)
                0x00006958                queuebuf_init
 .text.queuebuf_new_from_packetbuf
                0x00006972       0x7e contiki-sky.a(queuebuf.o)
                0x00006972                queuebuf_new_from_packetbuf
 .text.queuebuf_update_attr_from_packetbuf
                0x000069f0       0x12 contiki-sky.a(queuebuf.o)
                0x000069f0                queuebuf_update_attr_from_packetbuf
 .text.queuebuf_free
                0x00006a02       0x40 contiki-sky.a(queuebuf.o)
                0x00006a02                queuebuf_free
 .text.queuebuf_to_packetbuf
                0x00006a42       0x6e contiki-sky.a(queuebuf.o)
                0x00006a42                queuebuf_to_packetbuf
 .text.queuebuf_dataptr
                0x00006ab0       0x32 contiki-sky.a(queuebuf.o)
                0x00006ab0                queuebuf_dataptr
 .text.queuebuf_attr
                0x00006ae2        0xe contiki-sky.a(queuebuf.o)
                0x00006ae2                queuebuf_attr
 .text.process_thread_serial_shell_process
                0x00006af0       0x52 contiki-sky.a(serial-shell.o)
 .text.shell_default_output
                0x00006b42       0x66 contiki-sky.a(serial-shell.o)
                0x00006b42                shell_default_output
 .text.shell_prompt
                0x00006ba8       0x1a contiki-sky.a(serial-shell.o)
                0x00006ba8                shell_prompt
 .text.shell_exit
                0x00006bc2        0x2 contiki-sky.a(serial-shell.o)
                0x00006bc2                shell_exit
 .text.serial_shell_init
                0x00006bc4        0xc contiki-sky.a(serial-shell.o)
                0x00006bc4                serial_shell_init
 .text.process_thread_shell_null_process
                0x00006bd0       0x40 contiki-sky.a(shell.o)
 .text.process_thread_shell_exit_process
                0x00006c10       0x1a contiki-sky.a(shell.o)
 .text.input_to_child_command
                0x00006c2a       0x4a contiki-sky.a(shell.o)
 .text.shell_output_str.part.1
                0x00006c74       0x2a contiki-sky.a(shell.o)
 .text.shell_input
                0x00006c9e       0x5a contiki-sky.a(shell.o)
                0x00006c9e                shell_input
 .text.shell_output_str
                0x00006cf8       0x4a contiki-sky.a(shell.o)
                0x00006cf8                shell_output_str
 .text.command_kill
                0x00006d42       0x24 contiki-sky.a(shell.o)
 .text.killall  0x00006d66       0x30 contiki-sky.a(shell.o)
 .text.process_thread_shell_killall_process
                0x00006d96       0x1a contiki-sky.a(shell.o)
 .text.start_command
                0x00006db0      0x162 contiki-sky.a(shell.o)
 .text.shell_start_command
                0x00006f12       0x4c contiki-sky.a(shell.o)
                0x00006f12                shell_start_command
 .text.process_thread_shell_process
                0x00006f5e       0xc2 contiki-sky.a(shell.o)
 .text.process_thread_shell_kill_process
                0x00007020       0x88 contiki-sky.a(shell.o)
 .text.process_thread_help_command_process
                0x000070a8       0x4c contiki-sky.a(shell.o)
 .text.shell_output
                0x000070f4       0x3a contiki-sky.a(shell.o)
                0x000070f4                shell_output
 .text.shell_register_command
                0x0000712e       0x6a contiki-sky.a(shell.o)
                0x0000712e                shell_register_command
 .text.shell_init
                0x00007198       0x68 contiki-sky.a(shell.o)
                0x00007198                shell_init
 .text.shell_strtolong
                0x00007200       0xa2 contiki-sky.a(shell.o)
                0x00007200                shell_strtolong
 .text.shell_time
                0x000072a2        0xe contiki-sky.a(shell.o)
                0x000072a2                shell_time
 .text.shell_set_time
                0x000072b0       0x22 contiki-sky.a(shell.o)
                0x000072b0                shell_set_time
 .text.process_thread_shell_server_process
                0x000072d2       0xa4 contiki-sky.a(shell.o)
 .text.process_thread_shell_reboot_process
                0x00007376       0xde contiki-sky.a(shell-reboot.o)
 .text.shell_reboot_init
                0x00007454        0xa contiki-sky.a(shell-reboot.o)
                0x00007454                shell_reboot_init
 .text.process_thread_shell_packetize_process
                0x0000745e       0xe8 contiki-sky.a(shell-rime.o)
 .text.process_thread_shell_routes_process
                0x00007546       0x90 contiki-sky.a(shell-rime.o)
 .text.process_thread_shell_collect_process
                0x000075d6       0x4c contiki-sky.a(shell-rime.o)
 .text.process_thread_shell_mac_process
                0x00007622       0x6e contiki-sky.a(shell-rime.o)
 .text.process_thread_shell_send_process
                0x00007690       0xd0 contiki-sky.a(shell-rime.o)
 .text.recv_collect
                0x00007760       0xb6 contiki-sky.a(shell-rime.o)
 .text.shell_rime_init
                0x00007816       0x4a contiki-sky.a(shell-rime.o)
                0x00007816                shell_rime_init
 .text.process_thread_shell_blink_process
                0x00007860      0x16c contiki-sky.a(shell-blink.o)
 .text.shell_blink_init
                0x000079cc        0xa contiki-sky.a(shell-blink.o)
                0x000079cc                shell_blink_init
 .text.process_thread_shell_size_process
                0x000079d6       0xae contiki-sky.a(shell-text.o)
 .text.process_thread_shell_hd_process
                0x00007a84      0x10c contiki-sky.a(shell-text.o)
 .text.process_thread_shell_binprint_process
                0x00007b90      0x124 contiki-sky.a(shell-text.o)
 .text.process_thread_shell_echo_process
                0x00007cb4       0x34 contiki-sky.a(shell-text.o)
 .text.shell_text_init
                0x00007ce8       0x22 contiki-sky.a(shell-text.o)
                0x00007ce8                shell_text_init
 .text.repeat_print_usage
                0x00007d0a       0x12 contiki-sky.a(shell-time.o)
 .text.process_thread_shell_randwait_process
                0x00007d1c      0x126 contiki-sky.a(shell-time.o)
 .text.process_thread_shell_repeat_server_process
                0x00007e42       0xa2 contiki-sky.a(shell-time.o)
 .text.process_thread_shell_repeat_process
                0x00007ee4      0x14e contiki-sky.a(shell-time.o)
 .text.process_thread_shell_timestamp_process
                0x00008032       0xb8 contiki-sky.a(shell-time.o)
 .text.process_thread_shell_time_process
                0x000080ea       0x84 contiki-sky.a(shell-time.o)
 .text.shell_time_init
                0x0000816e       0x22 contiki-sky.a(shell-time.o)
                0x0000816e                shell_time_init
 .text.process_thread_shell_netcmd_server_process
                0x00008190       0x86 contiki-sky.a(shell-rime-netc)
 .text.process_thread_shell_netcmd_process
                0x00008216       0xc4 contiki-sky.a(shell-rime-netc)
 .text.recv_trickle
                0x000082da       0x4e contiki-sky.a(shell-rime-netc)
 .text.shell_rime_netcmd_init
                0x00008328       0x22 contiki-sky.a(shell-rime-netc)
                0x00008328                shell_rime_netcmd_init
 .text.process_thread_shell_powertrace_process
                0x0000834a       0x94 contiki-sky.a(shell-powertrac)
 .text.shell_powertrace_init
                0x000083de       0x10 contiki-sky.a(shell-powertrac)
                0x000083de                shell_powertrace_init
 .text.process_thread_collect_view_data_process
                0x000083ee       0x8e contiki-sky.a(shell-collect-v)
 .text.shell_collect_view_init
                0x0000847c        0xa contiki-sky.a(shell-collect-v)
                0x0000847c                shell_collect_view_init
 .text.process_thread_shell_rfchannel_process
                0x00008486       0x62 contiki-sky.a(shell-sky.o)
 .text.process_thread_shell_txpower_process
                0x000084e8       0x62 contiki-sky.a(shell-sky.o)
 .text.process_thread_shell_senseconv_process
                0x0000854a      0x21e contiki-sky.a(shell-sky.o)
 .text.do_rssi  0x00008768       0xa8 contiki-sky.a(shell-sky.o)
 .text.process_thread_shell_sense_process
                0x00008810       0xc6 contiki-sky.a(shell-sky.o)
 .text.process_thread_shell_nodeid_process
                0x000088d6       0xa0 contiki-sky.a(shell-sky.o)
 .text.shell_sky_init
                0x00008976       0x2a contiki-sky.a(shell-sky.o)
                0x00008976                shell_sky_init
 .text.init_platform
                0x000089a0        0xc contiki-sky.a(contiki-sky-pla)
                0x000089a0                init_platform
 .text.status   0x000089ac       0x14 contiki-sky.a(sht11-sensor.o)
 .text.value    0x000089c0       0x30 contiki-sky.a(sht11-sensor.o)
 .text.configure
                0x000089f0       0x3e contiki-sky.a(sht11-sensor.o)
 .text.value    0x00008a2e       0x1a contiki-sky.a(light-sensor.o)
 .text.status   0x00008a48        0xc contiki-sky.a(light-sensor.o)
 .text.configure
                0x00008a54       0x10 contiki-sky.a(light-sensor.o)
 .text.value    0x00008a64        0x6 contiki-sky.a(battery-sensor.)
 .text.status   0x00008a6a        0xc contiki-sky.a(battery-sensor.)
 .text.configure
                0x00008a76       0x12 contiki-sky.a(battery-sensor.)
 .text.status   0x00008a88       0x18 contiki-sky.a(button-sensor.o)
 .text.value    0x00008aa0       0x20 contiki-sky.a(button-sensor.o)
 .text.configure
                0x00008ac0       0x4c contiki-sky.a(button-sensor.o)
 .text.irq_p2   0x00008b0c       0x88 contiki-sky.a(button-sensor.o)
                0x00008b0c                irq_p2
                0x00008b0c                __isr_1
 .text.owreadb  0x00008b94       0x50 contiki-sky.a(ds2411.o)
 .text.ds2411_init
                0x00008be4      0x120 contiki-sky.a(ds2411.o)
                0x00008be4                ds2411_init
 .text.write_enable
                0x00008d04       0x28 contiki-sky.a(xmem.o)
 .text.wait_ready
                0x00008d2c       0x4a contiki-sky.a(xmem.o)
 .text.xmem_init
                0x00008d76       0x3c contiki-sky.a(xmem.o)
                0x00008d76                xmem_init
 .text.xmem_pread
                0x00008db2       0xe0 contiki-sky.a(xmem.o)
                0x00008db2                xmem_pread
 .text.xmem_pwrite
                0x00008e92      0x13a contiki-sky.a(xmem.o)
                0x00008e92                xmem_pwrite
 .text.xmem_erase
                0x00008fcc       0xba contiki-sky.a(xmem.o)
                0x00008fcc                xmem_erase
 .text.node_id_restore
                0x00009086       0x38 contiki-sky.a(node-id.o)
                0x00009086                node_id_restore
 .text.node_id_burn
                0x000090be       0x36 contiki-sky.a(node-id.o)
                0x000090be                node_id_burn
 .text.process_thread_sensors_process
                0x000090f4       0xc2 contiki-sky.a(sensors.o)
 .text.sensors_changed
                0x000091b6       0x2a contiki-sky.a(sensors.o)
                0x000091b6                sensors_changed
 .text.strobe   0x000091e0       0x1c contiki-sky.a(cc2420.o)
 .text.status   0x000091fc       0x22 contiki-sky.a(cc2420.o)
 .text.getreg   0x0000921e       0x4c contiki-sky.a(cc2420.o)
 .text.setreg   0x0000926a       0x4c contiki-sky.a(cc2420.o)
 .text.set_txpower
                0x000092b6       0x24 contiki-sky.a(cc2420.o)
 .text.cc2420_receiving_packet
                0x000092da        0xc contiki-sky.a(cc2420.o)
 .text.pending_packet
                0x000092e6        0x8 contiki-sky.a(cc2420.o)
 .text.on       0x000092ee       0x44 contiki-sky.a(cc2420.o)
 .text.flushrx  0x00009332       0x6c contiki-sky.a(cc2420.o)
 .text.off      0x0000939e       0x72 contiki-sky.a(cc2420.o)
 .text.RELEASE_LOCK
                0x00009410       0x28 contiki-sky.a(cc2420.o)
 .text.cc2420_prepare
                0x00009438       0x82 contiki-sky.a(cc2420.o)
 .text.getrxdata
                0x000094ba       0x50 contiki-sky.a(cc2420.o)
 .text.cc2420_on
                0x0000950a       0x22 contiki-sky.a(cc2420.o)
                0x0000950a                cc2420_on
 .text.cc2420_off
                0x0000952c       0x30 contiki-sky.a(cc2420.o)
                0x0000952c                cc2420_off
 .text.cc2420_cca
                0x0000955c       0x82 contiki-sky.a(cc2420.o)
 .text.cc2420_read
                0x000095de       0xda contiki-sky.a(cc2420.o)
 .text.process_thread_cc2420_process
                0x000096b8       0x54 contiki-sky.a(cc2420.o)
 .text.cc2420_get_channel
                0x0000970c        0x6 contiki-sky.a(cc2420.o)
                0x0000970c                cc2420_get_channel
 .text.cc2420_set_channel
                0x00009712       0x80 contiki-sky.a(cc2420.o)
                0x00009712                cc2420_set_channel
 .text.cc2420_set_pan_addr
                0x00009792      0x13e contiki-sky.a(cc2420.o)
                0x00009792                cc2420_set_pan_addr
 .text.cc2420_interrupt
                0x000098d0       0x1e contiki-sky.a(cc2420.o)
                0x000098d0                cc2420_interrupt
 .text.cc2420_set_txpower
                0x000098ee        0xe contiki-sky.a(cc2420.o)
                0x000098ee                cc2420_set_txpower
 .text.cc2420_get_txpower
                0x000098fc       0x1e contiki-sky.a(cc2420.o)
                0x000098fc                cc2420_get_txpower
 .text.cc2420_transmit
                0x0000991a      0x1a6 contiki-sky.a(cc2420.o)
 .text.cc2420_send
                0x00009ac0       0x12 contiki-sky.a(cc2420.o)
 .text.cc2420_rssi
                0x00009ad2       0x62 contiki-sky.a(cc2420.o)
                0x00009ad2                cc2420_rssi
 .text.cc2420_set_cca_threshold
                0x00009b34       0x16 contiki-sky.a(cc2420.o)
                0x00009b34                cc2420_set_cca_threshold
 .text.cc2420_init
                0x00009b4a       0xd2 contiki-sky.a(cc2420.o)
                0x00009b4a                cc2420_init
 .text.cc2420_port1_interrupt
                0x00009c1c       0x62 contiki-sky.a(cc2420-arch.o)
                0x00009c1c                __isr_4
                0x00009c1c                cc2420_port1_interrupt
 .text.cc2420_arch_init
                0x00009c7e       0x1a contiki-sky.a(cc2420-arch.o)
                0x00009c7e                cc2420_arch_init
 .text.sky_sensors_status
                0x00009c98       0x3c contiki-sky.a(sky-sensors.o)
                0x00009c98                sky_sensors_status
 .text.sky_sensors_configure
                0x00009cd4       0xee contiki-sky.a(sky-sensors.o)
                0x00009cd4                sky_sensors_configure
 .text.handle_rxdma_timer
                0x00009dc2       0x3a contiki-sky.a(uart1.o)
 .text.uart1_active
                0x00009dfc       0x18 contiki-sky.a(uart1.o)
                0x00009dfc                uart1_active
 .text.uart1_set_input
                0x00009e14       0x20 contiki-sky.a(uart1.o)
                0x00009e14                uart1_set_input
 .text.uart1_writeb
                0x00009e34       0x18 contiki-sky.a(uart1.o)
                0x00009e34                uart1_writeb
 .text.uart1_init
                0x00009e4c       0xf4 contiki-sky.a(uart1.o)
                0x00009e4c                uart1_init
 .text.putchar  0x00009f40       0x10 contiki-sky.a(uart1-putchar.o)
                0x00009f40                putchar
 .text.msp430_init_dco
                0x00009f50       0x82 contiki-sky.a(msp430.o)
                0x00009f50                msp430_init_dco
 .text.msp430_add_lpm_req
                0x00009fd2        0xc contiki-sky.a(msp430.o)
                0x00009fd2                msp430_add_lpm_req
 .text.msp430_cpu_init
                0x00009fde       0x2a contiki-sky.a(msp430.o)
                0x00009fde                msp430_cpu_init
 .text.splhigh_
                0x0000a008        0x8 contiki-sky.a(msp430.o)
                0x0000a008                splhigh_
 .text.msp430_sync_dco
                0x0000a010       0x6c contiki-sky.a(msp430.o)
                0x0000a010                msp430_sync_dco
 .text.timera1  0x0000a07c       0xfe contiki-sky.a(clock.o)
                0x0000a07c                __isr_5
                0x0000a07c                timera1
 .text.clock_time
                0x0000a17a       0x1a contiki-sky.a(clock.o)
                0x0000a17a                clock_time
 .text.clock_init
                0x0000a194       0x28 contiki-sky.a(clock.o)
                0x0000a194                clock_init
 .text.clock_delay
                0x0000a1bc        0xc contiki-sky.a(clock.o)
                0x0000a1bc                clock_delay
 .text.clock_wait
                0x0000a1c8       0x30 contiki-sky.a(clock.o)
                0x0000a1c8                clock_wait
 .text.clock_seconds
                0x0000a1f8       0x1a contiki-sky.a(clock.o)
                0x0000a1f8                clock_seconds
 .text.show_leds
                0x0000a212      0x100 contiki-sky.a(leds.o)
 .text.leds_init
                0x0000a312        0xe contiki-sky.a(leds.o)
                0x0000a312                leds_init
 .text.leds_on  0x0000a320       0x14 contiki-sky.a(leds.o)
                0x0000a320                leds_on
 .text.leds_off
                0x0000a334       0x14 contiki-sky.a(leds.o)
                0x0000a334                leds_off
 .text.leds_invert
                0x0000a348        0xa contiki-sky.a(leds.o)
                0x0000a348                leds_invert
 .text.leds_toggle
                0x0000a352        0x6 contiki-sky.a(leds.o)
                0x0000a352                leds_toggle
 .text.leds_arch_init
                0x0000a358        0xe contiki-sky.a(leds-arch.o)
                0x0000a358                leds_arch_init
 .text.leds_arch_set
                0x0000a366       0x38 contiki-sky.a(leds-arch.o)
                0x0000a366                leds_arch_set
 .text.watchdog_interrupt
                0x0000a39e        0x6 contiki-sky.a(watchdog.o)
                0x0000a39e                __isr_10
                0x0000a39e                watchdog_interrupt
 .text.watchdog_start
                0x0000a3a4       0x14 contiki-sky.a(watchdog.o)
                0x0000a3a4                watchdog_start
 .text.watchdog_periodic
                0x0000a3b8       0x12 contiki-sky.a(watchdog.o)
                0x0000a3b8                watchdog_periodic
 .text.watchdog_stop
                0x0000a3ca       0x16 contiki-sky.a(watchdog.o)
                0x0000a3ca                watchdog_stop
 .text.watchdog_init
                0x0000a3e0       0x12 contiki-sky.a(watchdog.o)
                0x0000a3e0                watchdog_init
 .text.watchdog_reboot
                0x0000a3f2        0x6 contiki-sky.a(watchdog.o)
                0x0000a3f2                watchdog_reboot
 .text.rtimer_arch_init
                0x0000a3f8        0xe contiki-sky.a(rtimer-arch.o)
                0x0000a3f8                rtimer_arch_init
 .text.rtimer_arch_now
                0x0000a406        0xe contiki-sky.a(rtimer-arch.o)
                0x0000a406                rtimer_arch_now
 .text.timera0  0x0000a414       0x70 contiki-sky.a(rtimer-arch.o)
                0x0000a414                __isr_6
                0x0000a414                timera0
 .text.rtimer_arch_schedule
                0x0000a484        0x6 contiki-sky.a(rtimer-arch.o)
                0x0000a484                rtimer_arch_schedule
 .text.send     0x0000a48a       0x1a contiki-sky.a(trickle.o)
 .text.run_trickle
                0x0000a4a4       0xc4 contiki-sky.a(trickle.o)
 .text.recv     0x0000a568       0x86 contiki-sky.a(trickle.o)
 .text.timer_callback
                0x0000a5ee        0x6 contiki-sky.a(trickle.o)
 .text.trickle_open
                0x0000a5f4       0x44 contiki-sky.a(trickle.o)
                0x0000a5f4                trickle_open
 .text.trickle_send
                0x0000a638       0x3e contiki-sky.a(trickle.o)
                0x0000a638                trickle_send
 .text.route_num
                0x0000a676       0x1e contiki-sky.a(route.o)
                0x0000a676                route_num
 .text.route_get
                0x0000a694       0x26 contiki-sky.a(route.o)
                0x0000a694                route_get
 .text.bump_advertisement
                0x0000a6ba        0xa contiki-sky.a(collect.o)
 .text.send_packet
                0x0000a6c4       0x3a contiki-sky.a(collect.o)
 .text.send_queued_packet
                0x0000a6fe       0xc8 contiki-sky.a(collect.o)
 .text.update_rtmetric
                0x0000a7c6       0xf4 contiki-sky.a(collect.o)
 .text.send_next_packet
                0x0000a8ba       0x2c contiki-sky.a(collect.o)
 .text.send_ack
                0x0000a8e6       0x7e contiki-sky.a(collect.o)
 .text.received_announcement
                0x0000a964       0x9c contiki-sky.a(collect.o)
 .text.set_keepalive_timer
                0x0000aa00       0x5e contiki-sky.a(collect.o)
 .text.timedout
                0x0000aa5e       0x38 contiki-sky.a(collect.o)
 .text.retransmit_callback
                0x0000aa96       0xcc contiki-sky.a(collect.o)
 .text.retransmit_not_sent_callback
                0x0000ab62        0xc contiki-sky.a(collect.o)
 .text.node_packet_sent
                0x0000ab6e       0x56 contiki-sky.a(collect.o)
 .text.add_packet_to_recent_packets.part.4
                0x0000abc4       0x46 contiki-sky.a(collect.o)
 .text.enqueue_dummy_packet
                0x0000ac0a       0x88 contiki-sky.a(collect.o)
 .text.send_keepalive
                0x0000ac92       0x32 contiki-sky.a(collect.o)
 .text.proactive_probing_callback
                0x0000acc4       0xe2 contiki-sky.a(collect.o)
 .text.node_packet_received
                0x0000ada6      0x2e4 contiki-sky.a(collect.o)
 .text.collect_open
                0x0000b08a       0xe6 contiki-sky.a(collect.o)
                0x0000b08a                collect_open
 .text.collect_set_keepalive
                0x0000b170        0xe contiki-sky.a(collect.o)
                0x0000b170                collect_set_keepalive
 .text.collect_set_sink
                0x0000b17e       0x62 contiki-sky.a(collect.o)
                0x0000b17e                collect_set_sink
 .text.collect_send
                0x0000b1e0       0xea contiki-sky.a(collect.o)
                0x0000b1e0                collect_send
 .text.periodic
                0x0000b2ca       0x8e contiki-sky.a(collect-neighbo)
 .text.collect_neighbor_init
                0x0000b358       0x14 contiki-sky.a(collect-neighbo)
                0x0000b358                collect_neighbor_init
 .text.collect_neighbor_list_new
                0x0000b36c       0x32 contiki-sky.a(collect-neighbo)
                0x0000b36c                collect_neighbor_list_new
 .text.collect_neighbor_list_find
                0x0000b39e       0x3c contiki-sky.a(collect-neighbo)
                0x0000b39e                collect_neighbor_list_find
 .text.collect_neighbor_list_add
                0x0000b3da       0xb0 contiki-sky.a(collect-neighbo)
                0x0000b3da                collect_neighbor_list_add
 .text.collect_neighbor_list
                0x0000b48a        0xe contiki-sky.a(collect-neighbo)
                0x0000b48a                collect_neighbor_list
 .text.collect_neighbor_list_num
                0x0000b498       0x12 contiki-sky.a(collect-neighbo)
                0x0000b498                collect_neighbor_list_num
 .text.collect_neighbor_update_rtmetric
                0x0000b4aa        0xe contiki-sky.a(collect-neighbo)
                0x0000b4aa                collect_neighbor_update_rtmetric
 .text.collect_neighbor_tx_fail
                0x0000b4b8       0x1e contiki-sky.a(collect-neighbo)
                0x0000b4b8                collect_neighbor_tx_fail
 .text.collect_neighbor_tx
                0x0000b4d6       0x1e contiki-sky.a(collect-neighbo)
                0x0000b4d6                collect_neighbor_tx
 .text.collect_neighbor_rtmetric_link_estimate
                0x0000b4f4       0x1c contiki-sky.a(collect-neighbo)
                0x0000b4f4                collect_neighbor_rtmetric_link_estimate
 .text.collect_neighbor_list_best
                0x0000b510       0x4a contiki-sky.a(collect-neighbo)
                0x0000b510                collect_neighbor_list_best
 .text.collect_neighbor_rtmetric
                0x0000b55a        0xe contiki-sky.a(collect-neighbo)
                0x0000b55a                collect_neighbor_rtmetric
 .text.collect_neighbor_set_congested
                0x0000b568       0x14 contiki-sky.a(collect-neighbo)
                0x0000b568                collect_neighbor_set_congested
 .text.collect_neighbor_is_congested
                0x0000b57c       0x1c contiki-sky.a(collect-neighbo)
                0x0000b57c                collect_neighbor_is_congested
 .text.collect_neighbor_link_estimate
                0x0000b598       0x2e contiki-sky.a(collect-neighbo)
                0x0000b598                collect_neighbor_link_estimate
 .text.collect_link_estimate_new
                0x0000b5c6       0x12 contiki-sky.a(collect-link-es)
                0x0000b5c6                collect_link_estimate_new
 .text.collect_link_estimate_update_tx
                0x0000b5d8       0x9a contiki-sky.a(collect-link-es)
                0x0000b5d8                collect_link_estimate_update_tx
 .text.collect_link_estimate_update_tx_fail
                0x0000b672        0xc contiki-sky.a(collect-link-es)
                0x0000b672                collect_link_estimate_update_tx_fail
 .text.collect_link_estimate
                0x0000b67e       0x18 contiki-sky.a(collect-link-es)
                0x0000b67e                collect_link_estimate
 .text.collect_link_estimate_num_estimates
                0x0000b696        0xe contiki-sky.a(collect-link-es)
                0x0000b696                collect_link_estimate_num_estimates
 .text.mac_call_sent_callback
                0x0000b6a4       0x14 contiki-sky.a(mac.o)
                0x0000b6a4                mac_call_sent_callback
 .text.create   0x0000b6b8      0x106 contiki-sky.a(framer-802154.o)
 .text.parse    0x0000b7be       0xac contiki-sky.a(framer-802154.o)
 .text.crc16_add
                0x0000b86a       0x56 contiki-sky.a(crc16.o)
                0x0000b86a                crc16_add
 .text.crc16_data
                0x0000b8c0       0x2a contiki-sky.a(crc16.o)
                0x0000b8c0                crc16_data
 .text.remove_queued_packet
                0x0000b8ea       0x36 contiki-sky.a(packetqueue.o)
 .text.packetqueue_enqueue_packetbuf
                0x0000b920       0x7a contiki-sky.a(packetqueue.o)
                0x0000b920                packetqueue_enqueue_packetbuf
 .text.packetqueue_first
                0x0000b99a        0xa contiki-sky.a(packetqueue.o)
                0x0000b99a                packetqueue_first
 .text.packetqueue_dequeue
                0x0000b9a4       0x40 contiki-sky.a(packetqueue.o)
                0x0000b9a4                packetqueue_dequeue
 .text.packetqueue_len
                0x0000b9e4        0xa contiki-sky.a(packetqueue.o)
                0x0000b9e4                packetqueue_len
 .text.packetqueue_queuebuf
                0x0000b9ee        0xe contiki-sky.a(packetqueue.o)
                0x0000b9ee                packetqueue_queuebuf
 .text.sniffprint
                0x0000b9fc       0x72 contiki-sky.a(powertrace.o)
 .text.output_printsniffer
                0x0000ba6e       0x16 contiki-sky.a(powertrace.o)
 .text.add_stats
                0x0000ba84       0x56 contiki-sky.a(powertrace.o)
 .text.add_packet_stats
                0x0000bada       0x5e contiki-sky.a(powertrace.o)
 .text.output_sniffer
                0x0000bb38        0x8 contiki-sky.a(powertrace.o)
 .text.input_sniffer
                0x0000bb40        0x8 contiki-sky.a(powertrace.o)
 .text.input_printsniffer
                0x0000bb48       0x70 contiki-sky.a(powertrace.o)
 .text.powertrace_print
                0x0000bbb8      0x7b0 contiki-sky.a(powertrace.o)
                0x0000bbb8                powertrace_print
 .text.process_thread_powertrace_process
                0x0000c368       0x60 contiki-sky.a(powertrace.o)
 .text.powertrace_start
                0x0000c3c8       0x18 contiki-sky.a(powertrace.o)
                0x0000c3c8                powertrace_start
 .text.powertrace_stop
                0x0000c3e0        0xa contiki-sky.a(powertrace.o)
                0x0000c3e0                powertrace_stop
 .text.powertrace_sniff
                0x0000c3ea       0x1e contiki-sky.a(powertrace.o)
                0x0000c3ea                powertrace_sniff
 .text.collect_view_construct_message
                0x0000c408      0x140 contiki-sky.a(collect-view.o)
                0x0000c408                collect_view_construct_message
 .text.collect_view_arch_read_sensors
                0x0000c548       0x9c contiki-sky.a(collect-view-sk)
                0x0000c548                collect_view_arch_read_sensors
 .text.crc8_add
                0x0000c5e4       0x1c contiki-sky.a(sht11.o)
 .text.sstart   0x0000c600       0x3e contiki-sky.a(sht11.o)
 .text.swrite   0x0000c63e       0x62 contiki-sky.a(sht11.o)
 .text.sread    0x0000c6a0       0x4c contiki-sky.a(sht11.o)
 .text.sreset   0x0000c6ec       0x2a contiki-sky.a(sht11.o)
 .text.scmd.part.0
                0x0000c716       0xb4 contiki-sky.a(sht11.o)
 .text.sht11_init
                0x0000c7ca       0x1a contiki-sky.a(sht11.o)
                0x0000c7ca                sht11_init
 .text.sht11_off
                0x0000c7e4       0x14 contiki-sky.a(sht11.o)
                0x0000c7e4                sht11_off
 .text.sht11_temp
                0x0000c7f8        0xa contiki-sky.a(sht11.o)
                0x0000c7f8                sht11_temp
 .text.sht11_humidity
                0x0000c802        0xa contiki-sky.a(sht11.o)
                0x0000c802                sht11_humidity
 .text.sht11_sreg
                0x0000c80c       0x80 contiki-sky.a(sht11.o)
                0x0000c80c                sht11_sreg
 .text.spi_init
                0x0000c88c       0x30 contiki-sky.a(spi.o)
                0x0000c88c                spi_init
 .text.sent_by_broadcast
                0x0000c8bc       0x10 contiki-sky.a(unicast.o)
 .text.recv_from_broadcast
                0x0000c8cc       0x2e contiki-sky.a(unicast.o)
 .text.unicast_open
                0x0000c8fa       0x2a contiki-sky.a(unicast.o)
                0x0000c8fa                unicast_open
 .text.unicast_send
                0x0000c924       0x16 contiki-sky.a(unicast.o)
                0x0000c924                unicast_send
 .text.field_len
                0x0000c93a       0x90 contiki-sky.a(frame802154.o)
 .text.frame802154_hdrlen
                0x0000c9ca       0x2e contiki-sky.a(frame802154.o)
                0x0000c9ca                frame802154_hdrlen
 .text.frame802154_create
                0x0000c9f8      0x172 contiki-sky.a(frame802154.o)
                0x0000c9f8                frame802154_create
 .text.frame802154_parse
                0x0000cb6a      0x1c4 contiki-sky.a(frame802154.o)
                0x0000cb6a                frame802154_parse
 .text.libgcc   0x0000cd2e       0x2c /usr/local/msp430/bin/../lib/gcc/msp430/4.7.0/mmpy-16/libgcc.a(_mulsi3.o)
                0x0000cd2e                __mulsi3
 .text.libgcc   0x0000cd5a       0x22 /usr/local/msp430/bin/../lib/gcc/msp430/4.7.0/mmpy-16/libgcc.a(_udivmod16.o)
                0x0000cd5a                __udivhi3
                0x0000cd5a                __ext_udivmod16
                0x0000cd74                __umodhi3
 .text.libgcc   0x0000cd7c       0x3a /usr/local/msp430/bin/../lib/gcc/msp430/4.7.0/mmpy-16/libgcc.a(_divmod16.o)
                0x0000cd7c                __ext_divmod16
                0x0000cd7c                __divhi3
                0x0000cdae                __modhi3
 .text.libgcc   0x0000cdb6       0x40 /usr/local/msp430/bin/../lib/gcc/msp430/4.7.0/mmpy-16/libgcc.a(_udivmod32.o)
                0x0000cdb6                __udivsi3
                0x0000cdb6                __ext_udivmod32
                0x0000cdec                __umodsi3
 .text.libgcc   0x0000cdf6       0x4c /usr/local/msp430/bin/../lib/gcc/msp430/4.7.0/mmpy-16/libgcc.a(_divmod32.o)
                0x0000cdf6                __ext_divmod32
                0x0000cdf6                __divsi3
                0x0000ce38                __modsi3
 .text.printf   0x0000ce42       0x10 /usr/local/msp430/bin/../lib/gcc/msp430/4.7.0/../../../../msp430/lib/mmpy-16/libc.a(printf.o)
                0x0000ce42                printf
 .text.append   0x0000ce52       0x22 /usr/local/msp430/bin/../lib/gcc/msp430/4.7.0/../../../../msp430/lib/mmpy-16/libc.a(sprintf.o)
 .text.call_vuprintf
                0x0000ce74       0x3a /usr/local/msp430/bin/../lib/gcc/msp430/4.7.0/../../../../msp430/lib/mmpy-16/libc.a(sprintf.o)
 .text.sprintf  0x0000ceae       0x1c /usr/local/msp430/bin/../lib/gcc/msp430/4.7.0/../../../../msp430/lib/mmpy-16/libc.a(sprintf.o)
                0x0000ceae                sprintf
 .text.snprintf
                0x0000ceca       0x1a /usr/local/msp430/bin/../lib/gcc/msp430/4.7.0/../../../../msp430/lib/mmpy-16/libc.a(sprintf.o)
                0x0000ceca                snprintf
 .text.print_field
                0x0000cee4      0x194 /usr/local/msp430/bin/../lib/gcc/msp430/4.7.0/../../../../msp430/lib/mmpy-16/libc.a(vuprintf.o)
 .text.vuprintf
                0x0000d078      0x63c /usr/local/msp430/bin/../lib/gcc/msp430/4.7.0/../../../../msp430/lib/mmpy-16/libc.a(vuprintf.o)
                0x0000d078                vuprintf
 .text.puts     0x0000d6b4       0x2c /usr/local/msp430/bin/../lib/gcc/msp430/4.7.0/../../../../msp430/lib/mmpy-16/libc.a(puts.o)
                0x0000d6b4                puts
 .text.rand     0x0000d6e0       0x26 /usr/local/msp430/bin/../lib/gcc/msp430/4.7.0/../../../../msp430/lib/mmpy-16/libc.a(rand.o)
                0x0000d6e0                rand
 .text.srand    0x0000d706        0xa /usr/local/msp430/bin/../lib/gcc/msp430/4.7.0/../../../../msp430/lib/mmpy-16/libc.a(rand.o)
                0x0000d706                srand
 .text.strchr   0x0000d710       0x16 /usr/local/msp430/bin/../lib/gcc/msp430/4.7.0/../../../../msp430/lib/mmpy-16/libc.a(strchr.o)
                0x0000d710                strchr
 .text.strcmp   0x0000d726       0x1e /usr/local/msp430/bin/../lib/gcc/msp430/4.7.0/../../../../msp430/lib/mmpy-16/libc.a(strcmp.o)
                0x0000d726                strcmp
 .text.strncmp  0x0000d744       0x2a /usr/local/msp430/bin/../lib/gcc/msp430/4.7.0/../../../../msp430/lib/mmpy-16/libc.a(strncmp.o)
                0x0000d744                strncmp
 .text.memcmp   0x0000d76e       0x30 /usr/local/msp430/bin/../lib/gcc/msp430/4.7.0/../../../../msp430/lib/mmpy-16/libc.a(memcmp.o)
                0x0000d76e                memcmp
 .text.strcpy   0x0000d79e       0x14 /usr/local/msp430/bin/../lib/gcc/msp430/4.7.0/../../../../msp430/lib/mmpy-16/libc.a(strcpy.o)
                0x0000d79e                strcpy
 .text.strncpy  0x0000d7b2       0x2a /usr/local/msp430/bin/../lib/gcc/msp430/4.7.0/../../../../msp430/lib/mmpy-16/libc.a(strncpy.o)
                0x0000d7b2                strncpy
 .text.memcpy   0x0000d7dc       0xfa /usr/local/msp430/bin/../lib/gcc/msp430/4.7.0/../../../../msp430/lib/mmpy-16/libc.a(memcpy.o)
                0x0000d7dc                memcpy
 .text.memset   0x0000d8d6       0x6a /usr/local/msp430/bin/../lib/gcc/msp430/4.7.0/../../../../msp430/lib/mmpy-16/libc.a(memset.o)
                0x0000d8d6                memset
 .text.libgcc   0x0000d940       0xf0 /usr/local/msp430/bin/../lib/gcc/msp430/4.7.0/mmpy-16/libgcc.a(_udivmod64.o)
                0x0000d940                __xabi_udivmod64
                0x0000d99e                __udivdi3
                0x0000d9c4                __umoddi3
                0x0000d9f2                __udivmoddi4
 .text.crt0     0x0000da30        0x2 /usr/local/msp430/bin/../lib/gcc/msp430/4.7.0/mmpy-16/libcrt0.a(_unexpected_.o)
                0x0000da30                _unexpected_
 *(.near.text .near.text.*)

.rodata         0x0000da32      0xc53
                0x0000da32                . = ALIGN (0x2)
 *(.rodata .rodata.* .gnu.linkonce.r.*)
 .rodata        0x0000da32       0x20 collect-view-shell.co
                0x0000da32                autostart_processes
 .rodata        0x0000da52       0xe1 obj_sky/contiki-sky-main.o
 *fill*         0x0000db33        0x1 00
 .rodata        0x0000db34        0x2 contiki-sky.a(rimeaddr.o)
                0x0000db34                rimeaddr_null
 .rodata        0x0000db36        0xc contiki-sky.a(rime.o)
                0x0000db3c                rime_driver
 .rodata        0x0000db42        0x4 contiki-sky.a(broadcast-annou)
 .rodata        0x0000db46        0x8 contiki-sky.a(broadcast.o)
 .rodata        0x0000db4e        0x2 contiki-sky.a(abc.o)
 .rodata        0x0000db50       0x10 contiki-sky.a(chameleon-bitop)
                0x0000db50                chameleon_bitopt
 .rodata        0x0000db60       0x14 contiki-sky.a(csma.o)
                0x0000db66                csma_driver
 .rodata        0x0000db74       0x1c contiki-sky.a(contikimac.o)
                0x0000db80                contikimac_driver
 .rodata        0x0000db90        0xe contiki-sky.a(serial-line.o)
 .rodata        0x0000db9e        0xc contiki-sky.a(etimer.o)
 .rodata        0x0000dbaa        0xf contiki-sky.a(ctimer.o)
 .rodata        0x0000dbb9       0x24 contiki-sky.a(serial-shell.o)
 .rodata        0x0000dbdd      0x19e contiki-sky.a(shell.o)
 .rodata        0x0000dd7b       0x48 contiki-sky.a(shell-reboot.o)
 *fill*         0x0000ddc3        0x1 00
 .rodata        0x0000ddc4      0x1b4 contiki-sky.a(shell-rime.o)
 .rodata        0x0000df78       0x2c contiki-sky.a(shell-blink.o)
 .rodata        0x0000dfa4       0xbd contiki-sky.a(shell-text.o)
 .rodata        0x0000e061      0x155 contiki-sky.a(shell-time.o)
 .rodata        0x0000e1b6       0xac contiki-sky.a(shell-rime-netc)
 .rodata        0x0000e262       0x89 contiki-sky.a(shell-powertrac)
 .rodata        0x0000e2eb       0x54 contiki-sky.a(shell-collect-v)
 .rodata        0x0000e33f      0x15e contiki-sky.a(shell-sky.o)
 *fill*         0x0000e49d        0x1 00
 .rodata        0x0000e49e        0xe contiki-sky.a(sht11-sensor.o)
                0x0000e4a4                sht11_sensor
 .rodata        0x0000e4ac        0xe contiki-sky.a(light-sensor.o)
                0x0000e4b2                light_sensor
 .rodata        0x0000e4ba       0x10 contiki-sky.a(battery-sensor.)
                0x0000e4c2                battery_sensor
 .rodata        0x0000e4ca       0x10 contiki-sky.a(button-sensor.o)
                0x0000e4d2                button_sensor
 .rodata        0x0000e4da        0x8 contiki-sky.a(sensors.o)
 .rodata        0x0000e4e2       0x22 contiki-sky.a(cc2420.o)
                0x0000e4e2                cc2420_driver
 .rodata        0x0000e504        0xa contiki-sky.a(trickle.o)
 .rodata        0x0000e50e       0x18 contiki-sky.a(collect.o)
 .rodata        0x0000e526        0x4 contiki-sky.a(framer-802154.o)
                0x0000e526                framer_802154
 .rodata        0x0000e52a      0x148 contiki-sky.a(powertrace.o)
 .rodata        0x0000e672        0xa contiki-sky.a(unicast.o)
 .rodata        0x0000e67c        0x2 contiki-sky.a(frame802154.o)
 .rodata.vuprintf
                0x0000e67e        0x7 /usr/local/msp430/bin/../lib/gcc/msp430/4.7.0/../../../../msp430/lib/mmpy-16/libc.a(vuprintf.o)
 *(.near.rodata .near.rodata.*)
                0x0000e686                . = ALIGN (0x2)
                0x0000e686                _etext = .

.data           0x00001100      0x354 load address 0x0000e686
                0x00001100                . = ALIGN (0x2)
                0x00001100                __data_start = .
 *(.data .data.* .gnu.linkonce.d.*)
 .data          0x00001100        0xa collect-view-shell.co
                0x00001100                collect_view_shell_process
 .data          0x0000110a       0x18 contiki-sky.a(csma.o)
 .data          0x00001122       0x10 contiki-sky.a(phase.o)
 .data          0x00001132        0xa contiki-sky.a(serial-line.o)
                0x00001132                serial_line_process
 .data          0x0000113c        0xa contiki-sky.a(etimer.o)
                0x0000113c                etimer_process
 .data          0x00001146        0xa contiki-sky.a(ctimer.o)
                0x00001146                ctimer_process
 .data          0x00001150        0x8 contiki-sky.a(nbr-table.o)
 .data          0x00001158       0x18 contiki-sky.a(queuebuf.o)
 .data          0x00001170        0xa contiki-sky.a(serial-shell.o)
                0x00001170                serial_shell_process
 .data          0x0000117a       0xac contiki-sky.a(shell.o)
                0x0000117a                shell_exit_process
                0x00001184                shell_null_process
                0x0000118e                shell_kill_process
                0x00001198                shell_killall_process
                0x000011a2                help_command_process
                0x000011ac                shell_server_process
                0x000011b6                shell_process
 .data          0x00001226       0x14 contiki-sky.a(shell-reboot.o)
                0x00001226                shell_reboot_process
 .data          0x0000123a       0x64 contiki-sky.a(shell-rime.o)
                0x0000123a                shell_packetize_process
                0x00001244                shell_routes_process
                0x0000124e                shell_collect_process
                0x00001258                shell_send_process
                0x00001262                shell_mac_process
 .data          0x0000129e       0x14 contiki-sky.a(shell-blink.o)
                0x0000129e                shell_blink_process
 .data          0x000012b2       0x50 contiki-sky.a(shell-text.o)
                0x000012b2                shell_size_process
                0x000012bc                shell_hd_process
                0x000012c6                shell_binprint_process
                0x000012d0                shell_echo_process
 .data          0x00001302       0x5a contiki-sky.a(shell-time.o)
                0x00001302                shell_randwait_process
                0x0000130c                shell_repeat_server_process
                0x00001316                shell_repeat_process
                0x00001320                shell_timestamp_process
                0x0000132a                shell_time_process
 .data          0x0000135c       0x1e contiki-sky.a(shell-rime-netc)
                0x0000135c                shell_netcmd_server_process
                0x00001366                shell_netcmd_process
 .data          0x0000137a       0x14 contiki-sky.a(shell-powertrac)
                0x0000137a                shell_powertrace_process
 .data          0x0000138e       0x14 contiki-sky.a(shell-collect-v)
                0x0000138e                collect_view_data_process
 .data          0x000013a2       0x64 contiki-sky.a(shell-sky.o)
                0x000013a2                shell_rfchannel_process
                0x000013ac                shell_txpower_process
                0x000013b6                shell_senseconv_process
                0x000013c0                shell_sense_process
                0x000013ca                shell_nodeid_process
 .data          0x00001406        0x4 contiki-sky.a(contiki-sky-pla)
                0x00001406                sensors
 .data          0x0000140a        0x1 contiki-sky.a(sht11-sensor.o)
 *fill*         0x0000140b        0x1 00
 .data          0x0000140c        0xa contiki-sky.a(sensors.o)
                0x0000140c                sensors_process
 .data          0x00001416        0xa contiki-sky.a(cc2420.o)
                0x00001416                cc2420_process
 .data          0x00001420        0x2 contiki-sky.a(msp430.o)
 .data          0x00001422        0x8 contiki-sky.a(collect.o)
 .data          0x0000142a        0x8 contiki-sky.a(collect-neighbo)
 .data          0x00001432       0x1e contiki-sky.a(powertrace.o)
                0x00001432                powertrace_process
 .data.next     0x00001450        0x4 /usr/local/msp430/bin/../lib/gcc/msp430/4.7.0/../../../../msp430/lib/mmpy-16/libc.a(rand.o)
 *(.near.data .near.data.*)
                0x00001454                . = ALIGN (0x2)
                0x00001454                _edata = .
                0x0000e686                __data_load_start = LOADADDR (.data)
                0x00000354                __data_size = SIZEOF (.data)

.bss            0x00001454     0x1e88 load address 0x0000e9da
                0x00001454                __bss_start = .
 *(.bss .bss.*)
 .bss           0x00001454        0xc obj_sky/contiki-sky-main.o
 .bss           0x00001460        0x2 contiki-sky.a(rime.o)
 .bss           0x00001462        0x6 contiki-sky.a(announcement.o)
 .bss           0x00001468       0x46 contiki-sky.a(broadcast-annou)
 .bss           0x000014ae        0x2 contiki-sky.a(channel.o)
 .bss           0x000014b0      0x126 contiki-sky.a(csma.o)
 .bss           0x000015d6       0x74 contiki-sky.a(contikimac.o)
 .bss           0x0000164a      0x148 contiki-sky.a(phase.o)
 .bss           0x00001792       0x42 contiki-sky.a(process.o)
                0x00001792                process_current
                0x00001794                process_list
 .bss           0x000017d4        0x8 contiki-sky.a(compower.o)
 .bss           0x000017dc      0x10a contiki-sky.a(serial-line.o)
 .bss           0x000018e6        0x6 contiki-sky.a(etimer.o)
 .bss           0x000018ec        0x4 contiki-sky.a(ctimer.o)
 .bss           0x000018f0        0x2 contiki-sky.a(rtimer.o)
 .bss           0x000018f2       0x4c contiki-sky.a(nbr-table.o)
 .bss           0x0000193e       0xba contiki-sky.a(packetbuf.o)
 .bss           0x000019f8      0xc4e contiki-sky.a(queuebuf.o)
 .bss           0x00002646       0x16 contiki-sky.a(shell.o)
 .bss           0x0000265c        0xc contiki-sky.a(shell-reboot.o)
 .bss           0x00002668        0xc contiki-sky.a(shell-rime.o)
 .bss           0x00002674       0x12 contiki-sky.a(shell-blink.o)
 .bss           0x00002686        0x4 contiki-sky.a(shell-text.o)
 .bss           0x0000268a       0xaa contiki-sky.a(shell-time.o)
 .bss           0x00002734       0x58 contiki-sky.a(shell-rime-netc)
 .bss           0x0000278c       0x82 contiki-sky.a(shell-sky.o)
 .bss           0x0000280e        0x8 contiki-sky.a(button-sensor.o)
 .bss           0x00002816        0x2 contiki-sky.a(node-id.o)
                0x00002816                node_id
 .bss           0x00002818        0x6 contiki-sky.a(sensors.o)
 .bss           0x0000281e        0xa contiki-sky.a(cc2420.o)
 .bss           0x00002828        0x4 contiki-sky.a(sky-sensors.o)
 .bss           0x0000282c       0x9a contiki-sky.a(uart1.o)
 .bss           0x000028c6        0xa contiki-sky.a(clock.o)
 .bss           0x000028d0        0x2 contiki-sky.a(leds.o)
 .bss           0x000028d2        0x2 contiki-sky.a(watchdog.o)
 .bss           0x000028d4       0x7e contiki-sky.a(route.o)
 .bss           0x00002952      0x1be contiki-sky.a(collect.o)
 .bss           0x00002b10      0x322 contiki-sky.a(collect-neighbo)
 .bss           0x00002e32        0x2 contiki-sky.a(framer-802154.o)
 .bss           0x00002e34      0x2fe contiki-sky.a(powertrace.o)
 .bss           0x00003132       0x10 contiki-sky.a(collect-view.o)
 .bss.destination_
                0x00003142        0x2 /usr/local/msp430/bin/../lib/gcc/msp430/4.7.0/../../../../msp430/lib/mmpy-16/libc.a(sprintf.o)
 .bss.available_
                0x00003144        0x2 /usr/local/msp430/bin/../lib/gcc/msp430/4.7.0/../../../../msp430/lib/mmpy-16/libc.a(sprintf.o)
 *(.near.bss .near.bss.*)
 *(COMMON)
 COMMON         0x00003146        0x2 contiki-sky.a(rimeaddr.o)
                0x00003146                rimeaddr_node_addr
 COMMON         0x00003148        0x1 contiki-sky.a(process.o)
                0x00003148                process_maxevents
 *fill*         0x00003149        0x1 00
 COMMON         0x0000314a        0x8 contiki-sky.a(compower.o)
                0x0000314a                compower_idle_activity
 COMMON         0x00003152        0x1 contiki-sky.a(serial-line.o)
                0x00003152                serial_line_event_message
 *fill*         0x00003153        0x1 00
 COMMON         0x00003154       0x56 contiki-sky.a(energest.o)
                0x00003154                energest_total_time
                0x00003184                energest_total_count
                0x00003186                energest_current_mode
                0x00003192                energest_current_time
 COMMON         0x000031aa       0x38 contiki-sky.a(packetbuf.o)
                0x000031aa                packetbuf_addrs
                0x000031b2                packetbuf_attrs
 COMMON         0x000031e2        0x2 contiki-sky.a(shell.o)
                0x000031e2                shell_event_input
 COMMON         0x000031e4       0x9e contiki-sky.a(shell-rime.o)
                0x000031e4                shell_collect_conn
 COMMON         0x00003282        0x2 contiki-sky.a(contiki-sky-pla)
                0x00003282                sensors_flags
 COMMON         0x00003284        0x8 contiki-sky.a(ds2411.o)
                0x00003284                ds2411_id
 COMMON         0x0000328c        0x1 contiki-sky.a(sensors.o)
                0x0000328c                sensors_event
 *fill*         0x0000328d        0x1 00
 COMMON         0x0000328e       0x14 contiki-sky.a(cc2420.o)
                0x0000328e                cc2420_last_rssi
                0x00003290                cc2420_packets_read
                0x00003292                cc2420_packets_seen
                0x00003294                cc2420_sfd_start_time
                0x00003296                cc2420_time_of_departure
                0x00003298                cc2420_time_of_arrival
                0x0000329a                cc2420_last_correlation
                0x0000329c                cc2420_authority_level_of_sender
                0x0000329e                cc2420_sfd_counter
                0x000032a0                cc2420_sfd_end_time
 COMMON         0x000032a2        0x2 contiki-sky.a(msp430.o)
                0x000032a2                msp430_dco_required
 COMMON         0x000032a4       0x38 contiki-sky.a(collect.o)
                0x000032a4                stats
                0x000032dc                . = ALIGN (0x2)
                0x000032dc                __bss_end = .
                0x00001e88                __bss_size = SIZEOF (.bss)

.noinit         0x000032dc        0x2 load address 0x0000e9da
                0x000032dc                . = ALIGN (0x2)
                0x000032dc                __noinit_start = .
 *(.noinit .noinit.*)
 .noinit.crt0   0x000032dc        0x2 /usr/local/msp430/bin/../lib/gcc/msp430/4.7.0/mmpy-16/libcrt0.a(__watchdog_support.o)
                0x000032dc                __wdt_clear_value
                0x000032de                . = ALIGN (0x2)
                0x000032de                __noinit_end = .
                0x000032de                . = ALIGN (0x2)
                0x000032de                _end = .

.infomem        0x00001000        0x0
                0x00001000                . = ALIGN (0x2)
 *(.infomem .infomem.*)

.infomemnobits  0x00001000        0x0
                0x00001000                . = ALIGN (0x2)
 *(.infomemnobits .infomemnobits.*)

.infoa          0x00001080        0x0
                0x00001080                . = ALIGN (0x2)
 *(.infoa .infoa.*)

.infob          0x00001000        0x0
                0x00001000                . = ALIGN (0x2)
 *(.infob .infob.*)

.infoc          0x00000000        0x0
                0x00000000                . = ALIGN (0x2)
 *(.infoc .infoc.*)

.infod          0x00000000        0x0
                0x00000000                . = ALIGN (0x2)
 *(.infod .infod.*)

.vectors        0x0000ffe0       0x20
                0x0000ffe0                __vectors_start = .
 *(.vectors*)
 .vectors       0x0000ffe0       0x20 /usr/local/msp430/bin/../lib/gcc/msp430/4.7.0/mmpy-16/crt0ivtbl16.o
                0x0000ffe0                __ivtbl_16
                0x00010000                _vectors_end = .

.fartext        0x00000000        0x0
                0x00000000                . = ALIGN (0x2)
 *(.fartext .fartext.*)

.far.text       0x00000000        0x0
                0x00000000                . = ALIGN (0x2)
 *(.far.text .far.text.*)

.far.rodata     0x00000000        0x0
                0x00000000                . = ALIGN (0x2)
 *(.far.rodata .far.rodata.*)
                0x00000000                . = ALIGN (0x2)
                0x00000000                _efartext = .

.far.data       0x00000000        0x0
                0x00000000                . = ALIGN (0x2)
                0x00000000                __far_data_start = .
 *(.far.data .far.data.*)
                0x00000000                . = ALIGN (0x2)
                0x00000000                _efardata = .
                0x00000000                __far_data_load_start = LOADADDR (.far.data)
                0x00000000                __far_data_size = SIZEOF (.far.data)

.far.bss        0x00000000        0x0
                0x00000000                . = ALIGN (0x2)
                0x00000000                __far_bss_start = .
 *(.far.bss .far.bss.*)
                0x00000000                . = ALIGN (0x2)
                0x00000000                __far_bss_end = .
                0x00000000                __far_bss_size = SIZEOF (.far.bss)
                0x00000000                . = ALIGN (0x2)
                0x00000000                _far_end = .

.profiler
 *(.profiler)

.stab
 *(.stab)

.stabstr
 *(.stabstr)

.stab.excl
 *(.stab.excl)

.stab.exclstr
 *(.stab.exclstr)

.stab.index
 *(.stab.index)

.stab.indexstr
 *(.stab.indexstr)

.comment        0x00000000       0x30
 *(.comment)
 .comment       0x00000000       0x30 collect-view-shell.co
                                 0x31 (size before relaxing)
 .comment       0x00000000       0x31 obj_sky/contiki-sky-main.o
 .comment       0x00000000       0x31 contiki-sky.a(rimeaddr.o)
 .comment       0x00000000       0x31 contiki-sky.a(rime.o)
 .comment       0x00000000       0x31 contiki-sky.a(announcement.o)
 .comment       0x00000000       0x31 contiki-sky.a(broadcast-annou)
 .comment       0x00000000       0x31 contiki-sky.a(broadcast.o)
 .comment       0x00000000       0x31 contiki-sky.a(abc.o)
 .comment       0x00000000       0x31 contiki-sky.a(chameleon.o)
 .comment       0x00000000       0x31 contiki-sky.a(channel.o)
 .comment       0x00000000       0x31 contiki-sky.a(chameleon-bitop)
 .comment       0x00000000       0x31 contiki-sky.a(csma.o)
 .comment       0x00000000       0x31 contiki-sky.a(contikimac.o)
 .comment       0x00000000       0x31 contiki-sky.a(phase.o)
 .comment       0x00000000       0x31 contiki-sky.a(process.o)
 .comment       0x00000000       0x31 contiki-sky.a(autostart.o)
 .comment       0x00000000       0x31 contiki-sky.a(compower.o)
 .comment       0x00000000       0x31 contiki-sky.a(serial-line.o)
 .comment       0x00000000       0x31 contiki-sky.a(memb.o)
 .comment       0x00000000       0x31 contiki-sky.a(timer.o)
 .comment       0x00000000       0x31 contiki-sky.a(list.o)
 .comment       0x00000000       0x31 contiki-sky.a(etimer.o)
 .comment       0x00000000       0x31 contiki-sky.a(ctimer.o)
 .comment       0x00000000       0x31 contiki-sky.a(energest.o)
 .comment       0x00000000       0x31 contiki-sky.a(rtimer.o)
 .comment       0x00000000       0x31 contiki-sky.a(random.o)
 .comment       0x00000000       0x31 contiki-sky.a(ringbuf.o)
 .comment       0x00000000       0x31 contiki-sky.a(nbr-table.o)
 .comment       0x00000000       0x31 contiki-sky.a(packetbuf.o)
 .comment       0x00000000       0x31 contiki-sky.a(queuebuf.o)
 .comment       0x00000000       0x31 contiki-sky.a(serial-shell.o)
 .comment       0x00000000       0x31 contiki-sky.a(shell.o)
 .comment       0x00000000       0x31 contiki-sky.a(shell-reboot.o)
 .comment       0x00000000       0x31 contiki-sky.a(shell-rime.o)
 .comment       0x00000000       0x31 contiki-sky.a(shell-blink.o)
 .comment       0x00000000       0x31 contiki-sky.a(shell-text.o)
 .comment       0x00000000       0x31 contiki-sky.a(shell-time.o)
 .comment       0x00000000       0x31 contiki-sky.a(shell-rime-netc)
 .comment       0x00000000       0x31 contiki-sky.a(shell-powertrac)
 .comment       0x00000000       0x31 contiki-sky.a(shell-collect-v)
 .comment       0x00000000       0x31 contiki-sky.a(shell-sky.o)
 .comment       0x00000000       0x31 contiki-sky.a(contiki-sky-pla)
 .comment       0x00000000       0x31 contiki-sky.a(sht11-sensor.o)
 .comment       0x00000000       0x31 contiki-sky.a(light-sensor.o)
 .comment       0x00000000       0x31 contiki-sky.a(battery-sensor.)
 .comment       0x00000000       0x31 contiki-sky.a(button-sensor.o)
 .comment       0x00000000       0x31 contiki-sky.a(ds2411.o)
 .comment       0x00000000       0x31 contiki-sky.a(xmem.o)
 .comment       0x00000000       0x31 contiki-sky.a(node-id.o)
 .comment       0x00000000       0x31 contiki-sky.a(sensors.o)
 .comment       0x00000000       0x31 contiki-sky.a(cc2420.o)
 .comment       0x00000000       0x31 contiki-sky.a(cc2420-arch.o)
 .comment       0x00000000       0x31 contiki-sky.a(sky-sensors.o)
 .comment       0x00000000       0x31 contiki-sky.a(uart1.o)
 .comment       0x00000000       0x31 contiki-sky.a(uart1-putchar.o)
 .comment       0x00000000       0x31 contiki-sky.a(msp430.o)
 .comment       0x00000000       0x31 contiki-sky.a(clock.o)
 .comment       0x00000000       0x31 contiki-sky.a(leds.o)
 .comment       0x00000000       0x31 contiki-sky.a(leds-arch.o)
 .comment       0x00000000       0x31 contiki-sky.a(watchdog.o)
 .comment       0x00000000       0x31 contiki-sky.a(rtimer-arch.o)
 .comment       0x00000000       0x31 contiki-sky.a(trickle.o)
 .comment       0x00000000       0x31 contiki-sky.a(route.o)
 .comment       0x00000000       0x31 contiki-sky.a(collect.o)
 .comment       0x00000000       0x31 contiki-sky.a(collect-neighbo)
 .comment       0x00000000       0x31 contiki-sky.a(collect-link-es)
 .comment       0x00000000       0x31 contiki-sky.a(mac.o)
 .comment       0x00000000       0x31 contiki-sky.a(framer-802154.o)