Archive member included because of file (symbol)

contiki-sky.a(rimeaddr.o)     obj_sky/contiki-sky-main.o (rimeaddr_copy)
contiki-sky.a(csma.o)         obj_sky/contiki-sky-main.o (csma_driver)
contiki-sky.a(contikimac.o)   obj_sky/contiki-sky-main.o (contikimac_driver)
contiki-sky.a(phase.o)        contiki-sky.a(contikimac.o) (phase_update)
contiki-sky.a(process.o)      obj_sky/contiki-sky-main.o (process_init)
contiki-sky.a(autostart.o)    obj_sky/contiki-sky-main.o (autostart_start)
contiki-sky.a(compower.o)     contiki-sky.a(contikimac.o) (compower_idle_activity)
contiki-sky.a(memb.o)         contiki-sky.a(csma.o) (memb_init)
contiki-sky.a(timer.o)        obj_sky/contiki-sky-main.o (timer_set)
contiki-sky.a(list.o)         contiki-sky.a(csma.o) (list_init)
contiki-sky.a(etimer.o)       obj_sky/contiki-sky-main.o (etimer_process)
contiki-sky.a(ctimer.o)       obj_sky/contiki-sky-main.o (ctimer_init)
contiki-sky.a(energest.o)     obj_sky/contiki-sky-main.o (energest_init)
contiki-sky.a(rtimer.o)       obj_sky/contiki-sky-main.o (rtimer_init)
contiki-sky.a(random.o)       obj_sky/contiki-sky-main.o (random_init)
contiki-sky.a(nbr-table.o)    contiki-sky.a(phase.o) (nbr_table_register)
contiki-sky.a(packetbuf.o)    contiki-sky.a(contikimac.o) (packetbuf_hdr_remove)
contiki-sky.a(queuebuf.o)     obj_sky/contiki-sky-main.o (queuebuf_init)
contiki-sky.a(sicslowpan.o)   obj_sky/contiki-sky-main.o (sicslowpan_driver)
contiki-sky.a(tcpip.o)        contiki-sky.a(sicslowpan.o) (tcpip_set_outputfunc)
contiki-sky.a(uip-ds6-route.o)
                              contiki-sky.a(tcpip.o) (uip_ds6_route_nexthop)
contiki-sky.a(uip-ds6-nbr.o)  contiki-sky.a(tcpip.o) (uip_ds6_nbr_add)
contiki-sky.a(uip-ds6.o)      contiki-sky.a(tcpip.o) (uip_ds6_is_addr_onlink)
contiki-sky.a(uip-nd6.o)      contiki-sky.a(tcpip.o) (uip_nd6_ns_output)
contiki-sky.a(uip6.o)         contiki-sky.a(sicslowpan.o) (uip_aligned_buf)
contiki-sky.a(rest.o)         rest-server-example.co (rest_init)
contiki-sky.a(contiki-sky-pla)
                              obj_sky/contiki-sky-main.o (init_platform)
contiki-sky.a(button-sensor.o)
                              contiki-sky.a(contiki-sky-pla) (button_sensor)
contiki-sky.a(ds2411.o)       obj_sky/contiki-sky-main.o (ds2411_init)
contiki-sky.a(xmem.o)         obj_sky/contiki-sky-main.o (xmem_init)
contiki-sky.a(node-id.o)      obj_sky/contiki-sky-main.o (node_id_restore)
contiki-sky.a(sensors.o)      contiki-sky.a(button-sensor.o) (sensors_changed)
contiki-sky.a(cc2420.o)       obj_sky/contiki-sky-main.o (cc2420_set_pan_addr)
contiki-sky.a(cc2420-arch.o)  contiki-sky.a(cc2420.o) (cc2420_arch_init)
contiki-sky.a(uart1.o)        obj_sky/contiki-sky-main.o (uart1_active)
contiki-sky.a(uart1-putchar.o)
                              obj_sky/contiki-sky-main.o (putchar)
contiki-sky.a(msp430.o)       contiki-sky.a(uart1.o) (msp430_add_lpm_req)
contiki-sky.a(clock.o)        contiki-sky.a(timer.o) (clock_time)
contiki-sky.a(leds.o)         obj_sky/contiki-sky-main.o (leds_init)
contiki-sky.a(leds-arch.o)    contiki-sky.a(leds.o) (leds_arch_init)
contiki-sky.a(watchdog.o)     obj_sky/contiki-sky-main.o (watchdog_start)
contiki-sky.a(rtimer-arch.o)  contiki-sky.a(rtimer.o) (rtimer_arch_init)
contiki-sky.a(mac.o)          contiki-sky.a(csma.o) (mac_call_sent_callback)
contiki-sky.a(framer-802154.o)
                              contiki-sky.a(contikimac.o) (framer_802154)
contiki-sky.a(rpl.o)          contiki-sky.a(uip-ds6-nbr.o) (rpl_link_neighbor_callback)
contiki-sky.a(rpl-dag.o)      contiki-sky.a(rpl.o) (rpl_dag_init)
contiki-sky.a(rpl-icmp6.o)    contiki-sky.a(rpl.o) (dao_output_target)
contiki-sky.a(rpl-timers.o)   contiki-sky.a(rpl.o) (rpl_reset_periodic_timer)
contiki-sky.a(rpl-mrhof.o)    contiki-sky.a(rpl-dag.o) (rpl_mrhof)
contiki-sky.a(rpl-ext-header.)
                              contiki-sky.a(uip6.o) (rpl_verify_header)
contiki-sky.a(stimer.o)       contiki-sky.a(tcpip.o) (stimer_set)
contiki-sky.a(uip-icmp6.o)    contiki-sky.a(uip6.o) (uip_icmp6_echo_request_input)
contiki-sky.a(http-common.o)  contiki-sky.a(rest.o) (HTTP_HEADER_NAME_ETAG)
contiki-sky.a(http-server.o)  contiki-sky.a(rest.o) (http_set_status)
contiki-sky.a(rest-util.o)    contiki-sky.a(http-server.o) (get_variable)
contiki-sky.a(buffer.o)       contiki-sky.a(http-server.o) (delete_buffer)
contiki-sky.a(spi.o)          contiki-sky.a(xmem.o) (spi_init)
contiki-sky.a(frame802154.o)  contiki-sky.a(framer-802154.o) (frame802154_hdrlen)
contiki-sky.a(psock.o)        contiki-sky.a(http-server.o) (psock_send)
/usr/local/msp430/bin/../lib/gcc/msp430/4.7.0/mmpy-16/libgcc.a(_mulsi3.o)
                              contiki-sky.a(csma.o) (__mulsi3)
/usr/local/msp430/bin/../lib/gcc/msp430/4.7.0/mmpy-16/libgcc.a(_udivmod16.o)
                              contiki-sky.a(rpl-dag.o) (__udivhi3)
/usr/local/msp430/bin/../lib/gcc/msp430/4.7.0/mmpy-16/libgcc.a(_divmod16.o)
                              contiki-sky.a(nbr-table.o) (__divhi3)
[...]
Memory Configuration

Name             Origin             Length             Attributes
sfr              0x00000000         0x00000010
peripheral_8bit  0x00000010         0x000000f0
peripheral_16bit 0x00000100         0x00000100
ram_mirror       0x00000200         0x00000800         xw
infomem          0x00001000         0x00000100
infob            0x00001000         0x00000080
infoa            0x00001080         0x00000080
ram              0x00001100         0x00002800         xw
rom              0x00004000         0x0000bfe0         xr
vectors          0x0000ffe0         0x00000020
bsl              0x00000000         0x00000000
infoc            0x00000000         0x00000000
infod            0x00000000         0x00000000
ram2             0x00000000         0x00000000         xw
usbram           0x00000000         0x00000000         xw
far_rom          0x00000000         0x00000000
*default*        0x00000000         0xffffffff

Linker script and memory map

LOAD /usr/local/msp430/bin/../lib/gcc/msp430/4.7.0/mmpy-16/crt0ivtbl16.o
LOAD rest-server-example.co
LOAD obj_sky/contiki-sky-main.o
LOAD contiki-sky.a
LOAD /usr/local/msp430/bin/../lib/gcc/msp430/4.7.0/mmpy-16/libgcc.a
LOAD /usr/local/msp430/bin/../lib/gcc/msp430/4.7.0/../../../../msp430/lib/mmpy-16/libc.a
LOAD /usr/local/msp430/bin/../lib/gcc/msp430/4.7.0/mmpy-16/libgcc.a
LOAD /usr/local/msp430/bin/../lib/gcc/msp430/4.7.0/mmpy-16/libcrt0.a
                0x00000080                PROVIDE (__info_segment_size, 0x80)
                0x00001000                PROVIDE (__infob, 0x1000)
                0x00001080                PROVIDE (__infoa, 0x1080)
                0x00000000                __IE1 = 0x0
                0x00000002                __IFG1 = 0x2
                0x00000004                __ME1 = 0x4
                0x00000001                __IE2 = 0x1
                0x00000003                __IFG2 = 0x3
                0x00000005                __ME2 = 0x5
                0x00000120                __WDTCTL = 0x120
                0x00000130                __MPY = 0x130
                0x00000132                __MPYS = 0x132
                0x00000134                __MAC = 0x134
                0x00000136                __MACS = 0x136
                0x00000138                __OP2 = 0x138
                0x0000013a                __RESLO = 0x13a
                0x0000013c                __RESHI = 0x13c
                0x0000013e                __SUMEXT = 0x13e
                0x00000020                __P1IN = 0x20
                0x00000021                __P1OUT = 0x21
                0x00000022                __P1DIR = 0x22
                0x00000023                __P1IFG = 0x23
                0x00000024                __P1IES = 0x24
                0x00000025                __P1IE = 0x25
                0x00000026                __P1SEL = 0x26
                0x00000028                __P2IN = 0x28
                0x00000029                __P2OUT = 0x29
                0x0000002a                __P2DIR = 0x2a
                0x0000002b                __P2IFG = 0x2b
                0x0000002c                __P2IES = 0x2c
                0x0000002d                __P2IE = 0x2d
                0x0000002e                __P2SEL = 0x2e
                0x00000018                __P3IN = 0x18
                0x00000019                __P3OUT = 0x19
                0x0000001a                __P3DIR = 0x1a
                0x0000001b                __P3SEL = 0x1b
                0x0000001c                __P4IN = 0x1c
                0x0000001d                __P4OUT = 0x1d
                0x0000001e                __P4DIR = 0x1e
                0x0000001f                __P4SEL = 0x1f
                0x00000030                __P5IN = 0x30
                0x00000031                __P5OUT = 0x31
                0x00000032                __P5DIR = 0x32
                0x00000033                __P5SEL = 0x33
                0x00000034                __P6IN = 0x34
                0x00000035                __P6OUT = 0x35
                0x00000036                __P6DIR = 0x36
                0x00000037                __P6SEL = 0x37
                0x00000070                __U0CTL = 0x70
                0x00000071                __U0TCTL = 0x71
                0x00000072                __U0RCTL = 0x72
                0x00000073                __U0MCTL = 0x73
                0x00000074                __U0BR0 = 0x74
                0x00000075                __U0BR1 = 0x75
                0x00000076                __U0RXBUF = 0x76
                0x00000077                __U0TXBUF = 0x77
                0x00000078                __U1CTL = 0x78
                0x00000079                __U1TCTL = 0x79
                0x0000007a                __U1RCTL = 0x7a
                0x0000007b                __U1MCTL = 0x7b
                0x0000007c                __U1BR0 = 0x7c
                0x0000007d                __U1BR1 = 0x7d
                0x0000007e                __U1RXBUF = 0x7e
                0x0000007f                __U1TXBUF = 0x7f
                0x00000050                __I2CIE = 0x50
                0x00000051                __I2CIFG = 0x51
                0x00000052                __I2CNDAT = 0x52
                0x00000071                __I2CTCTL = 0x71
                0x00000072                __I2CDCTL = 0x72
                0x00000073                __I2CPSC = 0x73
                0x00000074                __I2CSCLH = 0x74
                0x00000075                __I2CSCLL = 0x75
                0x00000076                __I2CDRB = 0x76
                0x00000076                __I2CDRW = 0x76
                0x00000118                __I2COA = 0x118
                0x0000011a                __I2CSA = 0x11a
                0x0000011c                __I2CIV = 0x11c
                0x0000012e                __TAIV = 0x12e
                0x00000160                __TACTL = 0x160
                0x00000162                __TACCTL0 = 0x162
                0x00000164                __TACCTL1 = 0x164
                0x00000166                __TACCTL2 = 0x166
                0x00000170                __TAR = 0x170
                0x00000172                __TACCR0 = 0x172
                0x00000174                __TACCR1 = 0x174
                0x00000176                __TACCR2 = 0x176
                0x0000011e                __TBIV = 0x11e
                0x00000180                __TBCTL = 0x180
                0x00000182                __TBCCTL0 = 0x182
                0x00000184                __TBCCTL1 = 0x184
                0x00000186                __TBCCTL2 = 0x186
                0x00000188                __TBCCTL3 = 0x188
                0x0000018a                __TBCCTL4 = 0x18a
                0x0000018c                __TBCCTL5 = 0x18c
                0x0000018e                __TBCCTL6 = 0x18e
                0x00000190                __TBR = 0x190
                0x00000192                __TBCCR0 = 0x192
                0x00000194                __TBCCR1 = 0x194
                0x00000196                __TBCCR2 = 0x196
                0x00000198                __TBCCR3 = 0x198
                0x0000019a                __TBCCR4 = 0x19a
                0x0000019c                __TBCCR5 = 0x19c
                0x0000019e                __TBCCR6 = 0x19e
                0x00000056                __DCOCTL = 0x56
                0x00000057                __BCSCTL1 = 0x57
                0x00000058                __BCSCTL2 = 0x58
                0x00000055                __SVSCTL = 0x55
                0x00000128                __FCTL1 = 0x128
                0x0000012a                __FCTL2 = 0x12a
                0x0000012c                __FCTL3 = 0x12c
                0x00000059                __CACTL1 = 0x59
                0x0000005a                __CACTL2 = 0x5a
                0x0000005b                __CAPD = 0x5b
                0x000001a0                __ADC12CTL0 = 0x1a0
                0x000001a2                __ADC12CTL1 = 0x1a2
                0x000001a4                __ADC12IFG = 0x1a4
                0x000001a6                __ADC12IE = 0x1a6
                0x000001a8                __ADC12IV = 0x1a8
                0x00000140                __ADC12MEM0 = 0x140
                0x00000142                __ADC12MEM1 = 0x142
                0x00000144                __ADC12MEM2 = 0x144
                0x00000146                __ADC12MEM3 = 0x146
                0x00000148                __ADC12MEM4 = 0x148
                0x0000014a                __ADC12MEM5 = 0x14a
                0x0000014c                __ADC12MEM6 = 0x14c
                0x0000014e                __ADC12MEM7 = 0x14e
                0x00000150                __ADC12MEM8 = 0x150
                0x00000152                __ADC12MEM9 = 0x152
                0x00000154                __ADC12MEM10 = 0x154
                0x00000156                __ADC12MEM11 = 0x156
                0x00000158                __ADC12MEM12 = 0x158
                0x0000015a                __ADC12MEM13 = 0x15a
                0x0000015c                __ADC12MEM14 = 0x15c
                0x0000015e                __ADC12MEM15 = 0x15e
                0x00000080                __ADC12MCTL0 = 0x80
                0x00000081                __ADC12MCTL1 = 0x81
                0x00000082                __ADC12MCTL2 = 0x82
                0x00000083                __ADC12MCTL3 = 0x83
                0x00000084                __ADC12MCTL4 = 0x84
                0x00000085                __ADC12MCTL5 = 0x85
                0x00000086                __ADC12MCTL6 = 0x86
                0x00000087                __ADC12MCTL7 = 0x87
                0x00000088                __ADC12MCTL8 = 0x88
                0x00000089                __ADC12MCTL9 = 0x89
                0x0000008a                __ADC12MCTL10 = 0x8a
                0x0000008b                __ADC12MCTL11 = 0x8b
                0x0000008c                __ADC12MCTL12 = 0x8c
                0x0000008d                __ADC12MCTL13 = 0x8d
                0x0000008e                __ADC12MCTL14 = 0x8e
                0x0000008f                __ADC12MCTL15 = 0x8f
                0x000001c0                __DAC12_0CTL = 0x1c0
                0x000001c2                __DAC12_1CTL = 0x1c2
                0x000001c8                __DAC12_0DAT = 0x1c8
                0x000001ca                __DAC12_1DAT = 0x1ca
                0x00000122                __DMACTL0 = 0x122
                0x00000124                __DMACTL1 = 0x124
                0x000001e0                __DMA0CTL = 0x1e0
                0x000001e8                __DMA1CTL = 0x1e8
                0x000001f0                __DMA2CTL = 0x1f0
                0x000001e2                __DMA0SA = 0x1e2
                0x000001e4                __DMA0DA = 0x1e4
                0x000001e6                __DMA0SZ = 0x1e6
                0x000001ea                __DMA1SA = 0x1ea
                0x000001ec                __DMA1DA = 0x1ec
                0x000001ee                __DMA1SZ = 0x1ee
                0x000001f2                __DMA2SA = 0x1f2
                0x000001f4                __DMA2DA = 0x1f4
                0x000001f6                __DMA2SZ = 0x1f6

.hash
 *(.hash)

.dynsym
 *(.dynsym)

.dynstr
 *(.dynstr)

.gnu.version
 *(.gnu.version)

.gnu.version_d
 *(.gnu.version_d)

.gnu.version_r
 *(.gnu.version_r)

.rel.init
 *(.rel.init)

.rela.init
 *(.rela.init)

.rel.fini
 *(.rel.fini)

.rela.fini
 *(.rela.fini)

.rel.text
 *(.rel.text .rel.text.* .rel.gnu.linkonce.t.*)

.rela.text
 *(.rela.text .rela.text.* .rela.gnu.linkonce.t.*)

.rel.rodata
 *(.rel.rodata .rel.rodata.* .rel.gnu.linkonce.r.*)

.rela.rodata
 *(.rela.rodata .rela.rodata.* .rela.gnu.linkonce.r.*)

.rel.data
 *(.rel.data .rel.data.* .rel.gnu.linkonce.d.*)

.rela.data
 *(.rela.data .rela.data.* .rela.gnu.linkonce.d.*)

.rel.bss
 *(.rel.bss .rel.bss.* .rel.gnu.linkonce.b.*)

.rela.bss
 *(.rela.bss .rela.bss.* .rela.gnu.linkonce.b.*)

.rel.ctors
 *(.rel.ctors)

.rela.ctors
 *(.rela.ctors)

.rel.dtors
 *(.rel.dtors)

.rela.dtors
 *(.rela.dtors)

.rel.got
 *(.rel.got)

.rela.got
 *(.rela.got)

.rel.plt
 *(.rel.plt)

.rela.plt
 *(.rela.plt)

.text           0x00004000     0xb3fe
                0x00004000                . = ALIGN (0x2)
 *(.init .init.*)
 *(.init0)
 .init0         0x00004000        0x0 /usr/local/msp430/bin/../lib/gcc/msp430/4.7.0/mmpy-16/libcrt0.a(_reset_vector__.o)
                0x00004000                _reset_vector__
 *(.init1)
 .init1         0x00004000        0xc /usr/local/msp430/bin/../lib/gcc/msp430/4.7.0/mmpy-16/libcrt0.a(__watchdog_support.o)
                0x00004000                __watchdog_support
 *(.init2)
 .init2         0x0000400c        0x4 /usr/local/msp430/bin/../lib/gcc/msp430/4.7.0/mmpy-16/libcrt0.a(__init_stack.o)
                0x0000400c                __init_stack
 *(.init3)
 .init3         0x00004010        0x0 /usr/local/msp430/bin/../lib/gcc/msp430/4.7.0/mmpy-16/libcrt0.a(__low_level_init.o)
                0x00004010                __low_level_init
 *(.init4)
 .init4         0x00004010       0x18 /usr/local/msp430/bin/../lib/gcc/msp430/4.7.0/mmpy-16/libcrt0.a(_copy_data.o)
                0x00004010                __do_copy_data
 .init4         0x00004028       0x16 /usr/local/msp430/bin/../lib/gcc/msp430/4.7.0/mmpy-16/libcrt0.a(_clear_bss.o)
                0x00004028                __do_clear_bss
 *(.init5)
 *(.init6)
 *(.init7)
 *(.init8)
 *(.init9)
 .init9         0x0000403e      0x35e obj_sky/contiki-sky-main.o
                0x0000403e                main
 *(.fini9)
 .fini9         0x0000439c        0x0 /usr/local/msp430/bin/../lib/gcc/msp430/4.7.0/mmpy-16/libcrt0.a(__stop_progExec__.o)
                0x0000439c                __stop_progExec__
 *(.fini8)
 *(.fini7)
 *(.fini6)
 *(.fini5)
 *(.fini4)
 *(.fini3)
 *(.fini2)
 *(.fini1)
 *(.fini0)
 .fini0         0x0000439c        0x6 /usr/local/msp430/bin/../lib/gcc/msp430/4.7.0/mmpy-16/libcrt0.a(_endless_loop__.o)
                0x0000439c                _endless_loop__
 *(.fini .fini.*)
                0x000043a2                . = ALIGN (0x2)
                0x000043a2                __ctors_start = .
 *(.ctors)
                0x000043a2                __ctors_end = .
                0x000043a2                __dtors_start = .
 *(.dtors)
                0x000043a2                __dtors_end = .
                0x000043a2                . = ALIGN (0x2)
 *(.text .text.* .gnu.linkonce.t.*)
 .text          0x000043a2        0x4 /usr/local/msp430/bin/../lib/gcc/msp430/4.7.0/mmpy-16/crt0ivtbl16.o
                0x000043a2                __isr_14
                0x000043a2                __isr_11
                0x000043a2                __isr_2
                0x000043a2                __isr_7
                0x000043a2                __isr_0
                0x000043a2                __isr_8
                0x000043a2                __isr_3
                0x000043a2                __isr_12
                0x000043a2                __isr_13
                0x000043a2                __isr_9
 .text.process_thread_rest_server_example
                0x000043a6       0x2a rest-server-example.co
 .text.status_handler
                0x000043d0       0x36 rest-server-example.co
                0x000043d0                status_handler
 .text.rimeaddr_copy
                0x00004406        0x8 contiki-sky.a(rimeaddr.o)
                0x00004406                rimeaddr_copy
 .text.rimeaddr_cmp
                0x0000440e       0x12 contiki-sky.a(rimeaddr.o)
                0x0000440e                rimeaddr_cmp
 .text.rimeaddr_set_node_addr
                0x00004420        0xc contiki-sky.a(rimeaddr.o)
                0x00004420                rimeaddr_set_node_addr
 .text.input_packet
                0x0000442c        0x6 contiki-sky.a(csma.o)
 .text.on       0x00004432        0x6 contiki-sky.a(csma.o)
 .text.off      0x00004438        0x6 contiki-sky.a(csma.o)
 .text.channel_check_interval
                0x0000443e       0x10 contiki-sky.a(csma.o)
 .text.transmit_packet_list
                0x0000444e       0x24 contiki-sky.a(csma.o)
 .text.init     0x00004472       0x1a contiki-sky.a(csma.o)
 .text.send_packet
                0x0000448c      0x164 contiki-sky.a(csma.o)
 .text.free_packet
                0x000045f0       0x9c contiki-sky.a(csma.o)
 .text.packet_sent
                0x0000468c      0x132 contiki-sky.a(csma.o)
 .text.duty_cycle
                0x000047be        0x6 contiki-sky.a(contikimac.o)
 .text.init     0x000047c4       0x2e contiki-sky.a(contikimac.o)
 .text.on       0x000047f2       0x1a contiki-sky.a(contikimac.o)
 .text.off      0x0000480c       0x22 contiki-sky.a(contikimac.o)
 .text.recv_burst_off
                0x0000482e        0xa contiki-sky.a(contikimac.o)
 .text.turn_off
                0x00004838       0x20 contiki-sky.a(contikimac.o)
 .text.turn_on  0x00004858       0x30 contiki-sky.a(contikimac.o)
 .text.schedule_powercycle_fixed.part.4
                0x00004888       0x34 contiki-sky.a(contikimac.o)
 .text.powercycle_turn_radio_off
                0x000048bc       0x30 contiki-sky.a(contikimac.o)
 .text.input_packet
                0x000048ec      0x11a contiki-sky.a(contikimac.o)
 .text.send_packet
                0x00004a06      0x2ac contiki-sky.a(contikimac.o)
 .text.qsend_list
                0x00004cb2       0x82 contiki-sky.a(contikimac.o)
 .text.qsend_packet
                0x00004d34       0x28 contiki-sky.a(contikimac.o)
 .text.powercycle
                0x00004d5c      0x1de contiki-sky.a(contikimac.o)
 .text.send_packet
                0x00004f3a       0x44 contiki-sky.a(phase.o)
 .text.phase_update
                0x00004f7e       0x92 contiki-sky.a(phase.o)
                0x00004f7e                phase_update
 .text.phase_wait
                0x00005010       0xf2 contiki-sky.a(phase.o)
                0x00005010                phase_wait
 .text.phase_init
                0x00005102       0x14 contiki-sky.a(phase.o)
                0x00005102                phase_init
 .text.call_process
                0x00005116       0x46 contiki-sky.a(process.o)
 .text.exit_process
                0x0000515c       0x96 contiki-sky.a(process.o)
 .text.do_poll  0x000051f2       0x30 contiki-sky.a(process.o)
 .text.process_alloc_event
                0x00005222        0xe contiki-sky.a(process.o)
                0x00005222                process_alloc_event
 .text.process_init
                0x00005230       0x1c contiki-sky.a(process.o)
                0x00005230                process_init
 .text.process_run
                0x0000524c       0xa2 contiki-sky.a(process.o)
                0x0000524c                process_run
 .text.process_nevents
                0x000052ee        0xe contiki-sky.a(process.o)
                0x000052ee                process_nevents
 .text.process_post
                0x000052fc       0x54 contiki-sky.a(process.o)
                0x000052fc                process_post
 .text.process_post_synch
                0x00005350       0x12 contiki-sky.a(process.o)
                0x00005350                process_post_synch
 .text.process_start
                0x00005362       0x36 contiki-sky.a(process.o)
                0x00005362                process_start
 .text.process_poll
                0x00005398       0x18 contiki-sky.a(process.o)
                0x00005398                process_poll
 .text.autostart_start
                0x000053b0       0x16 contiki-sky.a(autostart.o)
                0x000053b0                autostart_start
 .text.compower_accumulate
                0x000053c6       0x72 contiki-sky.a(compower.o)
                0x000053c6                compower_accumulate
 .text.compower_clear
                0x00005438       0x12 contiki-sky.a(compower.o)
                0x00005438                compower_clear
 .text.compower_attrconv
                0x0000544a       0x10 contiki-sky.a(compower.o)
                0x0000544a                compower_attrconv
 .text.memb_init
                0x0000545a       0x36 contiki-sky.a(memb.o)
                0x0000545a                memb_init
 .text.memb_alloc
                0x00005490       0x3e contiki-sky.a(memb.o)
                0x00005490                memb_alloc
 .text.memb_free
                0x000054ce       0x3a contiki-sky.a(memb.o)
                0x000054ce                memb_free
 .text.memb_inmemb
                0x00005508       0x2a contiki-sky.a(memb.o)
                0x00005508                memb_inmemb
 .text.timer_set
                0x00005532       0x1c contiki-sky.a(timer.o)
                0x00005532                timer_set
 .text.timer_reset
                0x0000554e        0xe contiki-sky.a(timer.o)
                0x0000554e                timer_reset
 .text.timer_restart
                0x0000555c       0x14 contiki-sky.a(timer.o)
                0x0000555c                timer_restart
 .text.timer_expired
                0x00005570       0x2a contiki-sky.a(timer.o)
                0x00005570                timer_expired
 .text.list_init
                0x0000559a        0x6 contiki-sky.a(list.o)
                0x0000559a                list_init
 .text.list_head
                0x000055a0        0x4 contiki-sky.a(list.o)
                0x000055a0                list_head
 .text.list_tail
                0x000055a4       0x12 contiki-sky.a(list.o)
                0x000055a4                list_tail
 .text.list_remove
                0x000055b6       0x34 contiki-sky.a(list.o)
                0x000055b6                list_remove
 .text.list_push
                0x000055ea       0x1a contiki-sky.a(list.o)
                0x000055ea                list_push
 .text.list_add
                0x00005604       0x2a contiki-sky.a(list.o)
                0x00005604                list_add
 .text.list_length
                0x0000562e       0x10 contiki-sky.a(list.o)
                0x0000562e                list_length
 .text.list_item_next
                0x0000563e        0xc contiki-sky.a(list.o)
                0x0000563e                list_item_next
 .text.update_time
                0x0000564a       0x78 contiki-sky.a(etimer.o)
 .text.etimer_request_poll
                0x000056c2        0xa contiki-sky.a(etimer.o)
                0x000056c2                etimer_request_poll
 .text.process_thread_etimer_process
                0x000056cc       0xcc contiki-sky.a(etimer.o)
 .text.add_timer
                0x00005798       0x40 contiki-sky.a(etimer.o)
 .text.etimer_set
                0x000057d8       0x12 contiki-sky.a(etimer.o)
                0x000057d8                etimer_set
 .text.etimer_reset
                0x000057ea       0x12 contiki-sky.a(etimer.o)
                0x000057ea                etimer_reset
 .text.etimer_restart
                0x000057fc       0x12 contiki-sky.a(etimer.o)
                0x000057fc                etimer_restart
 .text.etimer_expired
                0x0000580e        0xe contiki-sky.a(etimer.o)
                0x0000580e                etimer_expired
 .text.etimer_expiration_time
                0x0000581c       0x14 contiki-sky.a(etimer.o)
                0x0000581c                etimer_expiration_time
 .text.etimer_pending
                0x00005830        0xc contiki-sky.a(etimer.o)
                0x00005830                etimer_pending
 .text.etimer_next_expiration_time
                0x0000583c       0x16 contiki-sky.a(etimer.o)
                0x0000583c                etimer_next_expiration_time
 .text.etimer_stop
                0x00005852       0x3e contiki-sky.a(etimer.o)
                0x00005852                etimer_stop
 .text.process_thread_ctimer_process
                0x00005890       0xa8 contiki-sky.a(ctimer.o)
 .text.ctimer_init
                0x00005938       0x18 contiki-sky.a(ctimer.o)
                0x00005938                ctimer_init
 .text.ctimer_set
                0x00005950       0x5a contiki-sky.a(ctimer.o)
                0x00005950                ctimer_set
 .text.ctimer_reset
                0x000059aa       0x3a contiki-sky.a(ctimer.o)
                0x000059aa                ctimer_reset
 .text.ctimer_stop
                0x000059e4       0x28 contiki-sky.a(ctimer.o)
                0x000059e4                ctimer_stop
 .text.energest_init
                0x00005a0c       0x26 contiki-sky.a(energest.o)
                0x00005a0c                energest_init
 .text.energest_type_time
                0x00005a32       0x48 contiki-sky.a(energest.o)
                0x00005a32                energest_type_time
 .text.energest_type_set
                0x00005a7a        0xe contiki-sky.a(energest.o)
                0x00005a7a                energest_type_set
 .text.energest_flush
                0x00005a88       0x48 contiki-sky.a(energest.o)
                0x00005a88                energest_flush
 .text.rtimer_init
                0x00005ad0        0x6 contiki-sky.a(rtimer.o)
                0x00005ad0                rtimer_init
 .text.rtimer_set
                0x00005ad6       0x24 contiki-sky.a(rtimer.o)
                0x00005ad6                rtimer_set
 .text.rtimer_run_next
                0x00005afa       0x26 contiki-sky.a(rtimer.o)
                0x00005afa                rtimer_run_next
 .text.random_init
                0x00005b20        0x6 contiki-sky.a(random.o)
                0x00005b20                random_init
 .text.random_rand
                0x00005b26        0x6 contiki-sky.a(random.o)
                0x00005b26                random_rand
 .text.item_from_index
                0x00005b2c       0x2a contiki-sky.a(nbr-table.o)
 .text.index_from_key
                0x00005b56       0x26 contiki-sky.a(nbr-table.o)
 .text.index_from_item
                0x00005b7c       0x1e contiki-sky.a(nbr-table.o)
 .text.nbr_set_bit
                0x00005b9a       0x58 contiki-sky.a(nbr-table.o)
 .text.index_from_lladdr
                0x00005bf2       0x42 contiki-sky.a(nbr-table.o)
 .text.nbr_get_bit.constprop.0
                0x00005c34       0x2e contiki-sky.a(nbr-table.o)
 .text.nbr_table_register
                0x00005c62       0x26 contiki-sky.a(nbr-table.o)
                0x00005c62                nbr_table_register
 .text.nbr_table_next
                0x00005c88       0x54 contiki-sky.a(nbr-table.o)
                0x00005c88                nbr_table_next
 .text.nbr_table_head
                0x00005cdc       0x3a contiki-sky.a(nbr-table.o)
                0x00005cdc                nbr_table_head
 .text.nbr_table_add_lladdr
                0x00005d16      0x128 contiki-sky.a(nbr-table.o)
                0x00005d16                nbr_table_add_lladdr
 .text.nbr_table_get_from_lladdr
                0x00005e3e       0x2c contiki-sky.a(nbr-table.o)
                0x00005e3e                nbr_table_get_from_lladdr
 .text.nbr_table_remove
                0x00005e6a       0x32 contiki-sky.a(nbr-table.o)
                0x00005e6a                nbr_table_remove
 .text.nbr_table_lock
                0x00005e9c       0x10 contiki-sky.a(nbr-table.o)
                0x00005e9c                nbr_table_lock
 .text.nbr_table_unlock
                0x00005eac       0x10 contiki-sky.a(nbr-table.o)
                0x00005eac                nbr_table_unlock
 .text.nbr_table_get_lladdr
                0x00005ebc       0x22 contiki-sky.a(nbr-table.o)
                0x00005ebc                nbr_table_get_lladdr
 .text.packetbuf_copyto_hdr
                0x00005ede       0x1c contiki-sky.a(packetbuf.o)
                0x00005ede                packetbuf_copyto_hdr
 .text.packetbuf_copyto
                0x00005efa       0x52 contiki-sky.a(packetbuf.o)
                0x00005efa                packetbuf_copyto
 .text.packetbuf_hdr_remove
                0x00005f4c        0x6 contiki-sky.a(packetbuf.o)
                0x00005f4c                packetbuf_hdr_remove
 .text.packetbuf_hdrreduce
                0x00005f52       0x1a contiki-sky.a(packetbuf.o)
                0x00005f52                packetbuf_hdrreduce
 .text.packetbuf_set_datalen
                0x00005f6c        0x6 contiki-sky.a(packetbuf.o)
                0x00005f6c                packetbuf_set_datalen
 .text.packetbuf_dataptr
                0x00005f72        0xe contiki-sky.a(packetbuf.o)
                0x00005f72                packetbuf_dataptr
 .text.packetbuf_hdrptr
                0x00005f80        0xa contiki-sky.a(packetbuf.o)
                0x00005f80                packetbuf_hdrptr
 .text.packetbuf_is_reference
                0x00005f8a        0xe contiki-sky.a(packetbuf.o)
                0x00005f8a                packetbuf_is_reference
 .text.packetbuf_compact
                0x00005f98       0x48 contiki-sky.a(packetbuf.o)
                0x00005f98                packetbuf_compact
 .text.packetbuf_reference_ptr
                0x00005fe0        0x6 contiki-sky.a(packetbuf.o)
                0x00005fe0                packetbuf_reference_ptr
 .text.packetbuf_datalen
                0x00005fe6        0x6 contiki-sky.a(packetbuf.o)
                0x00005fe6                packetbuf_datalen
 .text.packetbuf_totlen
                0x00005fec       0x10 contiki-sky.a(packetbuf.o)
                0x00005fec                packetbuf_totlen
 .text.packetbuf_hdralloc
                0x00005ffc       0x2e contiki-sky.a(packetbuf.o)
                0x00005ffc                packetbuf_hdralloc
 .text.packetbuf_attr_clear
                0x0000602a       0x30 contiki-sky.a(packetbuf.o)
                0x0000602a                packetbuf_attr_clear
 .text.packetbuf_clear
                0x0000605a       0x1a contiki-sky.a(packetbuf.o)
                0x0000605a                packetbuf_clear
 .text.packetbuf_copyfrom
                0x00006074       0x2e contiki-sky.a(packetbuf.o)
                0x00006074                packetbuf_copyfrom
 .text.packetbuf_attr_copyto
                0x000060a2       0x22 contiki-sky.a(packetbuf.o)
                0x000060a2                packetbuf_attr_copyto
 .text.packetbuf_attr_copyfrom
                0x000060c4       0x24 contiki-sky.a(packetbuf.o)
                0x000060c4                packetbuf_attr_copyfrom
 .text.queuebuf_init
                0x000060e8       0x1a contiki-sky.a(queuebuf.o)
                0x000060e8                queuebuf_init
 .text.queuebuf_new_from_packetbuf
                0x00006102       0x7e contiki-sky.a(queuebuf.o)
                0x00006102                queuebuf_new_from_packetbuf
 .text.queuebuf_update_attr_from_packetbuf
                0x00006180       0x12 contiki-sky.a(queuebuf.o)
                0x00006180                queuebuf_update_attr_from_packetbuf
 .text.queuebuf_free
                0x00006192       0x40 contiki-sky.a(queuebuf.o)
                0x00006192                queuebuf_free
 .text.queuebuf_to_packetbuf
                0x000061d2       0x6e contiki-sky.a(queuebuf.o)
                0x000061d2                queuebuf_to_packetbuf
 .text.queuebuf_attr
                0x00006240        0xe contiki-sky.a(queuebuf.o)
                0x00006240                queuebuf_attr
 .text.set_packet_attrs
                0x0000624e       0x46 contiki-sky.a(sicslowpan.o)
 .text.addr_context_lookup_by_number
                0x00006294       0x32 contiki-sky.a(sicslowpan.o)
 .text.compress_addr_64
                0x000062c6       0xae contiki-sky.a(sicslowpan.o)
 .text.uncompress_addr
                0x00006374       0xb4 contiki-sky.a(sicslowpan.o)
 .text.input    0x00006428      0x624 contiki-sky.a(sicslowpan.o)
 .text.sicslowpan_init
                0x00006a4c       0x26 contiki-sky.a(sicslowpan.o)
                0x00006a4c                sicslowpan_init
 .text.addr_context_lookup_by_prefix
                0x00006a72       0x4c contiki-sky.a(sicslowpan.o)
 .text.packet_sent
                0x00006abe       0x22 contiki-sky.a(sicslowpan.o)
 .text.send_packet
                0x00006ae0       0x1a contiki-sky.a(sicslowpan.o)
 .text.output   0x00006afa      0x6ee contiki-sky.a(sicslowpan.o)
 .text.start_periodic_tcp_timer
                0x000071e8       0x16 contiki-sky.a(tcpip.o)
 .text.tcpip_output
                0x000071fe       0x10 contiki-sky.a(tcpip.o)
                0x000071fe                tcpip_output
 .text.tcpip_set_outputfunc
                0x0000720e        0x6 contiki-sky.a(tcpip.o)
                0x0000720e                tcpip_set_outputfunc
 .text.tcp_listen
                0x00007214       0x3a contiki-sky.a(tcpip.o)
                0x00007214                tcp_listen
 .text.tcp_attach
                0x0000724e        0xc contiki-sky.a(tcpip.o)
                0x0000724e                tcp_attach
 .text.tcpip_input
                0x0000725a       0x16 contiki-sky.a(tcpip.o)
                0x0000725a                tcpip_input
 .text.tcpip_ipv6_output
                0x00007270      0x152 contiki-sky.a(tcpip.o)
                0x00007270                tcpip_ipv6_output
 .text.process_thread_tcpip_process
                0x000073c2      0x1d4 contiki-sky.a(tcpip.o)
 .text.tcpip_uipcall
                0x00007596       0x70 contiki-sky.a(tcpip.o)
                0x00007596                tcpip_uipcall
 .text.call_route_callback
                0x00007606       0x4c contiki-sky.a(uip-ds6-route.o)
 .text.uip_ds6_route_init
                0x00007652       0x2e contiki-sky.a(uip-ds6-route.o)
                0x00007652                uip_ds6_route_init
 .text.uip_ds6_route_nexthop
                0x00007680       0x1a contiki-sky.a(uip-ds6-route.o)
                0x00007680                uip_ds6_route_nexthop
 .text.uip_ds6_route_head
                0x0000769a       0x28 contiki-sky.a(uip-ds6-route.o)
                0x0000769a                uip_ds6_route_head
 .text.uip_ds6_route_next
                0x000076c2       0x30 contiki-sky.a(uip-ds6-route.o)
                0x000076c2                uip_ds6_route_next
 .text.uip_ds6_route_lookup
                0x000076f2       0x5e contiki-sky.a(uip-ds6-route.o)
                0x000076f2                uip_ds6_route_lookup
 .text.uip_ds6_route_add
                0x00007750       0xb4 contiki-sky.a(uip-ds6-route.o)
                0x00007750                uip_ds6_route_add
 .text.uip_ds6_route_rm
                0x00007804       0x60 contiki-sky.a(uip-ds6-route.o)
                0x00007804                uip_ds6_route_rm
 .text.rm_routelist
                0x00007864       0x30 contiki-sky.a(uip-ds6-route.o)
 .text.rm_routelist_callback
                0x00007894        0x6 contiki-sky.a(uip-ds6-route.o)
 .text.uip_ds6_defrt_rm
                0x0000789a       0x48 contiki-sky.a(uip-ds6-route.o)
                0x0000789a                uip_ds6_defrt_rm
 .text.uip_ds6_defrt_lookup
                0x000078e2       0x36 contiki-sky.a(uip-ds6-route.o)
                0x000078e2                uip_ds6_defrt_lookup
 .text.uip_ds6_defrt_add
                0x00007918       0x74 contiki-sky.a(uip-ds6-route.o)
                0x00007918                uip_ds6_defrt_add
 .text.uip_ds6_defrt_choose
                0x0000798c       0x3a contiki-sky.a(uip-ds6-route.o)
                0x0000798c                uip_ds6_defrt_choose
 .text.uip_ds6_defrt_periodic
                0x000079c6       0x38 contiki-sky.a(uip-ds6-route.o)
                0x000079c6                uip_ds6_defrt_periodic
 .text.uip_ds6_nbr_rm
                0x000079fe       0x1a contiki-sky.a(uip-ds6-nbr.o)
                0x000079fe                uip_ds6_nbr_rm
 .text.uip_ds6_neighbors_init
                0x00007a18        0xe contiki-sky.a(uip-ds6-nbr.o)
                0x00007a18                uip_ds6_neighbors_init
 .text.uip_ds6_nbr_add
                0x00007a26       0x60 contiki-sky.a(uip-ds6-nbr.o)
                0x00007a26                uip_ds6_nbr_add
 .text.uip_ds6_nbr_get_ll
                0x00007a86        0xc contiki-sky.a(uip-ds6-nbr.o)
                0x00007a86                uip_ds6_nbr_get_ll
 .text.uip_ds6_nbr_lookup
                0x00007a92       0x42 contiki-sky.a(uip-ds6-nbr.o)
                0x00007a92                uip_ds6_nbr_lookup
 .text.uip_ds6_nbr_ll_lookup
                0x00007ad4        0xc contiki-sky.a(uip-ds6-nbr.o)
                0x00007ad4                uip_ds6_nbr_ll_lookup
 .text.uip_ds6_nbr_ipaddr_from_lladdr
                0x00007ae0        0x6 contiki-sky.a(uip-ds6-nbr.o)
                0x00007ae0                uip_ds6_nbr_ipaddr_from_lladdr
 .text.uip_ds6_nbr_lladdr_from_ipaddr
                0x00007ae6       0x12 contiki-sky.a(uip-ds6-nbr.o)
                0x00007ae6                uip_ds6_nbr_lladdr_from_ipaddr
 .text.uip_ds6_link_neighbor_callback
                0x00007af8       0x2a contiki-sky.a(uip-ds6-nbr.o)
                0x00007af8                uip_ds6_link_neighbor_callback
 .text.uip_ds6_neighbor_periodic
                0x00007b22       0xfe contiki-sky.a(uip-ds6-nbr.o)
                0x00007b22                uip_ds6_neighbor_periodic
 .text.uip_ds6_list_loop
                0x00007c20       0x86 contiki-sky.a(uip-ds6.o)
                0x00007c20                uip_ds6_list_loop
 .text.uip_ds6_prefix_add
                0x00007ca6       0x80 contiki-sky.a(uip-ds6.o)
                0x00007ca6                uip_ds6_prefix_add
 .text.uip_ds6_is_addr_onlink
                0x00007d26       0x54 contiki-sky.a(uip-ds6.o)
                0x00007d26                uip_ds6_is_addr_onlink
 .text.uip_ds6_addr_lookup
                0x00007d7a       0x2a contiki-sky.a(uip-ds6.o)
                0x00007d7a                uip_ds6_addr_lookup
 .text.uip_ds6_get_link_local
                0x00007da4       0x3e contiki-sky.a(uip-ds6.o)
                0x00007da4                uip_ds6_get_link_local
 .text.uip_ds6_maddr_add
                0x00007de2       0x4c contiki-sky.a(uip-ds6.o)
                0x00007de2                uip_ds6_maddr_add
 .text.uip_ds6_addr_add
                0x00007e2e       0xc4 contiki-sky.a(uip-ds6.o)
                0x00007e2e                uip_ds6_addr_add
 .text.uip_ds6_maddr_rm
                0x00007ef2        0xa contiki-sky.a(uip-ds6.o)
                0x00007ef2                uip_ds6_maddr_rm
 .text.uip_ds6_maddr_lookup
                0x00007efc       0x2a contiki-sky.a(uip-ds6.o)
                0x00007efc                uip_ds6_maddr_lookup
 .text.uip_ds6_addr_rm
                0x00007f26       0x54 contiki-sky.a(uip-ds6.o)
                0x00007f26                uip_ds6_addr_rm
 .text.uip_ds6_periodic
                0x00007f7a       0x4a contiki-sky.a(uip-ds6.o)
                0x00007f7a                uip_ds6_periodic
 .text.uip_ds6_set_addr_iid
                0x00007fc4       0x14 contiki-sky.a(uip-ds6.o)
                0x00007fc4                uip_ds6_set_addr_iid
 .text.get_match_length
                0x00007fd8       0x44 contiki-sky.a(uip-ds6.o)
                0x00007fd8                get_match_length
 .text.uip_ds6_select_src
                0x0000801c       0xaa contiki-sky.a(uip-ds6.o)
                0x0000801c                uip_ds6_select_src
 .text.uip_ds6_compute_reachable_time
                0x000080c6       0x3e contiki-sky.a(uip-ds6.o)
                0x000080c6                uip_ds6_compute_reachable_time
 .text.uip_ds6_init
                0x00008104      0x154 contiki-sky.a(uip-ds6.o)
                0x00008104                uip_ds6_init
 .text.uip_nd6_ns_input
                0x00008258      0x24e contiki-sky.a(uip-nd6.o)
                0x00008258                uip_nd6_ns_input
 .text.uip_nd6_ns_output
                0x000084a6      0x17a contiki-sky.a(uip-nd6.o)
                0x000084a6                uip_nd6_ns_output
 .text.uip_nd6_na_input
                0x00008620      0x1bc contiki-sky.a(uip-nd6.o)
                0x00008620                uip_nd6_na_input
 .text.chksum   0x000087dc       0x32 contiki-sky.a(uip6.o)
 .text.upper_layer_chksum
                0x0000880e       0x56 contiki-sky.a(uip6.o)
 .text.ext_hdr_options_process
                0x00008864       0xd0 contiki-sky.a(uip6.o)
 .text.uip_add32
                0x00008934       0x68 contiki-sky.a(uip6.o)
                0x00008934                uip_add32
 .text.uip_add_rcv_nxt
                0x0000899c       0x2e contiki-sky.a(uip6.o)
 .text.uip_icmp6chksum
                0x000089ca        0xa contiki-sky.a(uip6.o)
                0x000089ca                uip_icmp6chksum
 .text.uip_tcpchksum
                0x000089d4        0xa contiki-sky.a(uip6.o)
                0x000089d4                uip_tcpchksum
 .text.uip_udpchksum
                0x000089de        0xa contiki-sky.a(uip6.o)
                0x000089de                uip_udpchksum
 .text.uip_init
                0x000089e8       0x72 contiki-sky.a(uip6.o)
                0x000089e8                uip_init
 .text.remove_ext_hdr
                0x00008a5a       0x58 contiki-sky.a(uip6.o)
                0x00008a5a                remove_ext_hdr
 .text.uip_unlisten
                0x00008ab2       0x2a contiki-sky.a(uip6.o)
                0x00008ab2                uip_unlisten
 .text.uip_listen
                0x00008adc       0x2c contiki-sky.a(uip6.o)
                0x00008adc                uip_listen
 .text.uip_process
                0x00008b08      0xeb2 contiki-sky.a(uip6.o)
                0x00008b08                uip_process
 .text.uip_htons
                0x000099ba        0xc contiki-sky.a(uip6.o)
                0x000099ba                uip_htons
 .text.uip_htonl
                0x000099c6       0x2e contiki-sky.a(uip6.o)
                0x000099c6                uip_htonl
 .text.uip_send
                0x000099f4       0x2c contiki-sky.a(uip6.o)
                0x000099f4                uip_send
 .text.process_thread_rest_manager_process
                0x00009a20       0x4c contiki-sky.a(rest.o)
 .text.rest_invoke_restful_service
                0x00009a6c       0xaa contiki-sky.a(rest.o)
                0x00009a6c                rest_invoke_restful_service
 .text.rest_init
                0x00009b16       0x1c contiki-sky.a(rest.o)
                0x00009b16                rest_init
 .text.rest_activate_resource
                0x00009b32        0xc contiki-sky.a(rest.o)
                0x00009b32                rest_activate_resource
 .text.rest_set_response_payload
                0x00009b3e        0x6 contiki-sky.a(rest.o)
                0x00009b3e                rest_set_response_payload
 .text.rest_set_header_content_type
                0x00009b44       0x1c contiki-sky.a(rest.o)
                0x00009b44                rest_set_header_content_type
 .text.init_platform
                0x00009b60        0xc contiki-sky.a(contiki-sky-pla)
                0x00009b60                init_platform
 .text.status   0x00009b6c       0x18 contiki-sky.a(button-sensor.o)
 .text.value    0x00009b84       0x20 contiki-sky.a(button-sensor.o)
 .text.configure
                0x00009ba4       0x4c contiki-sky.a(button-sensor.o)
 .text.irq_p2   0x00009bf0       0x88 contiki-sky.a(button-sensor.o)
                0x00009bf0                irq_p2
                0x00009bf0                __isr_1
 .text.owreadb  0x00009c78       0x50 contiki-sky.a(ds2411.o)
 .text.ds2411_init
                0x00009cc8      0x120 contiki-sky.a(ds2411.o)
                0x00009cc8                ds2411_init
 .text.wait_ready
                0x00009de8       0x4a contiki-sky.a(xmem.o)
 .text.xmem_init
                0x00009e32       0x3c contiki-sky.a(xmem.o)
                0x00009e32                xmem_init
 .text.xmem_pread
                0x00009e6e       0xe0 contiki-sky.a(xmem.o)
                0x00009e6e                xmem_pread
 .text.node_id_restore
                0x00009f4e       0x38 contiki-sky.a(node-id.o)
                0x00009f4e                node_id_restore
 .text.process_thread_sensors_process
                0x00009f86       0xc2 contiki-sky.a(sensors.o)
 .text.sensors_changed
                0x0000a048       0x2a contiki-sky.a(sensors.o)
                0x0000a048                sensors_changed
 .text.strobe   0x0000a072       0x1c contiki-sky.a(cc2420.o)
 .text.status   0x0000a08e       0x22 contiki-sky.a(cc2420.o)
 .text.getreg   0x0000a0b0       0x4c contiki-sky.a(cc2420.o)
 .text.setreg   0x0000a0fc       0x4c contiki-sky.a(cc2420.o)
 .text.set_txpower
                0x0000a148       0x24 contiki-sky.a(cc2420.o)
 .text.cc2420_receiving_packet
                0x0000a16c        0xc contiki-sky.a(cc2420.o)
 .text.pending_packet
                0x0000a178        0x8 contiki-sky.a(cc2420.o)
 .text.on       0x0000a180       0x44 contiki-sky.a(cc2420.o)
 .text.flushrx  0x0000a1c4       0x6c contiki-sky.a(cc2420.o)
 .text.off      0x0000a230       0x72 contiki-sky.a(cc2420.o)
 .text.RELEASE_LOCK
                0x0000a2a2       0x28 contiki-sky.a(cc2420.o)
 .text.cc2420_prepare
                0x0000a2ca       0x82 contiki-sky.a(cc2420.o)
 .text.getrxdata
                0x0000a34c       0x50 contiki-sky.a(cc2420.o)
 .text.cc2420_on
                0x0000a39c       0x22 contiki-sky.a(cc2420.o)
                0x0000a39c                cc2420_on
 .text.cc2420_off
                0x0000a3be       0x30 contiki-sky.a(cc2420.o)
                0x0000a3be                cc2420_off
 .text.cc2420_cca
                0x0000a3ee       0x82 contiki-sky.a(cc2420.o)
 .text.cc2420_read
                0x0000a470       0xda contiki-sky.a(cc2420.o)
 .text.process_thread_cc2420_process
                0x0000a54a       0x54 contiki-sky.a(cc2420.o)
 .text.cc2420_set_channel
                0x0000a59e       0x80 contiki-sky.a(cc2420.o)
                0x0000a59e                cc2420_set_channel
 .text.cc2420_set_pan_addr
                0x0000a61e      0x13e contiki-sky.a(cc2420.o)
                0x0000a61e                cc2420_set_pan_addr
 .text.cc2420_interrupt
                0x0000a75c       0x1e contiki-sky.a(cc2420.o)
                0x0000a75c                cc2420_interrupt
 .text.cc2420_get_txpower
                0x0000a77a       0x1e contiki-sky.a(cc2420.o)
                0x0000a77a                cc2420_get_txpower
 .text.cc2420_transmit
                0x0000a798      0x1a6 contiki-sky.a(cc2420.o)
 .text.cc2420_send
                0x0000a93e       0x12 contiki-sky.a(cc2420.o)
 .text.cc2420_set_cca_threshold
                0x0000a950       0x16 contiki-sky.a(cc2420.o)
                0x0000a950                cc2420_set_cca_threshold
 .text.cc2420_init
                0x0000a966       0xd2 contiki-sky.a(cc2420.o)
                0x0000a966                cc2420_init
 .text.cc2420_port1_interrupt
                0x0000aa38       0x62 contiki-sky.a(cc2420-arch.o)
                0x0000aa38                __isr_4
                0x0000aa38                cc2420_port1_interrupt
 .text.cc2420_arch_init
                0x0000aa9a       0x1a contiki-sky.a(cc2420-arch.o)
                0x0000aa9a                cc2420_arch_init
 .text.uart1_active
                0x0000aab4       0x18 contiki-sky.a(uart1.o)
                0x0000aab4                uart1_active
 .text.uart1_writeb
                0x0000aacc       0x18 contiki-sky.a(uart1.o)
                0x0000aacc                uart1_writeb
 .text.uart1_init
                0x0000aae4       0xf4 contiki-sky.a(uart1.o)
                0x0000aae4                uart1_init
 .text.putchar  0x0000abd8       0x10 contiki-sky.a(uart1-putchar.o)
                0x0000abd8                putchar
 .text.msp430_init_dco
                0x0000abe8       0x82 contiki-sky.a(msp430.o)
                0x0000abe8                msp430_init_dco
 .text.msp430_add_lpm_req
                0x0000ac6a        0xc contiki-sky.a(msp430.o)
                0x0000ac6a                msp430_add_lpm_req
 .text.msp430_cpu_init
                0x0000ac76       0x2a contiki-sky.a(msp430.o)
                0x0000ac76                msp430_cpu_init
 .text.splhigh_
                0x0000aca0        0x8 contiki-sky.a(msp430.o)
                0x0000aca0                splhigh_
 .text.msp430_sync_dco
                0x0000aca8       0x6c contiki-sky.a(msp430.o)
                0x0000aca8                msp430_sync_dco
 .text.timera1  0x0000ad14       0xfe contiki-sky.a(clock.o)
                0x0000ad14                __isr_5
                0x0000ad14                timera1
 .text.clock_time
                0x0000ae12       0x1a contiki-sky.a(clock.o)
                0x0000ae12                clock_time
 .text.clock_init
                0x0000ae2c       0x28 contiki-sky.a(clock.o)
                0x0000ae2c                clock_init
 .text.clock_delay
                0x0000ae54        0xc contiki-sky.a(clock.o)
                0x0000ae54                clock_delay
 .text.clock_seconds
                0x0000ae60       0x1a contiki-sky.a(clock.o)
                0x0000ae60                clock_seconds
 .text.show_leds
                0x0000ae7a      0x100 contiki-sky.a(leds.o)
 .text.leds_init
                0x0000af7a        0xe contiki-sky.a(leds.o)
                0x0000af7a                leds_init
 .text.leds_on  0x0000af88       0x14 contiki-sky.a(leds.o)
                0x0000af88                leds_on
 .text.leds_off
                0x0000af9c       0x14 contiki-sky.a(leds.o)
                0x0000af9c                leds_off
 .text.leds_arch_init
                0x0000afb0        0xe contiki-sky.a(leds-arch.o)
                0x0000afb0                leds_arch_init
 .text.leds_arch_set
                0x0000afbe       0x38 contiki-sky.a(leds-arch.o)
                0x0000afbe                leds_arch_set
 .text.watchdog_interrupt
                0x0000aff6        0x6 contiki-sky.a(watchdog.o)
                0x0000aff6                __isr_10
                0x0000aff6                watchdog_interrupt
 .text.watchdog_start
                0x0000affc       0x14 contiki-sky.a(watchdog.o)
                0x0000affc                watchdog_start
 .text.watchdog_periodic
                0x0000b010       0x12 contiki-sky.a(watchdog.o)
                0x0000b010                watchdog_periodic
 .text.watchdog_stop
                0x0000b022       0x16 contiki-sky.a(watchdog.o)
                0x0000b022                watchdog_stop
 .text.watchdog_init
                0x0000b038       0x12 contiki-sky.a(watchdog.o)
                0x0000b038                watchdog_init
 .text.rtimer_arch_init
                0x0000b04a        0xe contiki-sky.a(rtimer-arch.o)
                0x0000b04a                rtimer_arch_init
 .text.rtimer_arch_now
                0x0000b058        0xe contiki-sky.a(rtimer-arch.o)
                0x0000b058                rtimer_arch_now
 .text.timera0  0x0000b066       0x70 contiki-sky.a(rtimer-arch.o)
                0x0000b066                __isr_6
                0x0000b066                timera0
 .text.rtimer_arch_schedule
                0x0000b0d6        0x6 contiki-sky.a(rtimer-arch.o)
                0x0000b0d6                rtimer_arch_schedule
 .text.mac_call_sent_callback
                0x0000b0dc       0x14 contiki-sky.a(mac.o)
                0x0000b0dc                mac_call_sent_callback
 .text.create   0x0000b0f0      0x10a contiki-sky.a(framer-802154.o)
 .text.parse    0x0000b1fa       0xac contiki-sky.a(framer-802154.o)
 .text.rpl_purge_routes
                0x0000b2a6       0x96 contiki-sky.a(rpl.o)
                0x0000b2a6                rpl_purge_routes
 .text.rpl_remove_routes
                0x0000b33c       0x22 contiki-sky.a(rpl.o)
                0x0000b33c                rpl_remove_routes
 .text.rpl_remove_routes_by_nexthop
                0x0000b35e       0x46 contiki-sky.a(rpl.o)
                0x0000b35e                rpl_remove_routes_by_nexthop
 .text.rpl_add_route
                0x0000b3a4       0x48 contiki-sky.a(rpl.o)
                0x0000b3a4                rpl_add_route
 .text.rpl_link_neighbor_callback
                0x0000b3ec       0x6a contiki-sky.a(rpl.o)
                0x0000b3ec                rpl_link_neighbor_callback
 .text.rpl_ipv6_neighbor_callback
                0x0000b456       0x1e contiki-sky.a(rpl.o)
                0x0000b456                rpl_ipv6_neighbor_callback
 .text.rpl_init
                0x0000b474       0x40 contiki-sky.a(rpl.o)
                0x0000b474                rpl_init
 .text.lollipop_greater_than
                0x0000b4b4       0x3c contiki-sky.a(rpl-dag.o)
 .text.find_parent_any_dag_any_instance
                0x0000b4f0       0x14 contiki-sky.a(rpl-dag.o)
 .text.rpl_set_preferred_parent
                0x0000b504       0x30 contiki-sky.a(rpl-dag.o)
 .text.set_ip_from_prefix
                0x0000b534       0x38 contiki-sky.a(rpl-dag.o)
 .text.check_prefix
                0x0000b56c       0x80 contiki-sky.a(rpl-dag.o)
 .text.rpl_dag_init
                0x0000b5ec        0xe contiki-sky.a(rpl-dag.o)
                0x0000b5ec                rpl_dag_init
 .text.rpl_get_parent_ipaddr
                0x0000b5fa       0x10 contiki-sky.a(rpl-dag.o)
                0x0000b5fa                rpl_get_parent_ipaddr
 .text.rpl_set_prefix
                0x0000b60a       0x8e contiki-sky.a(rpl-dag.o)
                0x0000b60a                rpl_set_prefix
 .text.rpl_set_default_route
                0x0000b698       0x64 contiki-sky.a(rpl-dag.o)
                0x0000b698                rpl_set_default_route
 .text.rpl_alloc_instance
                0x0000b6fc       0x2c contiki-sky.a(rpl-dag.o)
                0x0000b6fc                rpl_alloc_instance
 .text.rpl_add_parent
                0x0000b728       0x3c contiki-sky.a(rpl-dag.o)
                0x0000b728                rpl_add_parent
 .text.rpl_find_parent
                0x0000b764       0x1c contiki-sky.a(rpl-dag.o)
                0x0000b764                rpl_find_parent
 .text.rpl_find_parent_any_dag
                0x0000b780       0x24 contiki-sky.a(rpl-dag.o)
                0x0000b780                rpl_find_parent_any_dag
 .text.rpl_select_parent
                0x0000b7a4       0x5c contiki-sky.a(rpl-dag.o)
                0x0000b7a4                rpl_select_parent
 .text.rpl_select_dag
                0x0000b800      0x1ae contiki-sky.a(rpl-dag.o)
                0x0000b800                rpl_select_dag
 .text.rpl_nullify_parent
                0x0000b9ae       0x4e contiki-sky.a(rpl-dag.o)
                0x0000b9ae                rpl_nullify_parent
 .text.rpl_remove_parent
                0x0000b9fc       0x16 contiki-sky.a(rpl-dag.o)
                0x0000b9fc                rpl_remove_parent
 .text.remove_parents.constprop.5
                0x0000ba12       0x32 contiki-sky.a(rpl-dag.o)
 .text.rpl_free_dag
                0x0000ba44       0x34 contiki-sky.a(rpl-dag.o)
                0x0000ba44                rpl_free_dag
 .text.rpl_free_instance
                0x0000ba78       0x5c contiki-sky.a(rpl-dag.o)
                0x0000ba78                rpl_free_instance
 .text.rpl_move_parent
                0x0000bad4       0x6e contiki-sky.a(rpl-dag.o)
                0x0000bad4                rpl_move_parent
 .text.rpl_get_any_dag
                0x0000bb42       0x16 contiki-sky.a(rpl-dag.o)
                0x0000bb42                rpl_get_any_dag
 .text.rpl_get_instance
                0x0000bb58       0x16 contiki-sky.a(rpl-dag.o)
                0x0000bb58                rpl_get_instance
 .text.get_dag  0x0000bb6e       0x58 contiki-sky.a(rpl-dag.o)
 .text.rpl_alloc_dag
                0x0000bbc6       0x66 contiki-sky.a(rpl-dag.o)
                0x0000bbc6                rpl_alloc_dag
 .text.rpl_repair_root
                0x0000bc2c       0x4c contiki-sky.a(rpl-dag.o)
                0x0000bc2c                rpl_repair_root
 .text.rpl_find_of
                0x0000bc78       0x10 contiki-sky.a(rpl-dag.o)
                0x0000bc78                rpl_find_of
 .text.rpl_join_instance
                0x0000bc88      0x13c contiki-sky.a(rpl-dag.o)
                0x0000bc88                rpl_join_instance
 .text.rpl_local_repair
                0x0000bdc4       0x80 contiki-sky.a(rpl-dag.o)
                0x0000bdc4                rpl_local_repair
 .text.rpl_process_parent_event
                0x0000be44       0x80 contiki-sky.a(rpl-dag.o)
                0x0000be44                rpl_process_parent_event
 .text.rpl_recalculate_ranks
                0x0000bec4       0x42 contiki-sky.a(rpl-dag.o)
                0x0000bec4                rpl_recalculate_ranks
 .text.rpl_add_dag
                0x0000bf06      0x112 contiki-sky.a(rpl-dag.o)
                0x0000bf06                rpl_add_dag
 .text.rpl_process_dio
                0x0000c018      0x274 contiki-sky.a(rpl-dag.o)
                0x0000c018                rpl_process_dio
 .text.get32    0x0000c28c       0x46 contiki-sky.a(rpl-icmp6.o)
 .text.set32    0x0000c2d2       0x2a contiki-sky.a(rpl-icmp6.o)
 .text.get16    0x0000c2fc        0xe contiki-sky.a(rpl-icmp6.o)
 .text.set16    0x0000c30a       0x10 contiki-sky.a(rpl-icmp6.o)
 .text.dis_output
                0x0000c31a       0x50 contiki-sky.a(rpl-icmp6.o)
                0x0000c31a                dis_output
 .text.dio_output
                0x0000c36a      0x264 contiki-sky.a(rpl-icmp6.o)
                0x0000c36a                dio_output
 .text.dao_output_target
                0x0000c5ce       0xdc contiki-sky.a(rpl-icmp6.o)
                0x0000c5ce                dao_output_target
 .text.dao_output
                0x0000c6aa       0x7e contiki-sky.a(rpl-icmp6.o)
                0x0000c6aa                dao_output
 .text.dao_ack_output
                0x0000c728       0x32 contiki-sky.a(rpl-icmp6.o)
                0x0000c728                dao_ack_output
 .text.uip_rpl_input
                0x0000c75a      0x52a contiki-sky.a(rpl-icmp6.o)
                0x0000c75a                uip_rpl_input
 .text.new_dio_interval
                0x0000cc84       0x92 contiki-sky.a(rpl-timers.o)
 .text.handle_periodic_timer
                0x0000cd16       0x2e contiki-sky.a(rpl-timers.o)
 .text.handle_dao_timer
                0x0000cd44       0x50 contiki-sky.a(rpl-timers.o)
 .text.handle_dio_timer
                0x0000cd94       0x82 contiki-sky.a(rpl-timers.o)
 .text.rpl_reset_periodic_timer
                0x0000ce16       0x54 contiki-sky.a(rpl-timers.o)
                0x0000ce16                rpl_reset_periodic_timer
 .text.rpl_reset_dio_timer
                0x0000ce6a       0x18 contiki-sky.a(rpl-timers.o)
                0x0000ce6a                rpl_reset_dio_timer
 .text.rpl_schedule_dao
                0x0000ce82       0x4e contiki-sky.a(rpl-timers.o)
                0x0000ce82                rpl_schedule_dao
 .text.reset    0x0000ced0        0x2 contiki-sky.a(rpl-mrhof.o)
 .text.neighbor_link_callback
                0x0000ced2       0x86 contiki-sky.a(rpl-mrhof.o)
 .text.calculate_rank
                0x0000cf58       0x2c contiki-sky.a(rpl-mrhof.o)
 .text.update_metric_container
                0x0000cf84        0x6 contiki-sky.a(rpl-mrhof.o)
 .text.best_dag
                0x0000cf8a       0x2e contiki-sky.a(rpl-mrhof.o)
 .text.best_parent
                0x0000cfb8       0x52 contiki-sky.a(rpl-mrhof.o)
 .text.rpl_verify_header
                0x0000d00a       0xb4 contiki-sky.a(rpl-ext-header.)
                0x0000d00a                rpl_verify_header
 .text.rpl_update_header_empty
                0x0000d0be       0xf8 contiki-sky.a(rpl-ext-header.)
                0x0000d0be                rpl_update_header_empty
 .text.rpl_update_header_final
                0x0000d1b6       0x88 contiki-sky.a(rpl-ext-header.)
                0x0000d1b6                rpl_update_header_final
 .text.rpl_invert_header
                0x0000d23e       0x4e contiki-sky.a(rpl-ext-header.)
                0x0000d23e                rpl_invert_header
 .text.rpl_insert_header
                0x0000d28c       0x1c contiki-sky.a(rpl-ext-header.)
                0x0000d28c                rpl_insert_header
 .text.stimer_set
                0x0000d2a8       0x1c contiki-sky.a(stimer.o)
                0x0000d2a8                stimer_set
 .text.stimer_expired
                0x0000d2c4       0x30 contiki-sky.a(stimer.o)
                0x0000d2c4                stimer_expired
 .text.uip_icmp6_echo_request_input
                0x0000d2f4      0x12c contiki-sky.a(uip-icmp6.o)
                0x0000d2f4                uip_icmp6_echo_request_input
 .text.uip_icmp6_error_output
                0x0000d420      0x17e contiki-sky.a(uip-icmp6.o)
                0x0000d420                uip_icmp6_error_output
 .text.uip_icmp6_send
                0x0000d59e       0x94 contiki-sky.a(uip-icmp6.o)
                0x0000d59e                uip_icmp6_send
 .text.allocate_header
                0x0000d632       0x24 contiki-sky.a(http-server.o)
 .text.http_set_status
                0x0000d656        0x6 contiki-sky.a(http-server.o)
                0x0000d656                http_set_status
 .text.http_set_res_header
                0x0000d65c       0x70 contiki-sky.a(http-server.o)
                0x0000d65c                http_set_res_header
 .text.http_set_service_callback
                0x0000d6cc        0x6 contiki-sky.a(http-server.o)
                0x0000d6cc                http_set_service_callback
 .text.http_get_content_type_string
                0x0000d6d2        0x8 contiki-sky.a(http-server.o)
                0x0000d6d2                http_get_content_type_string
 .text.get_default_status_string
                0x0000d6da       0xc4 contiki-sky.a(http-server.o)
                0x0000d6da                get_default_status_string
 .text.handle_connection
                0x0000d79e      0x4de contiki-sky.a(http-server.o)
 .text.process_thread_http_server
                0x0000dc7c      0x108 contiki-sky.a(http-server.o)
 .text.http_set_res_payload
                0x0000dd84       0x28 contiki-sky.a(http-server.o)
                0x0000dd84                http_set_res_payload
 .text.delete_buffer
                0x0000ddac       0x1a contiki-sky.a(buffer.o)
                0x0000ddac                delete_buffer
 .text.init_buffer
                0x0000ddc6       0x22 contiki-sky.a(buffer.o)
                0x0000ddc6                init_buffer
 .text.allocate_buffer
                0x0000dde8       0x2a contiki-sky.a(buffer.o)
                0x0000dde8                allocate_buffer
 .text.copy_to_buffer
                0x0000de12       0x28 contiki-sky.a(buffer.o)
                0x0000de12                copy_to_buffer
 .text.copy_text_to_buffer
                0x0000de3a       0x30 contiki-sky.a(buffer.o)
                0x0000de3a                copy_text_to_buffer
 .text.spi_init
                0x0000de6a       0x30 contiki-sky.a(spi.o)
                0x0000de6a                spi_init
 .text.field_len
                0x0000de9a       0x90 contiki-sky.a(frame802154.o)
 .text.frame802154_hdrlen
                0x0000df2a       0x2e contiki-sky.a(frame802154.o)
                0x0000df2a                frame802154_hdrlen
 .text.frame802154_create
                0x0000df58      0x172 contiki-sky.a(frame802154.o)
                0x0000df58                frame802154_create
 .text.frame802154_parse
                0x0000e0ca      0x1c4 contiki-sky.a(frame802154.o)
                0x0000e0ca                frame802154_parse
 .text.psock_send
                0x0000e28e       0xae contiki-sky.a(psock.o)
                0x0000e28e                psock_send
 .text.psock_datalen
                0x0000e33c        0xc contiki-sky.a(psock.o)
                0x0000e33c                psock_datalen
 .text.psock_newdata
                0x0000e348       0x26 contiki-sky.a(psock.o)
                0x0000e348                psock_newdata
 .text.psock_readto
                0x0000e36e       0xbc contiki-sky.a(psock.o)
                0x0000e36e                psock_readto
 .text.psock_readbuf_len
                0x0000e42a       0xe4 contiki-sky.a(psock.o)
                0x0000e42a                psock_readbuf_len
 .text.psock_init
                0x0000e50e       0x22 contiki-sky.a(psock.o)
                0x0000e50e                psock_init
 .text.libgcc   0x0000e530       0x2c /usr/local/msp430/bin/../lib/gcc/msp430/4.7.0/mmpy-16/libgcc.a(_mulsi3.o)
                0x0000e530                __mulsi3
 .text.libgcc   0x0000e55c       0x22 /usr/local/msp430/bin/../lib/gcc/msp430/4.7.0/mmpy-16/libgcc.a(_udivmod16.o)
                0x0000e55c                __udivhi3
                0x0000e55c                __ext_udivmod16
                0x0000e576                __umodhi3
 .text.libgcc   0x0000e57e       0x3a /usr/local/msp430/bin/../lib/gcc/msp430/4.7.0/mmpy-16/libgcc.a(_divmod16.o)
                0x0000e57e                __ext_divmod16
                0x0000e57e                __divhi3
                0x0000e5b0                __modhi3
 .text.libgcc   0x0000e5b8       0x40 /usr/local/msp430/bin/../lib/gcc/msp430/4.7.0/mmpy-16/libgcc.a(_udivmod32.o)
                0x0000e5b8                __udivsi3
                0x0000e5b8                __ext_udivmod32
                0x0000e5ee                __umodsi3
 .text.malloc   0x0000e5f8       0xd0 /usr/local/msp430/bin/../lib/gcc/msp430/4.7.0/../../../../msp430/lib/mmpy-16/libc.a(malloc.o)
                0x0000e5f8                malloc
 .text.free     0x0000e6c8        0x6 /usr/local/msp430/bin/../lib/gcc/msp430/4.7.0/../../../../msp430/lib/mmpy-16/libc.a(malloc.o)
                0x0000e6c8                free
 .text.atoi     0x0000e6ce       0x8a /usr/local/msp430/bin/../lib/gcc/msp430/4.7.0/../../../../msp430/lib/mmpy-16/libc.a(atoi.o)
                0x0000e6ce                atoi
 .text.printf   0x0000e758       0x10 /usr/local/msp430/bin/../lib/gcc/msp430/4.7.0/../../../../msp430/lib/mmpy-16/libc.a(printf.o)
                0x0000e758                printf
 .text.append   0x0000e768       0x22 /usr/local/msp430/bin/../lib/gcc/msp430/4.7.0/../../../../msp430/lib/mmpy-16/libc.a(sprintf.o)
 .text.call_vuprintf
                0x0000e78a       0x3a /usr/local/msp430/bin/../lib/gcc/msp430/4.7.0/../../../../msp430/lib/mmpy-16/libc.a(sprintf.o)
 .text.sprintf  0x0000e7c4       0x1c /usr/local/msp430/bin/../lib/gcc/msp430/4.7.0/../../../../msp430/lib/mmpy-16/libc.a(sprintf.o)
                0x0000e7c4                sprintf
 .text.print_field
                0x0000e7e0      0x194 /usr/local/msp430/bin/../lib/gcc/msp430/4.7.0/../../../../msp430/lib/mmpy-16/libc.a(vuprintf.o)
 .text.vuprintf
                0x0000e974      0x63c /usr/local/msp430/bin/../lib/gcc/msp430/4.7.0/../../../../msp430/lib/mmpy-16/libc.a(vuprintf.o)
                0x0000e974                vuprintf
 .text.puts     0x0000efb0       0x2c /usr/local/msp430/bin/../lib/gcc/msp430/4.7.0/../../../../msp430/lib/mmpy-16/libc.a(puts.o)
                0x0000efb0                puts
 .text.rand     0x0000efdc       0x26 /usr/local/msp430/bin/../lib/gcc/msp430/4.7.0/../../../../msp430/lib/mmpy-16/libc.a(rand.o)
                0x0000efdc                rand
 .text.srand    0x0000f002        0xa /usr/local/msp430/bin/../lib/gcc/msp430/4.7.0/../../../../msp430/lib/mmpy-16/libc.a(rand.o)
                0x0000f002                srand
 .text.strchr   0x0000f00c       0x16 /usr/local/msp430/bin/../lib/gcc/msp430/4.7.0/../../../../msp430/lib/mmpy-16/libc.a(strchr.o)
                0x0000f00c                strchr
 .text.strcmp   0x0000f022       0x1e /usr/local/msp430/bin/../lib/gcc/msp430/4.7.0/../../../../msp430/lib/mmpy-16/libc.a(strcmp.o)
                0x0000f022                strcmp
 .text.strncmp  0x0000f040       0x2a /usr/local/msp430/bin/../lib/gcc/msp430/4.7.0/../../../../msp430/lib/mmpy-16/libc.a(strncmp.o)
                0x0000f040                strncmp
 .text.memcmp   0x0000f06a       0x30 /usr/local/msp430/bin/../lib/gcc/msp430/4.7.0/../../../../msp430/lib/mmpy-16/libc.a(memcmp.o)
                0x0000f06a                memcmp
 .text.strcpy   0x0000f09a       0x14 /usr/local/msp430/bin/../lib/gcc/msp430/4.7.0/../../../../msp430/lib/mmpy-16/libc.a(strcpy.o)
                0x0000f09a                strcpy
 .text.memcpy   0x0000f0ae       0xfa /usr/local/msp430/bin/../lib/gcc/msp430/4.7.0/../../../../msp430/lib/mmpy-16/libc.a(memcpy.o)
                0x0000f0ae                memcpy
 .text.memmove  0x0000f1a8       0xfa /usr/local/msp430/bin/../lib/gcc/msp430/4.7.0/../../../../msp430/lib/mmpy-16/libc.a(memmove.o)
                0x0000f1a8                memmove
 .text.memset   0x0000f2a2       0x6a /usr/local/msp430/bin/../lib/gcc/msp430/4.7.0/../../../../msp430/lib/mmpy-16/libc.a(memset.o)
                0x0000f2a2                memset
 .text.libgcc   0x0000f30c       0xf0 /usr/local/msp430/bin/../lib/gcc/msp430/4.7.0/mmpy-16/libgcc.a(_udivmod64.o)
                0x0000f30c                __xabi_udivmod64
                0x0000f36a                __udivdi3
                0x0000f390                __umoddi3
                0x0000f3be                __udivmoddi4
 .text.crt0     0x0000f3fc        0x2 /usr/local/msp430/bin/../lib/gcc/msp430/4.7.0/mmpy-16/libcrt0.a(_unexpected_.o)
                0x0000f3fc                _unexpected_
 *(.near.text .near.text.*)

.rodata         0x0000f400      0x470
                0x0000f400                . = ALIGN (0x2)
 *(.rodata .rodata.* .gnu.linkonce.r.*)
 .rodata        0x0000f400       0x38 rest-server-example.co
                0x0000f418                autostart_processes
 .rodata        0x0000f438      0x12a obj_sky/contiki-sky-main.o
 .rodata        0x0000f562        0x8 contiki-sky.a(rimeaddr.o)
                0x0000f562                rimeaddr_null
 .rodata        0x0000f56a       0x14 contiki-sky.a(csma.o)
                0x0000f570                csma_driver
 .rodata        0x0000f57e       0x1c contiki-sky.a(contikimac.o)
                0x0000f58a                contikimac_driver
 .rodata        0x0000f59a        0xc contiki-sky.a(etimer.o)
 .rodata        0x0000f5a6        0xf contiki-sky.a(ctimer.o)
 *fill*         0x0000f5b5        0x1 00
 .rodata        0x0000f5b6       0x24 contiki-sky.a(sicslowpan.o)
                0x0000f5c2                sicslowpan_driver
                0x0000f5c8                llprefix
                0x0000f5ca                unc_mxconf
                0x0000f5ce                unc_ctxconf
                0x0000f5d2                unc_llconf
 .rodata        0x0000f5da        0xd contiki-sky.a(tcpip.o)
 *fill*         0x0000f5e7        0x1 00
 .rodata.uip_process
                0x0000f5e8       0x20 contiki-sky.a(uip6.o)
 .rodata        0x0000f608        0xd contiki-sky.a(rest.o)
 *fill*         0x0000f615        0x1 00
 .rodata        0x0000f616       0x10 contiki-sky.a(button-sensor.o)
                0x0000f61e                button_sensor
 .rodata        0x0000f626        0x8 contiki-sky.a(sensors.o)
 .rodata        0x0000f62e       0x22 contiki-sky.a(cc2420.o)
                0x0000f62e                cc2420_driver
 .rodata        0x0000f650        0x4 contiki-sky.a(framer-802154.o)
                0x0000f650                framer_802154
 .rodata        0x0000f654       0x8a contiki-sky.a(http-common.o)
 .rodata        0x0000f6de      0x189 contiki-sky.a(http-server.o)
 .rodata        0x0000f867        0x2 contiki-sky.a(frame802154.o)
 .rodata.vuprintf
                0x0000f869        0x7 /usr/local/msp430/bin/../lib/gcc/msp430/4.7.0/../../../../msp430/lib/mmpy-16/libc.a(vuprintf.o)
 *(.near.rodata .near.rodata.*)
                0x0000f870                . = ALIGN (0x2)
                0x0000f870                _etext = .

.data           0x00001100      0x122 load address 0x0000f870
                0x00001100                . = ALIGN (0x2)
                0x00001100                __data_start = .
 *(.data .data.* .gnu.linkonce.d.*)
 .data          0x00001100       0x18 rest-server-example.co
                0x00001100                rest_server_example
                0x0000110a                resource_status
 .data          0x00001118       0x18 contiki-sky.a(csma.o)
 .data          0x00001130       0x10 contiki-sky.a(phase.o)
 .data          0x00001140        0xa contiki-sky.a(etimer.o)
                0x00001140                etimer_process
 .data          0x0000114a        0xa contiki-sky.a(ctimer.o)
                0x0000114a                ctimer_process
 .data          0x00001154        0x8 contiki-sky.a(nbr-table.o)
 .data          0x0000115c       0x18 contiki-sky.a(queuebuf.o)
 .data          0x00001174        0xa contiki-sky.a(tcpip.o)
                0x00001174                tcpip_process
 .data          0x0000117e       0x18 contiki-sky.a(uip-ds6-route.o)
 .data          0x00001196        0xa contiki-sky.a(uip-ds6-nbr.o)
                0x00001196                ds6_neighbors
 .data          0x000011a0        0xa contiki-sky.a(rest.o)
                0x000011a0                rest_manager_process
 .data          0x000011aa        0x4 contiki-sky.a(contiki-sky-pla)
                0x000011aa                sensors
 .data          0x000011ae        0xa contiki-sky.a(sensors.o)
                0x000011ae                sensors_process
 .data          0x000011b8        0xa contiki-sky.a(cc2420.o)
                0x000011b8                cc2420_process
 .data          0x000011c2        0x2 contiki-sky.a(msp430.o)
 .data          0x000011c4        0x8 contiki-sky.a(rpl-dag.o)
 .data          0x000011cc        0x1 contiki-sky.a(rpl-icmp6.o)
 *fill*         0x000011cd        0x1 00
 .data          0x000011ce        0xe contiki-sky.a(rpl-mrhof.o)
                0x000011ce                rpl_mrhof
 .data          0x000011dc       0x26 contiki-sky.a(http-common.o)
                0x000011dc                header_delimiter
                0x000011de                HTTP_HEADER_NAME_ETAG
                0x000011e0                HTTP_HEADER_NAME_IF_NONE_MATCH
                0x000011e2                HTTP_HEADER_NAME_HOST
                0x000011e4                HTTP_HEADER_NAME_SERVER
                0x000011e6                HTTP_HEADER_NAME_CONNECTION
                0x000011e8                HTTP_HEADER_NAME_LOCATION
                0x000011ea                HTTP_HEADER_NAME_CONTENT_LENGTH
                0x000011ec                HTTP_HEADER_NAME_CONTENT_TYPE
                0x000011ee                close
                0x000011f0                contiki
                0x000011f2                line_end
                0x000011f4                httpv1_1
                0x000011f6                http_delete_string
                0x000011f8                http_put_string
                0x000011fa                http_post_string
                0x000011fc                http_head_string
                0x000011fe                http_get_string
                0x00001200                http_string
 .data          0x00001202       0x1c contiki-sky.a(http-server.o)
                0x00001202                http_server
                0x0000120c                content_types
 .data.next     0x0000121e        0x4 /usr/local/msp430/bin/../lib/gcc/msp430/4.7.0/../../../../msp430/lib/mmpy-16/libc.a(rand.o)
 *(.near.data .near.data.*)
                0x00001222                . = ALIGN (0x2)
                0x00001222                _edata = .
                0x0000f870                __data_load_start = LOADADDR (.data)
                0x00000122                __data_size = SIZEOF (.data)

.bss            0x00001222     0x1c44 load address 0x0000f992
                0x00001222                __bss_start = .
 *(.bss .bss.*)
 .bss           0x00001222        0xc obj_sky/contiki-sky-main.o
 .bss           0x0000122e       0xc2 contiki-sky.a(csma.o)
 .bss           0x000012f0       0xd4 contiki-sky.a(contikimac.o)
 .bss           0x000013c4      0x1d8 contiki-sky.a(phase.o)
 .bss           0x0000159c       0x42 contiki-sky.a(process.o)
                0x0000159c                process_current
                0x0000159e                process_list
 .bss           0x000015de        0x8 contiki-sky.a(compower.o)
 .bss           0x000015e6        0x6 contiki-sky.a(etimer.o)
 .bss           0x000015ec        0x4 contiki-sky.a(ctimer.o)
 .bss           0x000015f0        0x2 contiki-sky.a(rtimer.o)
 .bss           0x000015f2      0x118 contiki-sky.a(nbr-table.o)
 .bss           0x0000170a       0xba contiki-sky.a(packetbuf.o)
 .bss           0x000017c4      0x71e contiki-sky.a(queuebuf.o)
 .bss           0x00001ee2      0x122 contiki-sky.a(sicslowpan.o)
 .bss           0x00002004       0x36 contiki-sky.a(tcpip.o)
 .bss           0x0000203a      0x2fc contiki-sky.a(uip-ds6-route.o)
 .bss           0x00002336      0x2d0 contiki-sky.a(uip-ds6-nbr.o)
 .bss           0x00002606       0x18 contiki-sky.a(uip-ds6.o)
 .bss           0x0000261e        0xa contiki-sky.a(uip-nd6.o)
 .bss           0x00002628        0xe contiki-sky.a(uip6.o)
                0x00002628                uip_ext_opt_offset
                0x00002629                uip_ext_len
                0x0000262a                uip_ext_bitmap
 .bss           0x00002636        0x4 contiki-sky.a(rest.o)
 .bss           0x0000263a        0x8 contiki-sky.a(button-sensor.o)
 .bss           0x00002642        0x2 contiki-sky.a(node-id.o)
                0x00002642                node_id
 .bss           0x00002644        0x6 contiki-sky.a(sensors.o)
 .bss           0x0000264a        0xa contiki-sky.a(cc2420.o)
 .bss           0x00002654       0x9a contiki-sky.a(uart1.o)
 .bss           0x000026ee        0xa contiki-sky.a(clock.o)
 .bss           0x000026f8        0x2 contiki-sky.a(leds.o)
 .bss           0x000026fa        0x2 contiki-sky.a(watchdog.o)
 .bss           0x000026fc        0x2 contiki-sky.a(framer-802154.o)
 .bss           0x000026fe       0xc8 contiki-sky.a(rpl-dag.o)
 .bss           0x000027c6       0x18 contiki-sky.a(rpl-timers.o)
 .bss           0x000027de       0x10 contiki-sky.a(uip-icmp6.o)
 .bss           0x000027ee        0x6 contiki-sky.a(http-server.o)
 .bss.once.1520
                0x000027f4        0x1 /usr/local/msp430/bin/../lib/gcc/msp430/4.7.0/../../../../msp430/lib/mmpy-16/libc.a(malloc.o)
 *fill*         0x000027f5        0x1 00
 .bss.destination_
                0x000027f6        0x2 /usr/local/msp430/bin/../lib/gcc/msp430/4.7.0/../../../../msp430/lib/mmpy-16/libc.a(sprintf.o)
 .bss.available_
                0x000027f8        0x2 /usr/local/msp430/bin/../lib/gcc/msp430/4.7.0/../../../../msp430/lib/mmpy-16/libc.a(sprintf.o)
 *(.near.bss .near.bss.*)
 *(COMMON)
 COMMON         0x000027fa       0x64 rest-server-example.co
                0x000027fa                temp
 COMMON         0x0000285e        0x8 contiki-sky.a(rimeaddr.o)
                0x0000285e                rimeaddr_node_addr
 COMMON         0x00002866        0x1 contiki-sky.a(process.o)
                0x00002866                process_maxevents
 *fill*         0x00002867        0x1 00
 COMMON         0x00002868        0x8 contiki-sky.a(compower.o)
                0x00002868                compower_idle_activity
 COMMON         0x00002870       0x56 contiki-sky.a(energest.o)
                0x00002870                energest_total_time
                0x000028a0                energest_total_count
                0x000028a2                energest_current_mode
                0x000028ae                energest_current_time
 COMMON         0x000028c6       0x50 contiki-sky.a(packetbuf.o)
                0x000028c6                packetbuf_addrs
                0x000028e6                packetbuf_attrs
 COMMON         0x00002916        0x8 contiki-sky.a(sicslowpan.o)
                0x00002916                frag_sender
 COMMON         0x0000291e        0x1 contiki-sky.a(tcpip.o)
                0x0000291e                tcpip_event
 *fill*         0x0000291f        0x1 00
 COMMON         0x00002920      0x15c contiki-sky.a(uip-ds6.o)
                0x00002920                uip_ds6_timer_ra
                0x00002928                uip_ds6_if
                0x00002a14                uip_ds6_netif_addr_list_offset
                0x00002a15                uip_ds6_addr_size
                0x00002a16                uip_ds6_prefix_list
                0x00002a70                uip_ds6_timer_periodic
 COMMON         0x00002a7c      0x304 contiki-sky.a(uip6.o)
                0x00002a7c                uip_len
                0x00002a7e                uip_sappdata
                0x00002a80                uip_acc32
                0x00002a84                uip_lladdr
                0x00002a8c                uip_aligned_buf
                0x00002b7c                uip_flags
                0x00002b7e                uip_next_hdr
                0x00002b80                uip_udp_conn
                0x00002b82                uip_appdata
                0x00002b84                uip_conn
                0x00002b86                uip_conns
                0x00002c36                uip_listenports
                0x00002c46                uip_slen
                0x00002c48                uip_udp_conns
 COMMON         0x00002d80        0x2 contiki-sky.a(contiki-sky-pla)
                0x00002d80                sensors_flags
 COMMON         0x00002d82        0x8 contiki-sky.a(ds2411.o)
                0x00002d82                ds2411_id
 COMMON         0x00002d8a        0x1 contiki-sky.a(sensors.o)
                0x00002d8a                sensors_event
 *fill*         0x00002d8b        0x1 00
 COMMON         0x00002d8c       0x14 contiki-sky.a(cc2420.o)
                0x00002d8c                cc2420_last_rssi
                0x00002d8e                cc2420_packets_read
                0x00002d90                cc2420_packets_seen
                0x00002d92                cc2420_sfd_start_time
                0x00002d94                cc2420_time_of_departure
                0x00002d96                cc2420_time_of_arrival
                0x00002d98                cc2420_last_correlation
                0x00002d9a                cc2420_authority_level_of_sender
                0x00002d9c                cc2420_sfd_counter
                0x00002d9e                cc2420_sfd_end_time
 COMMON         0x00002da0        0x2 contiki-sky.a(msp430.o)
                0x00002da0                msp430_dco_required
 COMMON         0x00002da2       0xbe contiki-sky.a(rpl-dag.o)
                0x00002da2                default_instance
                0x00002da4                instance_table
 COMMON         0x00002e60        0x6 contiki-sky.a(buffer.o)
                0x00002e60                buffer_size
                0x00002e62                data_buffer
                0x00002e64                buffer_index
                0x00002e66                . = ALIGN (0x2)
                0x00002e66                __bss_end = .
                0x00001c44                __bss_size = SIZEOF (.bss)

.noinit         0x00002e66        0x2 load address 0x0000f992
                0x00002e66                . = ALIGN (0x2)
                0x00002e66                __noinit_start = .
 *(.noinit .noinit.*)
 .noinit.crt0   0x00002e66        0x2 /usr/local/msp430/bin/../lib/gcc/msp430/4.7.0/mmpy-16/libcrt0.a(__watchdog_support.o)
                0x00002e66                __wdt_clear_value
                0x00002e68                . = ALIGN (0x2)
                0x00002e68                __noinit_end = .
                0x00002e68                . = ALIGN (0x2)
                0x00002e68                _end = .

.infomem        0x00001000        0x0
                0x00001000                . = ALIGN (0x2)
 *(.infomem .infomem.*)

.infomemnobits  0x00001000        0x0
                0x00001000                . = ALIGN (0x2)
 *(.infomemnobits .infomemnobits.*)

.infoa          0x00001080        0x0
                0x00001080                . = ALIGN (0x2)
 *(.infoa .infoa.*)

.infob          0x00001000        0x0
                0x00001000                . = ALIGN (0x2)
 *(.infob .infob.*)

.infoc          0x00000000        0x0
                0x00000000                . = ALIGN (0x2)
 *(.infoc .infoc.*)

.infod          0x00000000        0x0
                0x00000000                . = ALIGN (0x2)
 *(.infod .infod.*)

.vectors        0x0000ffe0       0x20
                0x0000ffe0                __vectors_start = .
 *(.vectors*)
 .vectors       0x0000ffe0       0x20 /usr/local/msp430/bin/../lib/gcc/msp430/4.7.0/mmpy-16/crt0ivtbl16.o
                0x0000ffe0                __ivtbl_16
                0x00010000                _vectors_end = .

.fartext        0x00000000        0x0
                0x00000000                . = ALIGN (0x2)
 *(.fartext .fartext.*)

.far.text       0x00000000        0x0
                0x00000000                . = ALIGN (0x2)
 *(.far.text .far.text.*)

.far.rodata     0x00000000        0x0
                0x00000000                . = ALIGN (0x2)
 *(.far.rodata .far.rodata.*)
                0x00000000                . = ALIGN (0x2)
                0x00000000                _efartext = .

.far.data       0x00000000        0x0
                0x00000000                . = ALIGN (0x2)
                0x00000000                __far_data_start = .
 *(.far.data .far.data.*)
                0x00000000                . = ALIGN (0x2)
                0x00000000                _efardata = .
                0x00000000                __far_data_load_start = LOADADDR (.far.data)
                0x00000000                __far_data_size = SIZEOF (.far.data)

.far.bss        0x00000000        0x0
                0x00000000                . = ALIGN (0x2)
                0x00000000                __far_bss_start = .
 *(.far.bss .far.bss.*)
                0x00000000                . = ALIGN (0x2)
                0x00000000                __far_bss_end = .
                0x00000000                __far_bss_size = SIZEOF (.far.bss)
                0x00000000                . = ALIGN (0x2)
                0x00000000                _far_end = .

.profiler
 *(.profiler)

.stab
 *(.stab)

.stabstr
 *(.stabstr)

.stab.excl
 *(.stab.excl)

.stab.exclstr
 *(.stab.exclstr)

.stab.index
 *(.stab.index)

.stab.indexstr
 *(.stab.indexstr)

.comment        0x00000000       0x30
 *(.comment)
 .comment       0x00000000       0x30 rest-server-example.co
                                 0x31 (size before relaxing)
 .comment       0x00000000       0x31 obj_sky/contiki-sky-main.o
 .comment       0x00000000       0x31 contiki-sky.a(rimeaddr.o)
 .comment       0x00000000       0x31 contiki-sky.a(csma.o)
 .comment       0x00000000       0x31 contiki-sky.a(contikimac.o)
 .comment       0x00000000       0x31 contiki-sky.a(phase.o)
 .comment       0x00000000       0x31 contiki-sky.a(process.o)
 .comment       0x00000000       0x31 contiki-sky.a(autostart.o)
 .comment       0x00000000       0x31 contiki-sky.a(compower.o)
 .comment       0x00000000       0x31 contiki-sky.a(memb.o)
 .comment       0x00000000       0x31 contiki-sky.a(timer.o)
 .comment       0x00000000       0x31 contiki-sky.a(list.o)
 .comment       0x00000000       0x31 contiki-sky.a(etimer.o)
 .comment       0x00000000       0x31 contiki-sky.a(ctimer.o)
 .comment       0x00000000       0x31 contiki-sky.a(energest.o)
 .comment       0x00000000       0x31 contiki-sky.a(rtimer.o)
 .comment       0x00000000       0x31 contiki-sky.a(random.o)
 .comment       0x00000000       0x31 contiki-sky.a(nbr-table.o)
 .comment       0x00000000       0x31 contiki-sky.a(packetbuf.o)
 .comment       0x00000000       0x31 contiki-sky.a(queuebuf.o)
 .comment       0x00000000       0x31 contiki-sky.a(sicslowpan.o)
 .comment       0x00000000       0x31 contiki-sky.a(tcpip.o)
 .comment       0x00000000       0x31 contiki-sky.a(uip-ds6-route.o)
 .comment       0x00000000       0x31 contiki-sky.a(uip-ds6-nbr.o)
 .comment       0x00000000       0x31 contiki-sky.a(uip-ds6.o)
 .comment       0x00000000       0x31 contiki-sky.a(uip-nd6.o)
 .comment       0x00000000       0x31 contiki-sky.a(uip6.o)
 .comment       0x00000000       0x31 contiki-sky.a(rest.o)
 .comment       0x00000000       0x31 contiki-sky.a(contiki-sky-pla)
 .comment       0x00000000       0x31 contiki-sky.a(button-sensor.o)
 .comment       0x00000000       0x31 contiki-sky.a(ds2411.o)
 .comment       0x00000000       0x31 contiki-sky.a(xmem.o)
 .comment       0x00000000       0x31 contiki-sky.a(node-id.o)
 .comment       0x00000000       0x31 contiki-sky.a(sensors.o)
 .comment       0x00000000       0x31 contiki-sky.a(cc2420.o)
 .comment       0x00000000       0x31 contiki-sky.a(cc2420-arch.o)
 .comment       0x00000000       0x31 contiki-sky.a(uart1.o)
 .comment       0x00000000       0x31 contiki-sky.a(uart1-putchar.o)
 .comment       0x00000000       0x31 contiki-sky.a(msp430.o)
 .comment       0x00000000       0x31 contiki-sky.a(clock.o)
 .comment       0x00000000       0x31 contiki-sky.a(leds.o)
 .comment       0x00000000       0x31 contiki-sky.a(leds-arch.o)
 .comment       0x00000000       0x31 contiki-sky.a(watchdog.o)
 .comment       0x00000000       0x31 contiki-sky.a(rtimer-arch.o)
 .comment       0x00000000       0x31 contiki-sky.a(mac.o)
 .comment       0x00000000       0x31 contiki-sky.a(framer-802154.o)
 .comment       0x00000000       0x31 contiki-sky.a(rpl.o)
 .comment       0x00000000       0x31 contiki-sky.a(rpl-dag.o)
 .comment       0x00000000       0x31 contiki-sky.a(rpl-icmp6.o)
 .comment       0x00000000       0x31 contiki-sky.a(rpl-timers.o)
 .comment       0x00000000       0x31 contiki-sky.a(rpl-mrhof.o)
 .comment       0x00000000       0x31 contiki-sky.a(rpl-ext-header.)
 .comment       0x00000000       0x31 contiki-sky.a(stimer.o)
 .comment       0x00000000       0x31 contiki-sky.a(uip-icmp6.o)
 .comment       0x00000000       0x31 contiki-sky.a(http-common.o)
 .comment       0x00000000       0x31 contiki-sky.a(http-server.o)
 .comment       0x00000000       0x31 contiki-sky.a(buffer.o)
 .comment       0x00000000       0x31 contiki-sky.a(spi.o)
 .comment       0x00000000       0x31 contiki-sky.a(frame802154.o)
 .comment       0x00000000       0x31 contiki-sky.a(psock.o)
 .comment       0x00000000       0x31 /usr/local/msp430/bin/../lib/gcc/msp430/4.7.0/../../../../msp430/lib/mmpy-16/libc.a(malloc.o)
 .comment       0x00000000       0x31 /usr/local/msp430/bin/../lib/gcc/msp430/4.7.0/../../../../msp430/lib/mmpy-16/libc.a(atoi.o)
 .comment       0x00000000       0x31 /usr/local/msp430/bin/../lib/gcc/msp430/4.7.0/../../../../msp430/lib/mmpy-16/libc.a(printf.o)
 .comment       0x00000000       0x31 /usr/local/msp430/bin/../lib/gcc/msp430/4.7.0/../../../../msp430/lib/mmpy-16/libc.a(sprintf.o)
 .comment       0x00000000       0x31 /usr/local/msp430/bin/../lib/gcc/msp430/4.7.0/../../../../msp430/lib/mmpy-16/libc.a(vuprintf.o)
 .comment       0x00000000       0x31 /usr/local/msp430/bin/../lib/gcc/msp430/4.7.0/../../../../msp430/lib/mmpy-16/libc.a(puts.o)
 .comment       0x00000000       0x31 /usr/local/msp430/bin/../lib/gcc/msp430/4.7.0/../../../../msp430/lib/mmpy-16/libc.a(rand.o)
 .comment       0x00000000       0x31 /usr/local/msp430/bin/../lib/gcc/msp430/4.7.0/../../../../msp430/lib/mmpy-16/libc.a(strchr.o)
 .comment       0x00000000       0x31 /usr/local/msp430/bin/../lib/gcc/msp430/4.7.0/../../../../msp430/lib/mmpy-16/libc.a(strcmp.o)
 .comment       0x00000000       0x31 /usr/local/msp430/bin/../lib/gcc/msp430/4.7.0/../../../../msp430/lib/mmpy-16/libc.a(strncmp.o)
 .comment       0x00000000       0x31 /usr/local/msp430/bin/../lib/gcc/msp430/4.7.0/../../../../msp430/lib/mmpy-16/libc.a(memcmp.o)
 .comment       0x00000000       0x31 /usr/local/msp430/bin/../lib/gcc/msp430/4.7.0/../../../../msp430/lib/mmpy-16/libc.a(strcpy.o)
 .comment       0x00000000       0x31 /usr/local/msp430/bin/../lib/gcc/msp430/4.7.0/../../../../msp430/lib/mmpy-16/libc.a(memcpy.o)
 .comment       0x00000000       0x31 /usr/local/msp430/bin/../lib/gcc/msp430/4.7.0/../../../../msp430/lib/mmpy-16/libc.a(memmove.o)
 .comment       0x00000000       0x31 /usr/local/msp430/bin/../lib/gcc/msp430/4.7.0/../../../../msp430/lib/mmpy-16/libc.a(memset.o)

.debug
 *(.debug)

.line
 *(.line)

.debug_srcinfo
 *(.debug_srcinfo)

.debug_sfnames
 *(.debug_sfnames)

.debug_aranges  0x00000000      0x244
 *(.debug_aranges)
 .debug_aranges
                0x00000000       0x14 /usr/local/msp430/bin/../lib/gcc/msp430/4.7.0/mmpy-16/crt0ivtbl16.o
 .debug_aranges
                0x00000014       0x14 /usr/local/msp430/bin/../lib/gcc/msp430/4.7.0/mmpy-16/libgcc.a(_mulsi3.o)
 .debug_aranges
                0x00000028       0x14 /usr/local/msp430/bin/../lib/gcc/msp430/4.7.0/mmpy-16/libgcc.a(_udivmod16.o)
 .debug_aranges
                0x0000003c       0x14 /usr/local/msp430/bin/../lib/gcc/msp430/4.7.0/mmpy-16/libgcc.a(_divmod16.o)
 .debug_aranges
                0x00000050       0x14 /usr/local/msp430/bin/../lib/gcc/msp430/4.7.0/mmpy-16/libgcc.a(_udivmod32.o)
 .debug_aranges
                0x00000064       0x18 /usr/local/msp430/bin/../lib/gcc/msp430/4.7.0/../../../../msp430/lib/mmpy-16/libc.a(malloc.o)
 .debug_aranges
                0x0000007c       0x14 /usr/local/msp430/bin/../lib/gcc/msp430/4.7.0/../../../../msp430/lib/mmpy-16/libc.a(atoi.o)
 .debug_aranges
                0x00000090       0x18 /usr/local/msp430/bin/../lib/gcc/msp430/4.7.0/../../../../msp430/lib/mmpy-16/libc.a(printf.o)
 .debug_aranges
                0x000000a8       0x28 /usr/local/msp430/bin/../lib/gcc/msp430/4.7.0/../../../../msp430/lib/mmpy-16/libc.a(sprintf.o)
 .debug_aranges
                0x000000d0       0x18 /usr/local/msp430/bin/../lib/gcc/msp430/4.7.0/../../../../msp430/lib/mmpy-16/libc.a(vuprintf.o)
 .debug_aranges
                0x000000e8       0x14 /usr/local/msp430/bin/../lib/gcc/msp430/4.7.0/../../../../msp430/lib/mmpy-16/libc.a(puts.o)
 .debug_aranges
                0x000000fc       0x1c /usr/local/msp430/bin/../lib/gcc/msp430/4.7.0/../../../../msp430/lib/mmpy-16/libc.a(rand.o)
 .debug_aranges
                0x00000118       0x14 /usr/local/msp430/bin/../lib/gcc/msp430/4.7.0/../../../../msp430/lib/mmpy-16/libc.a(strchr.o)
 .debug_aranges
                0x0000012c       0x14 /usr/local/msp430/bin/../lib/gcc/msp430/4.7.0/../../../../msp430/lib/mmpy-16/libc.a(strcmp.o)
 .debug_aranges
                0x00000140       0x14 /usr/local/msp430/bin/../lib/gcc/msp430/4.7.0/../../../../msp430/lib/mmpy-16/libc.a(strncmp.o)
 .debug_aranges
                0x00000154       0x14 /usr/local/msp430/bin/../lib/gcc/msp430/4.7.0/../../../../msp430/lib/mmpy-16/libc.a(memcmp.o)
 .debug_aranges