Archive member included because of file (symbol)

contiki-native.a(nullmac.o)   border-router.co (nullmac_driver)
contiki-native.a(nullrdc.o)   contiki-native.a(nullmac.o) (nullrdc_driver)
contiki-native.a(mac.o)       contiki-native.a(nullrdc.o) (mac_call_sent_callback)
contiki-native.a(framer-nullmac.)
                              contiki-native.a(nullrdc.o) (framer_nullmac)
contiki-native.a(process.o)   border-router.co (process_current)
contiki-native.a(memb.o)      obj_native/httpd-simple.o (memb_init)
contiki-native.a(timer.o)     obj_native/httpd-simple.o (timer_set)
contiki-native.a(etimer.o)    border-router.co (etimer_set)
contiki-native.a(nbr-table.o)
                              border-router.co (nbr_table_next)
contiki-native.a(packetbuf.o)
                              contiki-native.a(framer-nullmac.) (packetbuf_hdrreduce)
contiki-native.a(psock.o)     border-router.co (psock_send)
contiki-native.a(queuebuf.o)  contiki-native.a(nullrdc.o) (queuebuf_to_packetbuf)
contiki-native.a(tcpip.o)     border-router.co (tcpip_event)
contiki-native.a(uip-debug.o)
                              border-router.co (uip_debug_ipaddr_print)
contiki-native.a(uip-ds6-nbr.o)
                              border-router.co (ds6_neighbors)
contiki-native.a(uip.o)       obj_native/httpd-simple.o (uip_conn)
contiki-native.a(nullradio.o)
                              contiki-native.a(nullrdc.o) (nullradio_driver)
contiki-native.a(contiki-main.o)
                              /usr/lib/gcc/i686-linux-gnu/4.6/../../../i386-linux-gnu/crt1.o (main)
contiki-native.a(clock.o)     contiki-native.a(timer.o) (clock_time)
contiki-native.a(button-sensor.o)
                              border-router.co (button_sensor)
contiki-native.a(pir-sensor.o)
                              contiki-native.a(contiki-main.o) (pir_sensor)
contiki-native.a(vib-sensor.o)
                              contiki-native.a(contiki-main.o) (vib_sensor)
contiki-native.a(sensors.o)   border-router.co (sensors_event)
contiki-native.a(rimeaddr.o)  contiki-native.a(framer-nullmac.) (rimeaddr_copy)
contiki-native.a(autostart.o)
                              contiki-native.a(contiki-main.o) (autostart_start)
contiki-native.a(serial-line.o)
                              contiki-native.a(contiki-main.o) (serial_line_input_byte)
contiki-native.a(list.o)      contiki-native.a(nbr-table.o) (list_head)
contiki-native.a(ctimer.o)    contiki-native.a(contiki-main.o) (ctimer_init)
contiki-native.a(stimer.o)    contiki-native.a(uip-ds6-nbr.o) (stimer_set)
contiki-native.a(ringbuf.o)   contiki-native.a(serial-line.o) (ringbuf_init)
contiki-native.a(netstack.o)  contiki-native.a(contiki-main.o) (netstack_init)
/usr/lib/i386-linux-gnu/libc_nonshared.a(elf-init.oS)
                              /usr/lib/gcc/i686-linux-gnu/4.6/../../../i386-linux-gnu/crt1.o (__libc_csu_init)

Allocating common symbols
Common symbol       size              file

uip_draddr          0x4               contiki-native.a(uip.o)
uip_slen            0x2               contiki-native.a(uip.o)
uip_acc32           0x4               contiki-native.a(uip.o)
uip_conns           0x5a0             contiki-native.a(uip.o)
uip_netmask         0x4               contiki-native.a(uip.o)
uip_hostaddr        0x4               contiki-native.a(uip.o)
serial_line_event_message
                    0x1               contiki-native.a(serial-line.o)
uip_appdata         0x4               contiki-native.a(uip.o)
uip_flags           0x1               contiki-native.a(uip.o)
packetbuf_attrs     0x30              contiki-native.a(packetbuf.o)
uip_aligned_buf     0x1a4             contiki-native.a(uip.o)
contiki_argv        0x4               contiki-native.a(contiki-main.o)
uip_listenports     0x50              contiki-native.a(uip.o)
uip_len             0x2               contiki-native.a(uip.o)
tcpip_event         0x1               contiki-native.a(tcpip.o)
uip_sappdata        0x4               contiki-native.a(uip.o)
sensors_event       0x1               contiki-native.a(sensors.o)
uip_udp_conns       0xc8              contiki-native.a(uip.o)
rimeaddr_node_addr  0x2               contiki-native.a(rimeaddr.o)
packetbuf_addrs     0x8               contiki-native.a(packetbuf.o)
uip_udp_conn        0x4               contiki-native.a(uip.o)
sensors_flags       0x4               contiki-native.a(contiki-main.o)
uip_conn            0x4               contiki-native.a(uip.o)

Discarded input sections

 .note.GNU-stack
                0x0000000000000000        0x0 /usr/lib/gcc/i686-linux-gnu/4.6/../../../i386-linux-gnu/crt1.o
 .gnu_debuglink
                0x0000000000000000        0xc /usr/lib/gcc/i686-linux-gnu/4.6/../../../i386-linux-gnu/crt1.o
 .note.GNU-stack
                0x0000000000000000        0x0 /usr/lib/gcc/i686-linux-gnu/4.6/../../../i386-linux-gnu/crti.o
 .gnu_debuglink
                0x0000000000000000        0xc /usr/lib/gcc/i686-linux-gnu/4.6/../../../i386-linux-gnu/crti.o
 .note.GNU-stack
                0x0000000000000000        0x0 /usr/lib/gcc/i686-linux-gnu/4.6/crtbegin.o
 .note.GNU-stack
                0x0000000000000000        0x0 border-router.co
 .note.GNU-stack
                0x0000000000000000        0x0 obj_native/slip-bridge.o
 .note.GNU-stack
                0x0000000000000000        0x0 obj_native/httpd-simple.o
 .note.GNU-stack
                0x0000000000000000        0x0 contiki-native.a(nullmac.o)
 .note.GNU-stack
                0x0000000000000000        0x0 contiki-native.a(nullrdc.o)
 .note.GNU-stack
                0x0000000000000000        0x0 contiki-native.a(mac.o)
 .note.GNU-stack
                0x0000000000000000        0x0 contiki-native.a(framer-nullmac.)
 .note.GNU-stack
                0x0000000000000000        0x0 contiki-native.a(process.o)
 .note.GNU-stack
                0x0000000000000000        0x0 contiki-native.a(memb.o)
 .note.GNU-stack
                0x0000000000000000        0x0 contiki-native.a(timer.o)
 .note.GNU-stack
                0x0000000000000000        0x0 contiki-native.a(etimer.o)
 .note.GNU-stack
                0x0000000000000000        0x0 contiki-native.a(nbr-table.o)
 .note.GNU-stack
                0x0000000000000000        0x0 contiki-native.a(packetbuf.o)
 .note.GNU-stack
                0x0000000000000000        0x0 contiki-native.a(psock.o)
 .note.GNU-stack
                0x0000000000000000        0x0 contiki-native.a(queuebuf.o)
 .note.GNU-stack
                0x0000000000000000        0x0 contiki-native.a(tcpip.o)
 .note.GNU-stack
                0x0000000000000000        0x0 contiki-native.a(uip-debug.o)
 .note.GNU-stack
                0x0000000000000000        0x0 contiki-native.a(uip-ds6-nbr.o)
 .note.GNU-stack
                0x0000000000000000        0x0 contiki-native.a(uip.o)
 .note.GNU-stack
                0x0000000000000000        0x0 contiki-native.a(nullradio.o)
 .note.GNU-stack
                0x0000000000000000        0x0 contiki-native.a(contiki-main.o)
 .note.GNU-stack
                0x0000000000000000        0x0 contiki-native.a(clock.o)
 .note.GNU-stack
                0x0000000000000000        0x0 contiki-native.a(button-sensor.o)
 .note.GNU-stack
                0x0000000000000000        0x0 contiki-native.a(pir-sensor.o)
 .note.GNU-stack
                0x0000000000000000        0x0 contiki-native.a(vib-sensor.o)
 .note.GNU-stack
                0x0000000000000000        0x0 contiki-native.a(sensors.o)
 .note.GNU-stack
                0x0000000000000000        0x0 contiki-native.a(rimeaddr.o)
 .note.GNU-stack
                0x0000000000000000        0x0 contiki-native.a(autostart.o)
 .note.GNU-stack
                0x0000000000000000        0x0 contiki-native.a(serial-line.o)
 .note.GNU-stack
                0x0000000000000000        0x0 contiki-native.a(list.o)
 .note.GNU-stack
                0x0000000000000000        0x0 contiki-native.a(ctimer.o)
 .note.GNU-stack
                0x0000000000000000        0x0 contiki-native.a(stimer.o)
 .note.GNU-stack
                0x0000000000000000        0x0 contiki-native.a(ringbuf.o)
 .note.GNU-stack
                0x0000000000000000        0x0 contiki-native.a(netstack.o)
 .group         0x0000000000000000        0x8 /usr/lib/i386-linux-gnu/libc_nonshared.a(elf-init.oS)
 .note.GNU-stack
                0x0000000000000000        0x0 /usr/lib/i386-linux-gnu/libc_nonshared.a(elf-init.oS)
 .note.GNU-stack
                0x0000000000000000        0x0 /usr/lib/gcc/i686-linux-gnu/4.6/crtend.o
 .note.GNU-stack
                0x0000000000000000        0x0 /usr/lib/gcc/i686-linux-gnu/4.6/../../../i386-linux-gnu/crtn.o
 .gnu_debuglink
                0x0000000000000000        0xc /usr/lib/gcc/i686-linux-gnu/4.6/../../../i386-linux-gnu/crtn.o

Memory Configuration

Name             Origin             Length             Attributes
*default*        0x0000000000000000 0xffffffffffffffff

Linker script and memory map

LOAD /usr/lib/gcc/i686-linux-gnu/4.6/../../../i386-linux-gnu/crt1.o
LOAD /usr/lib/gcc/i686-linux-gnu/4.6/../../../i386-linux-gnu/crti.o
LOAD /usr/lib/gcc/i686-linux-gnu/4.6/crtbegin.o
LOAD border-router.co
LOAD obj_native/slip-bridge.o
LOAD obj_native/httpd-simple.o
LOAD contiki-native.a
LOAD /usr/lib/gcc/i686-linux-gnu/4.6/../../../i386-linux-gnu/libncurses.so
LOAD /lib/i386-linux-gnu/libncurses.so.5
LOAD /usr/lib/gcc/i686-linux-gnu/4.6/../../../i386-linux-gnu/libtinfo.so
LOAD /usr/lib/gcc/i686-linux-gnu/4.6/libgcc.a
LOAD /usr/lib/gcc/i686-linux-gnu/4.6/libgcc_s.so
LOAD /usr/lib/gcc/i686-linux-gnu/4.6/../../../i386-linux-gnu/libc.so
START GROUP
LOAD /lib/i386-linux-gnu/libc.so.6
LOAD /usr/lib/i386-linux-gnu/libc_nonshared.a
LOAD /lib/i386-linux-gnu/ld-linux.so.2
END GROUP
LOAD /usr/lib/gcc/i686-linux-gnu/4.6/libgcc.a
LOAD /usr/lib/gcc/i686-linux-gnu/4.6/libgcc_s.so
LOAD /usr/lib/gcc/i686-linux-gnu/4.6/crtend.o
LOAD /usr/lib/gcc/i686-linux-gnu/4.6/../../../i386-linux-gnu/crtn.o
                0x0000000008048000                PROVIDE (__executable_start, 0x8048000)
                0x0000000008048154                . = (0x8048000 + SIZEOF_HEADERS)

.interp         0x0000000008048154       0x13
 *(.interp)
 .interp        0x0000000008048154       0x13 /usr/lib/gcc/i686-linux-gnu/4.6/../../../i386-linux-gnu/crt1.o

.note.ABI-tag   0x0000000008048168       0x20
 .note.ABI-tag  0x0000000008048168       0x20 /usr/lib/gcc/i686-linux-gnu/4.6/../../../i386-linux-gnu/crt1.o

.note.gnu.build-id
                0x0000000008048188       0x24
 *(.note.gnu.build-id)
 .note.gnu.build-id
                0x0000000008048188       0x24 /usr/lib/gcc/i686-linux-gnu/4.6/../../../i386-linux-gnu/crt1.o

.hash
 *(.hash)

.gnu.hash       0x00000000080481ac      0x80c
 *(.gnu.hash)
 .gnu.hash      0x00000000080481ac      0x80c /usr/lib/gcc/i686-linux-gnu/4.6/../../../i386-linux-gnu/crt1.o

.dynsym         0x00000000080489b8     0x1250
 *(.dynsym)
 .dynsym        0x00000000080489b8     0x1250 /usr/lib/gcc/i686-linux-gnu/4.6/../../../i386-linux-gnu/crt1.o

.dynstr         0x0000000008049c08     0x10f3
 *(.dynstr)
 .dynstr        0x0000000008049c08     0x10f3 /usr/lib/gcc/i686-linux-gnu/4.6/../../../i386-linux-gnu/crt1.o

.gnu.version    0x000000000804acfc      0x24a
 *(.gnu.version)
 .gnu.version   0x000000000804acfc      0x24a /usr/lib/gcc/i686-linux-gnu/4.6/../../../i386-linux-gnu/crt1.o

.gnu.version_d  0x000000000804af48        0x0
 *(.gnu.version_d)
 .gnu.version_d
                0x0000000000000000        0x0 /usr/lib/gcc/i686-linux-gnu/4.6/../../../i386-linux-gnu/crt1.o

.gnu.version_r  0x000000000804af48       0x40
 *(.gnu.version_r)
 .gnu.version_r
                0x000000000804af48       0x40 /usr/lib/gcc/i686-linux-gnu/4.6/../../../i386-linux-gnu/crt1.o

.rel.dyn        0x000000000804af88       0x18
 *(.rel.init)
 *(.rel.text .rel.text.* .rel.gnu.linkonce.t.*)
 .rel.text      0x0000000000000000        0x0 /usr/lib/gcc/i686-linux-gnu/4.6/../../../i386-linux-gnu/crt1.o
 *(.rel.fini)
 *(.rel.rodata .rel.rodata.* .rel.gnu.linkonce.r.*)
 *(.rel.data.rel.ro* .rel.gnu.linkonce.d.rel.ro.*)
 *(.rel.data .rel.data.* .rel.gnu.linkonce.d.*)
 .rel.data      0x0000000000000000        0x0 /usr/lib/gcc/i686-linux-gnu/4.6/../../../i386-linux-gnu/crt1.o
 *(.rel.tdata .rel.tdata.* .rel.gnu.linkonce.td.*)
 *(.rel.tbss .rel.tbss.* .rel.gnu.linkonce.tb.*)
 *(.rel.ctors)
 *(.rel.dtors)
 *(.rel.got)
 .rel.got       0x000000000804af88        0x8 /usr/lib/gcc/i686-linux-gnu/4.6/../../../i386-linux-gnu/crt1.o
 *(.rel.bss .rel.bss.* .rel.gnu.linkonce.b.*)
 .rel.bss       0x000000000804af90       0x10 /usr/lib/gcc/i686-linux-gnu/4.6/../../../i386-linux-gnu/crt1.o
 *(.rel.ifunc)

.rel.plt        0x000000000804afa0       0xa0
 *(.rel.plt)
 .rel.plt       0x000000000804afa0       0xa0 /usr/lib/gcc/i686-linux-gnu/4.6/../../../i386-linux-gnu/crt1.o
                0x000000000804b040                PROVIDE (__rel_iplt_start, .)
 *(.rel.iplt)
 .rel.iplt      0x0000000000000000        0x0 /usr/lib/gcc/i686-linux-gnu/4.6/../../../i386-linux-gnu/crt1.o
                0x000000000804b040                PROVIDE (__rel_iplt_end, .)

.init           0x000000000804b040       0x2e
 *(.init)
 .init          0x000000000804b040       0x1f /usr/lib/gcc/i686-linux-gnu/4.6/../../../i386-linux-gnu/crti.o
                0x000000000804b040                _init
 .init          0x000000000804b05f        0x5 /usr/lib/gcc/i686-linux-gnu/4.6/crtbegin.o
 .init          0x000000000804b064        0x5 /usr/lib/gcc/i686-linux-gnu/4.6/crtend.o
 .init          0x000000000804b069        0x5 /usr/lib/gcc/i686-linux-gnu/4.6/../../../i386-linux-gnu/crtn.o

.plt            0x000000000804b070      0x150
 *(.plt)
 .plt           0x000000000804b070      0x150 /usr/lib/gcc/i686-linux-gnu/4.6/../../../i386-linux-gnu/crt1.o
                0x000000000804b080                __snprintf_chk@@GLIBC_2.3.4
                0x000000000804b090                read@@GLIBC_2.0
                0x000000000804b0a0                memcpy@@GLIBC_2.0
                0x000000000804b0b0                memcmp@@GLIBC_2.0
                0x000000000804b0c0                gettimeofday@@GLIBC_2.0
                0x000000000804b0d0                select@@GLIBC_2.0
                0x000000000804b0e0                __stack_chk_fail@@GLIBC_2.4
                0x000000000804b0f0                perror@@GLIBC_2.0
                0x000000000804b100                puts@@GLIBC_2.0
                0x000000000804b110                __memcpy_chk@@GLIBC_2.3.4
                0x000000000804b130                __libc_start_main@@GLIBC_2.0
                0x000000000804b140                setvbuf@@GLIBC_2.0
                0x000000000804b150                memset@@GLIBC_2.0
                0x000000000804b160                snprintf@@GLIBC_2.0
                0x000000000804b170                strncpy@@GLIBC_2.0
                0x000000000804b180                __printf_chk@@GLIBC_2.3.4
                0x000000000804b190                __memset_chk@@GLIBC_2.3.4
                0x000000000804b1a0                __fprintf_chk@@GLIBC_2.3.4
                0x000000000804b1b0                strncmp@@GLIBC_2.0
 *(.iplt)
 .iplt          0x0000000000000000        0x0 /usr/lib/gcc/i686-linux-gnu/4.6/../../../i386-linux-gnu/crt1.o

.text           0x000000000804b1c0     0x5cec
 *(.text.unlikely .text.*_unlikely)
 *(.text.exit .text.exit.*)
 *(.text.startup .text.startup.*)
 *(.text.hot .text.hot.*)
 *(.text .stub .text.* .gnu.linkonce.t.*)
 .text          0x000000000804b1c0       0x24 /usr/lib/gcc/i686-linux-gnu/4.6/../../../i386-linux-gnu/crt1.o
                0x000000000804b1c0                _start
 .text          0x000000000804b1e4        0x0 /usr/lib/gcc/i686-linux-gnu/4.6/../../../i386-linux-gnu/crti.o
 *fill*         0x000000000804b1e4        0xc 90909090
 .text          0x000000000804b1f0       0x83 /usr/lib/gcc/i686-linux-gnu/4.6/crtbegin.o
 *fill*         0x000000000804b273        0xd 90909090
 .text          0x000000000804b280      0x7c2 border-router.co
                0x000000000804b7a0                httpd_simple_get_script
                0x000000000804b7a6                request_prefix
                0x000000000804b9a8                set_prefix_64
 *fill*         0x000000000804ba42        0xe 90909090
 .text          0x000000000804ba50      0x27e obj_native/slip-bridge.o
                0x000000000804bc74                putchar
 *fill*         0x000000000804bcce        0x2 90909090
 .text          0x000000000804bcd0      0x417 obj_native/httpd-simple.o
                0x000000000804bf99                httpd_appcall
                0x000000000804c0c8                httpd_init
 *fill*         0x000000000804c0e7        0x1 90909090
 .text          0x000000000804c0e8       0x52 contiki-native.a(nullmac.o)
 *fill*         0x000000000804c13a        0x6 90909090
 .text          0x000000000804c140      0x18d contiki-native.a(nullrdc.o)
 *fill*         0x000000000804c2cd        0x3 90909090
 .text          0x000000000804c2d0       0x28 contiki-native.a(mac.o)
                0x000000000804c2d0                mac_call_sent_callback
 .text          0x000000000804c2f8       0xa6 contiki-native.a(framer-nullmac.)
 *fill*         0x000000000804c39e        0x2 90909090
 .text          0x000000000804c3a0      0x3ee contiki-native.a(process.o)
                0x000000000804c3a0                process_alloc_event
                0x000000000804c3b1                process_init
                0x000000000804c3db                process_nevents
                0x000000000804c3ef                process_post
                0x000000000804c449                process_poll
                0x000000000804c46a                process_is_running
                0x000000000804c5bd                process_post_synch
                0x000000000804c5e4                process_start
                0x000000000804c67f                process_run
                0x000000000804c778                process_exit
 *fill*         0x000000000804c78e        0x2 90909090
 .text          0x000000000804c790      0x150 contiki-native.a(memb.o)
                0x000000000804c790                memb_init
                0x000000000804c7d9                memb_alloc
                0x000000000804c835                memb_free
                0x000000000804c8a3                memb_inmemb
 .text          0x000000000804c8e0       0x72 contiki-native.a(timer.o)
                0x000000000804c8e0                timer_set
                0x000000000804c8fb                timer_reset
                0x000000000804c905                timer_restart
                0x000000000804c917                timer_expired
                0x000000000804c937                timer_remaining
 *fill*         0x000000000804c952        0xe 90909090
 .text          0x000000000804c960      0x2e9 contiki-native.a(etimer.o)
                0x000000000804c9b2                etimer_request_poll
                0x000000000804cb38                etimer_set
                0x000000000804cb5c                etimer_reset
                0x000000000804cb78                etimer_restart
                0x000000000804cb94                etimer_adjust
                0x000000000804cbaa                etimer_expired
                0x000000000804cbb9                etimer_expiration_time
                0x000000000804cbc3                etimer_start_time
                0x000000000804cbca                etimer_pending
                0x000000000804cbd8                etimer_next_expiration_time
                0x000000000804cbec                etimer_stop
 *fill*         0x000000000804cc49        0x7 90909090
 .text          0x000000000804cc50      0x511 contiki-native.a(nbr-table.o)
                0x000000000804cdcb                nbr_table_register
                0x000000000804cdfe                nbr_table_next
                0x000000000804ce45                nbr_table_head
                0x000000000804ce99                nbr_table_add_lladdr
                0x000000000804d067                nbr_table_get_from_lladdr
                0x000000000804d0b0                nbr_table_remove
                0x000000000804d105                nbr_table_lock
                0x000000000804d125                nbr_table_unlock
                0x000000000804d145                nbr_table_get_lladdr
 *fill*         0x000000000804d161        0x3 90909090
 .text          0x000000000804d164      0x485 contiki-native.a(packetbuf.o)
                0x000000000804d164                packetbuf_clear_hdr
                0x000000000804d16c                packetbuf_copyto_hdr
                0x000000000804d19e                packetbuf_copyto
                0x000000000804d234                packetbuf_hdr_remove
                0x000000000804d23f                packetbuf_hdrreduce
                0x000000000804d26c                packetbuf_set_datalen
                0x000000000804d277                packetbuf_dataptr
                0x000000000804d284                packetbuf_hdrptr
                0x000000000804d291                packetbuf_is_reference
                0x000000000804d2a2                packetbuf_reference_ptr
                0x000000000804d2a8                packetbuf_datalen
                0x000000000804d2b0                packetbuf_compact
                0x000000000804d330                packetbuf_hdrlen
                0x000000000804d33c                packetbuf_totlen
                0x000000000804d350                packetbuf_hdralloc
                0x000000000804d3a2                packetbuf_attr_clear
                0x000000000804d3e6                packetbuf_clear
                0x000000000804d415                packetbuf_reference
                0x000000000804d437                packetbuf_copyfrom
                0x000000000804d48a                packetbuf_attr_copyto
                0x000000000804d50d                packetbuf_attr_copyfrom
                0x000000000804d58f                packetbuf_set_attr
                0x000000000804d5a6                packetbuf_attr
                0x000000000804d5b4                packetbuf_set_addr
                0x000000000804d5dc                packetbuf_addr
 *fill*         0x000000000804d5e9        0x7 90909090
 .text          0x000000000804d5f0      0x493 contiki-native.a(psock.o)
                0x000000000804d5f7                psock_send
                0x000000000804d6f1                psock_generator_send
                0x000000000804d79b                psock_datalen
                0x000000000804d7a7                psock_newdata
                0x000000000804d7d3                psock_readto
                0x000000000804d901                psock_readbuf_len
                0x000000000804da4e                psock_init
 *fill*         0x000000000804da83        0x1 90909090
 .text          0x000000000804da84      0x2ab contiki-native.a(queuebuf.o)
                0x000000000804da87                queuebuf_init
                0x000000000804dab2                queuebuf_new_from_packetbuf
                0x000000000804db63                queuebuf_update_attr_from_packetbuf
                0x000000000804db8a                queuebuf_free
                0x000000000804dbf3                queuebuf_to_packetbuf
                0x000000000804dc9e                queuebuf_dataptr
                0x000000000804dce9                queuebuf_datalen
                0x000000000804dcf6                queuebuf_addr
                0x000000000804dd11                queuebuf_attr
                0x000000000804dd2d                queuebuf_debug_print
 *fill*         0x000000000804dd2f        0x1 90909090
 .text          0x000000000804dd30      0x5d2 contiki-native.a(tcpip.o)
                0x000000000804dd53                tcpip_output
                0x000000000804e00a                tcpip_set_outputfunc
                0x000000000804e014                tcp_unlisten
                0x000000000804e07c                tcp_listen
                0x000000000804e0fb                tcp_attach
                0x000000000804e110                udp_attach
                0x000000000804e125                udp_new
                0x000000000804e155                udp_broadcast_new
                0x000000000804e1b8                tcpip_input
                0x000000000804e1e4                tcpip_poll_udp
                0x000000000804e207                tcpip_poll_tcp
                0x000000000804e22a                tcp_connect
                0x000000000804e267                tcpip_uipcall
 *fill*         0x000000000804e302        0x2 90909090
 .text          0x000000000804e304       0xc7 contiki-native.a(uip-debug.o)
                0x000000000804e304                uip_debug_ipaddr_print
                0x000000000804e35e                uip_debug_lladdr_print
 *fill*         0x000000000804e3cb        0x5 90909090
 .text          0x000000000804e3d0      0x405 contiki-native.a(uip-ds6-nbr.o)
                0x000000000804e3d0                uip_ds6_nbr_rm
                0x000000000804e3fa                uip_ds6_neighbors_init
                0x000000000804e416                uip_ds6_nbr_add
                0x000000000804e4a0                uip_ds6_nbr_get_ipaddr
                0x000000000804e4a5                uip_ds6_nbr_get_ll
                0x000000000804e4c1                uip_ds6_nbr_num
                0x000000000804e4fa                uip_ds6_nbr_lookup
                0x000000000804e54a                uip_ds6_nbr_ll_lookup
                0x000000000804e566                uip_ds6_nbr_ipaddr_from_lladdr
                0x000000000804e579                uip_ds6_nbr_lladdr_from_ipaddr
                0x000000000804e59f                uip_ds6_link_neighbor_callback
                0x000000000804e5e2                uip_ds6_neighbor_periodic
                0x000000000804e76f                uip_ds6_get_least_lifetime_neighbor
 *fill*         0x000000000804e7d5        0xb 90909090
 .text          0x000000000804e7e0     0x162b contiki-native.a(uip.o)
                0x000000000804e82c                uip_setipid
                0x000000000804e837                uip_add32
                0x000000000804e929                uip_init
                0x000000000804e97a                uip_unlisten
                0x000000000804e9d2                uip_listen
                0x000000000804ea2a                uip_htons
                0x000000000804ea34                uip_udp_new
                0x000000000804eb27                uip_connect
                0x000000000804eccb                uip_udpchksum
                0x000000000804ecd7                uip_tcpchksum
                0x000000000804ece3                uip_ipchksum
                0x000000000804ed17                uip_process
                0x000000000804fd88                uip_chksum
                0x000000000804fdad                uip_htonl
                0x000000000804fdc7                uip_send
 *fill*         0x000000000804fe0b        0x1 90909090
 .text          0x000000000804fe0c       0x4a contiki-native.a(nullradio.o)
 *fill*         0x000000000804fe56        0xa 90909090
 .text          0x000000000804fe60      0x42e contiki-native.a(contiki-main.o)
                0x000000000804feaa                select_set_callback
                0x000000000804ff41                main
                0x000000000805022e                log_message
                0x0000000008050262                uip_log
 *fill*         0x000000000805028e        0x2 90909090
 .text          0x0000000008050290       0x5e contiki-native.a(clock.o)
                0x0000000008050290                clock_time
                0x00000000080502cd                clock_seconds
                0x00000000080502ec                clock_delay
 *fill*         0x00000000080502ee        0x2 90909090
 .text          0x00000000080502f0       0x25 contiki-native.a(button-sensor.o)
                0x0000000008050302                button_press
 *fill*         0x0000000008050315        0x3 90909090
 .text          0x0000000008050318       0x2f contiki-native.a(pir-sensor.o)
                0x000000000805032a                pir_sensor_changed
 *fill*         0x0000000008050347        0x1 90909090
 .text          0x0000000008050348       0x2c contiki-native.a(vib-sensor.o)
                0x000000000805035a                vib_sensor_changed
 .text          0x0000000008050374      0x20c contiki-native.a(sensors.o)
                0x00000000080504db                sensors_first
                0x00000000080504e1                sensors_next
                0x00000000080504f2                sensors_changed
                0x0000000008050515                sensors_find
 .text          0x0000000008050580       0x55 contiki-native.a(rimeaddr.o)
                0x0000000008050580                rimeaddr_copy
                0x000000000805058f                rimeaddr_cmp
                0x00000000080505ba                rimeaddr_set_node_addr
 *fill*         0x00000000080505d5        0x3 90909090
 .text          0x00000000080505d8       0x50 contiki-native.a(autostart.o)
                0x00000000080505d8                autostart_start
                0x0000000008050604                autostart_exit
 .text          0x0000000008050628      0x1b1 contiki-native.a(serial-line.o)
                0x000000000805072e                serial_line_input_byte
                0x00000000080507a2                serial_line_init
 *fill*         0x00000000080507d9        0x7 90909090
 .text          0x00000000080507e0      0x17c contiki-native.a(list.o)
                0x00000000080507e0                list_init
                0x00000000080507eb                list_head
                0x00000000080507f2                list_copy
                0x00000000080507ff                list_tail
                0x0000000008050815                list_chop
                0x000000000805083e                list_pop
                0x000000000805084e                list_remove
                0x0000000008050892                list_push
                0x00000000080508c3                list_add
                0x0000000008050906                list_length
                0x0000000008050920                list_insert
                0x000000000805094b                list_item_next
 *fill*         0x000000000805095c        0x4 90909090
 .text          0x0000000008050960      0x2f3 contiki-native.a(ctimer.o)
                0x0000000008050a3e                ctimer_init
                0x0000000008050a6c                ctimer_set
                0x0000000008050aef                ctimer_reset
                0x0000000008050b54                ctimer_restart
                0x0000000008050bb9                ctimer_stop
                0x0000000008050bfa                ctimer_expired
 *fill*         0x0000000008050c53        0x1 90909090
 .text          0x0000000008050c54       0x86 contiki-native.a(stimer.o)
                0x0000000008050c54                stimer_set
                0x0000000008050c6f                stimer_reset
                0x0000000008050c79                stimer_restart
                0x0000000008050c8b                stimer_expired
                0x0000000008050cad                stimer_remaining
                0x0000000008050cc8                stimer_elapsed
 *fill*         0x0000000008050cda        0x2 90909090
 .text          0x0000000008050cdc       0xe9 contiki-native.a(ringbuf.o)
                0x0000000008050cdc                ringbuf_init
                0x0000000008050cfa                ringbuf_put
                0x0000000008050d58                ringbuf_get
                0x0000000008050da4                ringbuf_size
                0x0000000008050db0                ringbuf_elements
 *fill*         0x0000000008050dc5        0xb 90909090
 .text          0x0000000008050dd0       0x21 contiki-native.a(netstack.o)
                0x0000000008050dd0                netstack_init
 *fill*         0x0000000008050df1        0xf 90909090
 .text          0x0000000008050e00       0x72 /usr/lib/i386-linux-gnu/libc_nonshared.a(elf-init.oS)
                0x0000000008050e00                __libc_csu_init
                0x0000000008050e70                __libc_csu_fini
 .text.__i686.get_pc_thunk.bx
                0x0000000008050e72        0x4 /usr/lib/i386-linux-gnu/libc_nonshared.a(elf-init.oS)
                0x0000000008050e72                __i686.get_pc_thunk.bx
 *fill*         0x0000000008050e76        0xa 90909090
 .text          0x0000000008050e80       0x2a /usr/lib/gcc/i686-linux-gnu/4.6/crtend.o
 *fill*         0x0000000008050eaa        0x2 90909090
 .text          0x0000000008050eac        0x0 /usr/lib/gcc/i686-linux-gnu/4.6/../../../i386-linux-gnu/crtn.o
 *(.gnu.warning)

.fini           0x0000000008050eac       0x1a
 *(.fini)
 .fini          0x0000000008050eac       0x10 /usr/lib/gcc/i686-linux-gnu/4.6/../../../i386-linux-gnu/crti.o
                0x0000000008050eac                _fini
 .fini          0x0000000008050ebc        0x5 /usr/lib/gcc/i686-linux-gnu/4.6/crtbegin.o
 .fini          0x0000000008050ec1        0x5 /usr/lib/gcc/i686-linux-gnu/4.6/../../../i386-linux-gnu/crtn.o
                0x0000000008050ec6                PROVIDE (__etext, .)
                0x0000000008050ec6                PROVIDE (_etext, .)
                0x0000000008050ec6                PROVIDE (etext, .)

.rodata         0x0000000008050ee0      0x4f7
 *(.rodata .rodata.* .gnu.linkonce.r.*)
 .rodata        0x0000000008050ee0        0x4 /usr/lib/gcc/i686-linux-gnu/4.6/../../../i386-linux-gnu/crt1.o
                0x0000000008050ee0                _fp_hw
 .rodata.cst4   0x0000000008050ee4        0x4 /usr/lib/gcc/i686-linux-gnu/4.6/../../../i386-linux-gnu/crt1.o
                0x0000000008050ee4                _IO_stdin_used
 .rodata.str1.1
                0x0000000008050ee8       0x88 border-router.co
                                         0x8c (size before relaxing)
 .rodata.str1.4
                0x0000000008050f70       0x34 border-router.co
 .rodata        0x0000000008050fa4        0xc border-router.co
                0x0000000008050fa4                autostart_processes
 .rodata.str1.4
                0x0000000008050fb0       0x7c obj_native/slip-bridge.o
 .rodata.str1.1
                0x000000000805102c       0x27 obj_native/slip-bridge.o
 *fill*         0x0000000008051053        0x1 00
 .rodata        0x0000000008051054        0x8 obj_native/slip-bridge.o
                0x0000000008051054                rpl_interface
 .rodata.str1.4
                0x000000000805105c       0x59 obj_native/httpd-simple.o
 *fill*         0x00000000080510b5        0xb 00
 .rodata        0x00000000080510c0       0xf2 obj_native/httpd-simple.o
                0x00000000080510c0                http_index_html
                0x00000000080510cc                http_get
                0x00000000080510e0                http_header_404
                0x0000000008051140                http_header_200
                0x0000000008051196                http_content_type_html
 .rodata.str1.1
                0x00000000080511b2        0x8 contiki-native.a(nullmac.o)
 *fill*         0x00000000080511ba        0x2 00
 .rodata        0x00000000080511bc       0x1c contiki-native.a(nullmac.o)
                0x00000000080511bc                nullmac_driver
 .rodata.str1.1
                0x00000000080511d8        0x8 contiki-native.a(nullrdc.o)
 .rodata        0x00000000080511e0       0x20 contiki-native.a(nullrdc.o)
                0x00000000080511e0                nullrdc_driver
 .rodata        0x0000000008051200        0x8 contiki-native.a(framer-nullmac.)
                0x0000000008051200                framer_nullmac
 .rodata.str1.1
                0x0000000008051208        0xc contiki-native.a(etimer.o)
 .rodata.str1.1
                0x0000000008051214        0xd contiki-native.a(tcpip.o)
 .rodata.str1.1
                0x0000000008051221       0x20 contiki-native.a(uip-debug.o)
 *fill*         0x0000000008051241        0x3 00
 .rodata        0x0000000008051244       0x4c contiki-native.a(uip.o)
                0x0000000008051288                uip_all_zeroes_addr
                0x000000000805128c                uip_broadcast_addr
 *fill*         0x0000000008051290       0x10 00
 .rodata        0x00000000080512a0       0x28 contiki-native.a(nullradio.o)
                0x00000000080512a0                nullradio_driver
 .rodata.str1.1
                0x00000000080512c8       0x72 contiki-native.a(contiki-main.o)
                                         0x76 (size before relaxing)
 *fill*         0x000000000805133a        0x2 00
 .rodata.str1.4
                0x000000000805133c       0x24 contiki-native.a(contiki-main.o)
                                         0x23 (size before relaxing)
 .rodata        0x0000000008051360        0x8 contiki-native.a(contiki-main.o)
 .rodata.str1.1
                0x0000000008051368        0x7 contiki-native.a(button-sensor.o)
 *fill*         0x000000000805136f        0x1 00
 .rodata        0x0000000008051370       0x10 contiki-native.a(button-sensor.o)
                0x0000000008051370                button_sensor
 .rodata.str1.1
                0x0000000008051380        0x4 contiki-native.a(pir-sensor.o)
 .rodata        0x0000000008051384       0x10 contiki-native.a(pir-sensor.o)
                0x0000000008051384                pir_sensor
 .rodata.str1.1
                0x0000000008051394        0xa contiki-native.a(vib-sensor.o)
 *fill*         0x000000000805139e        0x2 00
 .rodata        0x00000000080513a0       0x10 contiki-native.a(vib-sensor.o)
                0x00000000080513a0                vib_sensor
 .rodata.str1.1
                0x00000000080513b0        0x8 contiki-native.a(sensors.o)
 .rodata        0x00000000080513b8        0x2 contiki-native.a(rimeaddr.o)
                0x00000000080513b8                rimeaddr_null
 .rodata.str1.1
                0x00000000080513ba        0xe contiki-native.a(serial-line.o)
 .rodata.str1.1
                0x00000000080513c8        0xf contiki-native.a(ctimer.o)

.rodata1
 *(.rodata1)

.eh_frame_hdr   0x00000000080513d8      0x814
 *(.eh_frame_hdr)
 .eh_frame_hdr  0x00000000080513d8      0x814 /usr/lib/gcc/i686-linux-gnu/4.6/../../../i386-linux-gnu/crt1.o

.eh_frame       0x0000000008051bec     0x1ca4
 *(.eh_frame)
 .eh_frame      0x0000000008051bec       0x3c /usr/lib/gcc/i686-linux-gnu/4.6/../../../i386-linux-gnu/crt1.o
                                         0x40 (size before relaxing)
 .eh_frame      0x0000000008051c28       0xec border-router.co
                                        0x104 (size before relaxing)
 .eh_frame      0x0000000008051d14       0x78 obj_native/slip-bridge.o
                                         0x90 (size before relaxing)
 .eh_frame      0x0000000008051d8c       0x88 obj_native/httpd-simple.o
                                         0xa0 (size before relaxing)
 .eh_frame      0x0000000008051e14       0x88 contiki-native.a(nullmac.o)
                                         0xa0 (size before relaxing)
 .eh_frame      0x0000000008051e9c       0xe4 contiki-native.a(nullrdc.o)
                                         0xfc (size before relaxing)
 .eh_frame      0x0000000008051f80       0x18 contiki-native.a(mac.o)
                                         0x30 (size before relaxing)
 .eh_frame      0x0000000008051f98       0x48 contiki-native.a(framer-nullmac.)
                                         0x60 (size before relaxing)
 .eh_frame      0x0000000008051fe0      0x170 contiki-native.a(process.o)
                                        0x188 (size before relaxing)
 .eh_frame      0x0000000008052150       0xac contiki-native.a(memb.o)
                                         0xc4 (size before relaxing)
 .eh_frame      0x00000000080521fc       0x8c contiki-native.a(timer.o)
                                         0xa4 (size before relaxing)
 .eh_frame      0x0000000008052288      0x194 contiki-native.a(etimer.o)
                                        0x1ac (size before relaxing)
 .eh_frame      0x000000000805241c      0x200 contiki-native.a(nbr-table.o)
                                        0x218 (size before relaxing)
 .eh_frame      0x000000000805261c      0x26c contiki-native.a(packetbuf.o)
                                        0x284 (size before relaxing)
 .eh_frame      0x0000000008052888       0xf4 contiki-native.a(psock.o)
                                        0x10c (size before relaxing)
 .eh_frame      0x000000000805297c      0x13c contiki-native.a(queuebuf.o)
                                        0x154 (size before relaxing)
 .eh_frame      0x0000000008052ab8      0x1e0 contiki-native.a(tcpip.o)
                                        0x1f8 (size before relaxing)
 .eh_frame      0x0000000008052c98       0x44 contiki-native.a(uip-debug.o)
                                         0x5c (size before relaxing)
 .eh_frame      0x0000000008052cdc      0x1a4 contiki-native.a(uip-ds6-nbr.o)
                                        0x1bc (size before relaxing)
 .eh_frame      0x0000000008052e80      0x238 contiki-native.a(uip.o)
                                        0x250 (size before relaxing)
 .eh_frame      0x00000000080530b8       0xcc contiki-native.a(nullradio.o)
                                         0xe4 (size before relaxing)
 .eh_frame      0x0000000008053184       0x90 contiki-native.a(contiki-main.o)
                                         0xa8 (size before relaxing)
 .eh_frame      0x0000000008053214       0x4c contiki-native.a(clock.o)
                                         0x64 (size before relaxing)
 .eh_frame      0x0000000008053260       0x54 contiki-native.a(button-sensor.o)
                                         0x6c (size before relaxing)
 .eh_frame      0x00000000080532b4       0x54 contiki-native.a(pir-sensor.o)
                                         0x6c (size before relaxing)
 .eh_frame      0x0000000008053308       0x54 contiki-native.a(vib-sensor.o)
                                         0x6c (size before relaxing)
 .eh_frame      0x000000000805335c       0xb4 contiki-native.a(sensors.o)
                                         0xcc (size before relaxing)
 .eh_frame      0x0000000008053410       0x44 contiki-native.a(rimeaddr.o)
                                         0x5c (size before relaxing)
 .eh_frame      0x0000000008053454       0x40 contiki-native.a(autostart.o)
                                         0x58 (size before relaxing)
 .eh_frame      0x0000000008053494       0x54 contiki-native.a(serial-line.o)
                                         0x6c (size before relaxing)
 .eh_frame      0x00000000080534e8      0x114 contiki-native.a(list.o)
                                        0x12c (size before relaxing)
 .eh_frame      0x00000000080535fc       0xf0 contiki-native.a(ctimer.o)
                                        0x108 (size before relaxing)
 .eh_frame      0x00000000080536ec       0xa4 contiki-native.a(stimer.o)
                                         0xbc (size before relaxing)
 .eh_frame      0x0000000008053790       0x80 contiki-native.a(ringbuf.o)
                                         0x98 (size before relaxing)
 .eh_frame      0x0000000008053810       0x18 contiki-native.a(netstack.o)
                                         0x30 (size before relaxing)
 .eh_frame      0x0000000008053828       0x64 /usr/lib/i386-linux-gnu/libc_nonshared.a(elf-init.oS)
                                         0x7c (size before relaxing)
 .eh_frame      0x000000000805388c        0x4 /usr/lib/gcc/i686-linux-gnu/4.6/crtend.o

.gcc_except_table
 *(.gcc_except_table .gcc_except_table.*)

.exception_ranges
 *(.exception_ranges .exception_ranges*)
                0x0000000008053890                . = (ALIGN (0x1000) - ((0x1000 - .) & 0xfff))
                0x0000000008054f14                . = DATA_SEGMENT_ALIGN (0x1000, 0x1000)

.eh_frame
 *(.eh_frame)

.gcc_except_table
 *(.gcc_except_table .gcc_except_table.*)

.exception_ranges
 *(.exception_ranges .exception_ranges*)

.tdata
 *(.tdata .tdata.* .gnu.linkonce.td.*)

.tbss
 *(.tbss .tbss.* .gnu.linkonce.tb.*)
 *(.tcommon)

.preinit_array  0x0000000008054f14        0x0
                0x0000000008054f14                PROVIDE (__preinit_array_start, .)
 *(.preinit_array)
                0x0000000008054f14                PROVIDE (__preinit_array_end, .)

.init_array     0x0000000008054f14        0x0
                0x0000000008054f14                PROVIDE (__init_array_start, .)
 *(SORT(.init_array.*) SORT(.ctors.*))
 *(.init_array)
 *(EXCLUDE_FILE(*crtend?.o *crtend.o *crtbegin?.o *crtbegin.o) .ctors)
                0x0000000008054f14                PROVIDE (__init_array_end, .)

.fini_array     0x0000000008054f14        0x0
                0x0000000008054f14                PROVIDE (__fini_array_start, .)
 *(SORT(.fini_array.*) SORT(.dtors.*))
 *(.fini_array)
 *(EXCLUDE_FILE(*crtend?.o *crtend.o *crtbegin?.o *crtbegin.o) .dtors)
                0x0000000008054f14                PROVIDE (__fini_array_end, .)

.ctors          0x0000000008054f14        0x8
 *crtbegin.o(.ctors)
 .ctors         0x0000000008054f14        0x4 /usr/lib/gcc/i686-linux-gnu/4.6/crtbegin.o
 *crtbegin?.o(.ctors)
 *(EXCLUDE_FILE(*crtend?.o *crtend.o) .ctors)
 *(SORT(.ctors.*))
 *(.ctors)
 .ctors         0x0000000008054f18        0x4 /usr/lib/gcc/i686-linux-gnu/4.6/crtend.o

.dtors          0x0000000008054f1c        0x8
 *crtbegin.o(.dtors)
 .dtors         0x0000000008054f1c        0x4 /usr/lib/gcc/i686-linux-gnu/4.6/crtbegin.o
 *crtbegin?.o(.dtors)
 *(EXCLUDE_FILE(*crtend?.o *crtend.o) .dtors)
 *(SORT(.dtors.*))
 *(.dtors)
 .dtors         0x0000000008054f20        0x4 /usr/lib/gcc/i686-linux-gnu/4.6/crtend.o
                0x0000000008054f20                __DTOR_END__

.jcr            0x0000000008054f24        0x4
 *(.jcr)
 .jcr           0x0000000008054f24        0x0 /usr/lib/gcc/i686-linux-gnu/4.6/crtbegin.o
 .jcr           0x0000000008054f24        0x4 /usr/lib/gcc/i686-linux-gnu/4.6/crtend.o

.data.rel.ro
 *(.data.rel.ro.local* .gnu.linkonce.d.rel.ro.local.*)
 *(.data.rel.ro* .gnu.linkonce.d.rel.ro.*)

.dynamic        0x0000000008054f28       0xc8
 *(.dynamic)
 .dynamic       0x0000000008054f28       0xc8 /usr/lib/gcc/i686-linux-gnu/4.6/../../../i386-linux-gnu/crt1.o
                0x0000000008054f28                _DYNAMIC

.got            0x0000000008054ff0        0x4
 *(.got)
 .got           0x0000000008054ff0        0x4 /usr/lib/gcc/i686-linux-gnu/4.6/../../../i386-linux-gnu/crt1.o
 *(.igot)
                0x0000000008054ff4                . = DATA_SEGMENT_RELRO_END (., 0xc)

.got.plt        0x0000000008054ff4       0x5c
 *(.got.plt)
 .got.plt       0x0000000008054ff4       0x5c /usr/lib/gcc/i686-linux-gnu/4.6/../../../i386-linux-gnu/crt1.o
                0x0000000008054ff4                _GLOBAL_OFFSET_TABLE_
 *(.igot.plt)
 .igot.plt      0x0000000000000000        0x0 /usr/lib/gcc/i686-linux-gnu/4.6/../../../i386-linux-gnu/crt1.o

.data           0x0000000008055050       0xf0
 *(.data .data.* .gnu.linkonce.d.*)
 .data          0x0000000008055050        0x4 /usr/lib/gcc/i686-linux-gnu/4.6/../../../i386-linux-gnu/crt1.o
                0x0000000008055050                data_start
                0x0000000008055050                __data_start
 .data          0x0000000008055054        0x0 /usr/lib/gcc/i686-linux-gnu/4.6/../../../i386-linux-gnu/crti.o
 .data          0x0000000008055054        0x4 /usr/lib/gcc/i686-linux-gnu/4.6/crtbegin.o
                0x0000000008055054                __dso_handle
 .data          0x0000000008055058       0x30 border-router.co
                0x0000000008055058                webserver_nogui_process
                0x0000000008055068                border_router_process
                0x0000000008055078                dag_id
 .data          0x0000000008055088        0x0 obj_native/slip-bridge.o
 .data          0x0000000008055088        0xc obj_native/httpd-simple.o
 .data          0x0000000008055094        0x0 contiki-native.a(nullmac.o)
 .data          0x0000000008055094        0x0 contiki-native.a(nullrdc.o)
 .data          0x0000000008055094        0x0 contiki-native.a(mac.o)
 .data          0x0000000008055094        0x0 contiki-native.a(framer-nullmac.)
 .data          0x0000000008055094        0x0 contiki-native.a(process.o)
 .data          0x0000000008055094        0x0 contiki-native.a(memb.o)
 .data          0x0000000008055094        0x0 contiki-native.a(timer.o)
 .data          0x0000000008055094       0x10 contiki-native.a(etimer.o)
                0x0000000008055094                etimer_process
 .data          0x00000000080550a4        0xc contiki-native.a(nbr-table.o)
 .data          0x00000000080550b0        0x0 contiki-native.a(packetbuf.o)
 .data          0x00000000080550b0        0x0 contiki-native.a(psock.o)
 .data          0x00000000080550b0       0x24 contiki-native.a(queuebuf.o)
 .data          0x00000000080550d4       0x10 contiki-native.a(tcpip.o)
                0x00000000080550d4                tcpip_process
 .data          0x00000000080550e4        0x0 contiki-native.a(uip-debug.o)
 .data          0x00000000080550e4       0x14 contiki-native.a(uip-ds6-nbr.o)
                0x00000000080550e4                ds6_neighbors
 .data          0x00000000080550f8        0x0 contiki-native.a(uip.o)
 .data          0x00000000080550f8        0x0 contiki-native.a(nullradio.o)
 .data          0x00000000080550f8       0x18 contiki-native.a(contiki-main.o)
                0x00000000080550f8                sensors
 .data          0x0000000008055110        0x0 contiki-native.a(clock.o)
 .data          0x0000000008055110        0x0 contiki-native.a(button-sensor.o)
 .data          0x0000000008055110        0x0 contiki-native.a(pir-sensor.o)
 .data          0x0000000008055110        0x0 contiki-native.a(vib-sensor.o)
 .data          0x0000000008055110       0x10 contiki-native.a(sensors.o)
                0x0000000008055110                sensors_process
 .data          0x0000000008055120        0x0 contiki-native.a(rimeaddr.o)
 .data          0x0000000008055120        0x0 contiki-native.a(autostart.o)
 .data          0x0000000008055120       0x10 contiki-native.a(serial-line.o)
                0x0000000008055120                serial_line_process
 .data          0x0000000008055130        0x0 contiki-native.a(list.o)
 .data          0x0000000008055130       0x10 contiki-native.a(ctimer.o)
                0x0000000008055130                ctimer_process
 .data          0x0000000008055140        0x0 contiki-native.a(stimer.o)
 .data          0x0000000008055140        0x0 contiki-native.a(ringbuf.o)
 .data          0x0000000008055140        0x0 contiki-native.a(netstack.o)
 .data          0x0000000008055140        0x0 /usr/lib/i386-linux-gnu/libc_nonshared.a(elf-init.oS)
 .data          0x0000000008055140        0x0 /usr/lib/gcc/i686-linux-gnu/4.6/crtend.o
 .data          0x0000000008055140        0x0 /usr/lib/gcc/i686-linux-gnu/4.6/../../../i386-linux-gnu/crtn.o

.data1
 *(.data1)
                0x0000000008055140                _edata = .
                0x0000000008055140                PROVIDE (edata, .)
                0x0000000008055140                __bss_start = .

.bss            0x0000000008055140     0x16bc
 *(.dynbss)
 .dynbss        0x0000000008055140       0x24 /usr/lib/gcc/i686-linux-gnu/4.6/../../../i386-linux-gnu/crt1.o
                0x0000000008055140                stderr@@GLIBC_2.0
                0x0000000008055160                stdout@@GLIBC_2.0
 *(.bss .bss.* .gnu.linkonce.b.*)
 .bss           0x0000000008055164        0x0 /usr/lib/gcc/i686-linux-gnu/4.6/../../../i386-linux-gnu/crt1.o
 .bss           0x0000000008055164        0x0 /usr/lib/gcc/i686-linux-gnu/4.6/../../../i386-linux-gnu/crti.o
 .bss           0x0000000008055164        0x8 /usr/lib/gcc/i686-linux-gnu/4.6/crtbegin.o
 *fill*         0x000000000805516c       0x14 00
 .bss           0x0000000008055180      0x140 border-router.co
 .bss           0x00000000080552c0        0x6 obj_native/slip-bridge.o
 *fill*         0x00000000080552c6       0x1a 00
 .bss           0x00000000080552e0      0x110 obj_native/httpd-simple.o
 .bss           0x00000000080553f0        0x0 contiki-native.a(nullmac.o)
 .bss           0x00000000080553f0        0x0 contiki-native.a(nullrdc.o)
 .bss           0x00000000080553f0        0x0 contiki-native.a(mac.o)
 .bss           0x00000000080553f0        0x0 contiki-native.a(framer-nullmac.)
 *fill*         0x00000000080553f0       0x10 00
 .bss           0x0000000008055400      0x1b1 contiki-native.a(process.o)
                0x0000000008055400                process_current
                0x0000000008055404                process_list
 *fill*         0x00000000080555b1        0x3 00
 .bss           0x00000000080555b4        0x0 contiki-native.a(memb.o)
 .bss           0x00000000080555b4        0x0 contiki-native.a(timer.o)
 .bss           0x00000000080555b4        0x8 contiki-native.a(etimer.o)
 *fill*         0x00000000080555bc        0x4 00
 .bss           0x00000000080555c0       0xa0 contiki-native.a(nbr-table.o)
 .bss           0x0000000008055660       0xd2 contiki-native.a(packetbuf.o)
 *fill*         0x0000000008055732        0x2 00
 .bss           0x0000000008055734        0x0 contiki-native.a(psock.o)
 *fill*         0x0000000008055734        0xc 00
 .bss           0x0000000008055740      0x398 contiki-native.a(queuebuf.o)
 *fill*         0x0000000008055ad8        0x8 00
 .bss           0x0000000008055ae0      0x178 contiki-native.a(tcpip.o)
 .bss           0x0000000008055c58        0x0 contiki-native.a(uip-debug.o)
 *fill*         0x0000000008055c58        0x8 00
 .bss           0x0000000008055c60       0xc0 contiki-native.a(uip-ds6-nbr.o)
 .bss           0x0000000008055d20       0x13 contiki-native.a(uip.o)
                0x0000000008055d20                uip_lladdr
 *fill*         0x0000000008055d33        0x1 00
 .bss           0x0000000008055d34        0x0 contiki-native.a(nullradio.o)
 *fill*         0x0000000008055d34        0xc 00
 .bss           0x0000000008055d40       0x44 contiki-native.a(contiki-main.o)
                0x0000000008055d40                contiki_argc
 .bss           0x0000000008055d84        0x0 contiki-native.a(clock.o)
 .bss           0x0000000008055d84        0x0 contiki-native.a(button-sensor.o)
 .bss           0x0000000008055d84        0x4 contiki-native.a(pir-sensor.o)
 .bss           0x0000000008055d88        0x4 contiki-native.a(vib-sensor.o)
 .bss           0x0000000008055d8c        0xc contiki-native.a(sensors.o)
 .bss           0x0000000008055d98        0x0 contiki-native.a(rimeaddr.o)
 .bss           0x0000000008055d98        0x0 contiki-native.a(autostart.o)
 *fill*         0x0000000008055d98        0x8 00
 .bss           0x0000000008055da0      0x120 contiki-native.a(serial-line.o)
 .bss           0x0000000008055ec0        0x0 contiki-native.a(list.o)
 .bss           0x0000000008055ec0        0x8 contiki-native.a(ctimer.o)
 .bss           0x0000000008055ec8        0x0 contiki-native.a(stimer.o)
 .bss           0x0000000008055ec8        0x0 contiki-native.a(ringbuf.o)
 .bss           0x0000000008055ec8        0x0 contiki-native.a(netstack.o)
 .bss           0x0000000008055ec8        0x0 /usr/lib/i386-linux-gnu/libc_nonshared.a(elf-init.oS)
 .bss           0x0000000008055ec8        0x0 /usr/lib/gcc/i686-linux-gnu/4.6/crtend.o
 .bss           0x0000000008055ec8        0x0 /usr/lib/gcc/i686-linux-gnu/4.6/../../../i386-linux-gnu/crtn.o
 *(COMMON)
 *fill*         0x0000000008055ec8       0x18 00
 COMMON         0x0000000008055ee0       0x38 contiki-native.a(packetbuf.o)
                0x0000000008055ee0                packetbuf_attrs
                0x0000000008055f10                packetbuf_addrs
 COMMON         0x0000000008055f18        0x1 contiki-native.a(tcpip.o)
                0x0000000008055f18                tcpip_event
 *fill*         0x0000000008055f19        0x7 00
 COMMON         0x0000000008055f20      0x8d0 contiki-native.a(uip.o)
                0x0000000008055f20                uip_draddr
                0x0000000008055f24                uip_slen
                0x0000000008055f26                uip_acc32
                0x0000000008055f40                uip_conns
                0x00000000080564e0                uip_netmask
                0x00000000080564e4                uip_hostaddr
                0x00000000080564e8                uip_appdata
                0x00000000080564ec                uip_flags
                0x0000000008056500                uip_aligned_buf
                0x00000000080566c0                uip_listenports
                0x0000000008056710                uip_len
                0x0000000008056714                uip_sappdata
                0x0000000008056720                uip_udp_conns
                0x00000000080567e8                uip_udp_conn
                0x00000000080567ec                uip_conn
 COMMON         0x00000000080567f0        0x8 contiki-native.a(contiki-main.o)
                0x00000000080567f0                contiki_argv
                0x00000000080567f4                sensors_flags
 COMMON         0x00000000080567f8        0x1 contiki-native.a(sensors.o)
                0x00000000080567f8                sensors_event
 COMMON         0x00000000080567f9        0x2 contiki-native.a(rimeaddr.o)
                0x00000000080567f9                rimeaddr_node_addr
 COMMON         0x00000000080567fb        0x1 contiki-native.a(serial-line.o)
                0x00000000080567fb                serial_line_event_message
                0x00000000080567fc                . = ALIGN ((. != 0x0)?0x4:0x1)
                0x00000000080567fc                . = ALIGN (0x4)
                0x00000000080567fc                . = ALIGN (0x4)
                0x00000000080567fc                _end = .
                0x00000000080567fc                PROVIDE (end, .)
                0x00000000080567fc                . = DATA_SEGMENT_END (.)

.stab
 *(.stab)

.stabstr
 *(.stabstr)

.stab.excl
 *(.stab.excl)

.stab.exclstr
 *(.stab.exclstr)

.stab.index
 *(.stab.index)

.stab.indexstr
 *(.stab.indexstr)

.comment        0x0000000000000000       0x2a
 *(.comment)
 .comment       0x0000000000000000       0x2a /usr/lib/gcc/i686-linux-gnu/4.6/crtbegin.o
                                         0x2b (size before relaxing)
 .comment       0x0000000000000000       0x2b border-router.co
 .comment       0x0000000000000000       0x2b obj_native/slip-bridge.o
 .comment       0x0000000000000000       0x2b obj_native/httpd-simple.o
 .comment       0x0000000000000000       0x2b contiki-native.a(nullmac.o)
 .comment       0x0000000000000000       0x2b contiki-native.a(nullrdc.o)
 .comment       0x0000000000000000       0x2b contiki-native.a(mac.o)
 .comment       0x0000000000000000       0x2b contiki-native.a(framer-nullmac.)
 .comment       0x0000000000000000       0x2b contiki-native.a(process.o)
 .comment       0x0000000000000000       0x2b contiki-native.a(memb.o)
 .comment       0x0000000000000000       0x2b contiki-native.a(timer.o)
 .comment       0x0000000000000000       0x2b contiki-native.a(etimer.o)
 .comment       0x0000000000000000       0x2b contiki-native.a(nbr-table.o)
 .comment       0x0000000000000000       0x2b contiki-native.a(packetbuf.o)
 .comment       0x0000000000000000       0x2b contiki-native.a(psock.o)
 .comment       0x0000000000000000       0x2b contiki-native.a(queuebuf.o)
 .comment       0x0000000000000000       0x2b contiki-native.a(tcpip.o)
 .comment       0x0000000000000000       0x2b contiki-native.a(uip-debug.o)
 .comment       0x0000000000000000       0x2b contiki-native.a(uip-ds6-nbr.o)
 .comment       0x0000000000000000       0x2b contiki-native.a(uip.o)
 .comment       0x0000000000000000       0x2b contiki-native.a(nullradio.o)
 .comment       0x0000000000000000       0x2b contiki-native.a(contiki-main.o)
 .comment       0x0000000000000000       0x2b contiki-native.a(clock.o)
 .comment       0x0000000000000000       0x2b contiki-native.a(button-sensor.o)
 .comment       0x0000000000000000       0x2b contiki-native.a(pir-sensor.o)
 .comment       0x0000000000000000       0x2b contiki-native.a(vib-sensor.o)
 .comment       0x0000000000000000       0x2b contiki-native.a(sensors.o)
 .comment       0x0000000000000000       0x2b contiki-native.a(rimeaddr.o)
 .comment       0x0000000000000000       0x2b contiki-native.a(autostart.o)
 .comment       0x0000000000000000       0x2b contiki-native.a(serial-line.o)
 .comment       0x0000000000000000       0x2b contiki-native.a(list.o)
 .comment       0x0000000000000000       0x2b contiki-native.a(ctimer.o)
 .comment       0x0000000000000000       0x2b contiki-native.a(stimer.o)
 .comment       0x0000000000000000       0x2b contiki-native.a(ringbuf.o)
 .comment       0x0000000000000000       0x2b contiki-native.a(netstack.o)
 .comment       0x0000000000000000       0x2b /usr/lib/i386-linux-gnu/libc_nonshared.a(elf-init.oS)
 .comment       0x0000000000000000       0x2b /usr/lib/gcc/i686-linux-gnu/4.6/crtend.o

.debug
 *(.debug)

.line
 *(.line)

.debug_srcinfo
 *(.debug_srcinfo)

.debug_sfnames
 *(.debug_sfnames)

.debug_aranges  0x0000000000000000      0x440
 *(.debug_aranges)
 .debug_aranges
                0x0000000000000000       0x20 border-router.co
 .debug_aranges
                0x0000000000000020       0x20 obj_native/slip-bridge.o
 .debug_aranges
                0x0000000000000040       0x20 obj_native/httpd-simple.o
 .debug_aranges
                0x0000000000000060       0x20 contiki-native.a(nullmac.o)
 .debug_aranges
                0x0000000000000080       0x20 contiki-native.a(nullrdc.o)
 .debug_aranges
                0x00000000000000a0       0x20 contiki-native.a(mac.o)
 .debug_aranges
                0x00000000000000c0       0x20 contiki-native.a(framer-nullmac.)
 .debug_aranges
                0x00000000000000e0       0x20 contiki-native.a(process.o)
 .debug_aranges
                0x0000000000000100       0x20 contiki-native.a(memb.o)
 .debug_aranges
                0x0000000000000120       0x20 contiki-native.a(timer.o)
 .debug_aranges
                0x0000000000000140       0x20 contiki-native.a(etimer.o)
 .debug_aranges
                0x0000000000000160       0x20 contiki-native.a(nbr-table.o)
 .debug_aranges
                0x0000000000000180       0x20 contiki-native.a(packetbuf.o)
 .debug_aranges
                0x00000000000001a0       0x20 contiki-native.a(psock.o)
 .debug_aranges
                0x00000000000001c0       0x20 contiki-native.a(queuebuf.o)
 .debug_aranges
                0x00000000000001e0       0x20 contiki-native.a(tcpip.o)
 .debug_aranges
                0x0000000000000200       0x20 contiki-native.a(uip-debug.o)
 .debug_aranges
                0x0000000000000220       0x20 contiki-native.a(uip-ds6-nbr.o)
 .debug_aranges
                0x0000000000000240       0x20 contiki-native.a(uip.o)
 .debug_aranges
                0x0000000000000260       0x20 contiki-native.a(nullradio.o)
 .debug_aranges
                0x0000000000000280       0x20 contiki-native.a(contiki-main.o)
 .debug_aranges
                0x00000000000002a0       0x20 contiki-native.a(clock.o)
 .debug_aranges
                0x00000000000002c0       0x20 contiki-native.a(button-sensor.o)
 .debug_aranges
                0x00000000000002e0       0x20 contiki-native.a(pir-sensor.o)
 .debug_aranges
                0x0000000000000300       0x20 contiki-native.a(vib-sensor.o)
 .debug_aranges
                0x0000000000000320       0x20 contiki-native.a(sensors.o)
 .debug_aranges
                0x0000000000000340       0x20 contiki-native.a(rimeaddr.o)
 .debug_aranges
                0x0000000000000360       0x20 contiki-native.a(autostart.o)
 .debug_aranges
                0x0000000000000380       0x20 contiki-native.a(serial-line.o)
 .debug_aranges
                0x00000000000003a0       0x20 contiki-native.a(list.o)
 .debug_aranges
                0x00000000000003c0       0x20 contiki-native.a(ctimer.o)
 .debug_aranges
                0x00000000000003e0       0x20 contiki-native.a(stimer.o)
 .debug_aranges
                0x0000000000000400       0x20 contiki-native.a(ringbuf.o)
 .debug_aranges
                0x0000000000000420       0x20 contiki-native.a(netstack.o)

.debug_pubnames
 *(.debug_pubnames)

.debug_info     0x0000000000000000     0xc4c4
 *(.debug_info .gnu.linkonce.wi.*)
 .debug_info    0x0000000000000000     0x1724 border-router.co
 .debug_info    0x0000000000001724      0x851 obj_native/slip-bridge.o
 .debug_info    0x0000000000001f75      0xaa9 obj_native/httpd-simple.o
 .debug_info    0x0000000000002a1e      0x365 contiki-native.a(nullmac.o)
 .debug_info    0x0000000000002d83      0x6c5 contiki-native.a(nullrdc.o)
 .debug_info    0x0000000000003448      0x117 contiki-native.a(mac.o)
 .debug_info    0x000000000000355f      0x239 contiki-native.a(framer-nullmac.)
 .debug_info    0x0000000000003798      0x7ab contiki-native.a(process.o)
 .debug_info    0x0000000000003f43      0x1eb contiki-native.a(memb.o)
 .debug_info    0x000000000000412e      0x18b contiki-native.a(timer.o)
 .debug_info    0x00000000000042b9      0x4b9 contiki-native.a(etimer.o)
 .debug_info    0x0000000000004772      0x8f9 contiki-native.a(nbr-table.o)
 .debug_info    0x000000000000506b      0x705 contiki-native.a(packetbuf.o)
 .debug_info    0x0000000000005770      0x7d6 contiki-native.a(psock.o)
 .debug_info    0x0000000000005f46      0x6bf contiki-native.a(queuebuf.o)
 .debug_info    0x0000000000006605      0xf21 contiki-native.a(tcpip.o)
 .debug_info    0x0000000000007526      0x48e contiki-native.a(uip-debug.o)
 .debug_info    0x00000000000079b4      0xb68 contiki-native.a(uip-ds6-nbr.o)
 .debug_info    0x000000000000851c      0xe86 contiki-native.a(uip.o)
 .debug_info    0x00000000000093a2      0x2c1 contiki-native.a(nullradio.o)
 .debug_info    0x0000000000009663      0xf47 contiki-native.a(contiki-main.o)
 .debug_info    0x000000000000a5aa      0x134 contiki-native.a(clock.o)
 .debug_info    0x000000000000a6de      0x1a7 contiki-native.a(button-sensor.o)
 .debug_info    0x000000000000a885      0x1c9 contiki-native.a(pir-sensor.o)
 .debug_info    0x000000000000aa4e      0x1b6 contiki-native.a(vib-sensor.o)
 .debug_info    0x000000000000ac04      0x3a9 contiki-native.a(sensors.o)
 .debug_info    0x000000000000afad      0x1b4 contiki-native.a(rimeaddr.o)
 .debug_info    0x000000000000b161      0x1be contiki-native.a(autostart.o)
 .debug_info    0x000000000000b31f      0x2ff contiki-native.a(serial-line.o)
 .debug_info    0x000000000000b61e      0x31c contiki-native.a(list.o)
 .debug_info    0x000000000000b93a      0x467 contiki-native.a(ctimer.o)
 .debug_info    0x000000000000bda1      0x19b contiki-native.a(stimer.o)
 .debug_info    0x000000000000bf3c      0x1cb contiki-native.a(ringbuf.o)
 .debug_info    0x000000000000c107      0x3bd contiki-native.a(netstack.o)

.debug_abbrev   0x0000000000000000     0x3b0e
 *(.debug_abbrev)
 .debug_abbrev  0x0000000000000000      0x3ca border-router.co
 .debug_abbrev  0x00000000000003ca      0x25b obj_native/slip-bridge.o
 .debug_abbrev  0x0000000000000625      0x278 obj_native/httpd-simple.o
 .debug_abbrev  0x000000000000089d      0x16b contiki-native.a(nullmac.o)
 .debug_abbrev  0x0000000000000a08      0x233 contiki-native.a(nullrdc.o)
 .debug_abbrev  0x0000000000000c3b       0xa0 contiki-native.a(mac.o)
 .debug_abbrev  0x0000000000000cdb       0xf8 contiki-native.a(framer-nullmac.)
 .debug_abbrev  0x0000000000000dd3      0x2c0 contiki-native.a(process.o)
 .debug_abbrev  0x0000000000001093      0x10c contiki-native.a(memb.o)
 .debug_abbrev  0x000000000000119f       0xe9 contiki-native.a(timer.o)
 .debug_abbrev  0x0000000000001288      0x1ee contiki-native.a(etimer.o)
 .debug_abbrev  0x0000000000001476      0x2ae contiki-native.a(nbr-table.o)
 .debug_abbrev  0x0000000000001724      0x295 contiki-native.a(packetbuf.o)
 .debug_abbrev  0x00000000000019b9      0x277 contiki-native.a(psock.o)
 .debug_abbrev  0x0000000000001c30      0x206 contiki-native.a(queuebuf.o)
 .debug_abbrev  0x0000000000001e36      0x3d0 contiki-native.a(tcpip.o)
 .debug_abbrev  0x0000000000002206      0x16a contiki-native.a(uip-debug.o)
 .debug_abbrev  0x0000000000002370      0x221 contiki-native.a(uip-ds6-nbr.o)
 .debug_abbrev  0x0000000000002591      0x2dc contiki-native.a(uip.o)
 .debug_abbrev  0x000000000000286d      0x12b contiki-native.a(nullradio.o)
 .debug_abbrev  0x0000000000002998      0x342 contiki-native.a(contiki-main.o)
 .debug_abbrev  0x0000000000002cda       0xa1 contiki-native.a(clock.o)
 .debug_abbrev  0x0000000000002d7b       0xb6 contiki-native.a(button-sensor.o)
 .debug_abbrev  0x0000000000002e31       0xd6 contiki-native.a(pir-sensor.o)
 .debug_abbrev  0x0000000000002f07       0xd4 contiki-native.a(vib-sensor.o)
 .debug_abbrev  0x0000000000002fdb      0x208 contiki-native.a(sensors.o)
 .debug_abbrev  0x00000000000031e3      0x119 contiki-native.a(rimeaddr.o)
 .debug_abbrev  0x00000000000032fc       0xf5 contiki-native.a(autostart.o)
 .debug_abbrev  0x00000000000033f1      0x1a5 contiki-native.a(serial-line.o)
 .debug_abbrev  0x0000000000003596      0x142 contiki-native.a(list.o)
 .debug_abbrev  0x00000000000036d8      0x1a4 contiki-native.a(ctimer.o)
 .debug_abbrev  0x000000000000387c       0xcd contiki-native.a(stimer.o)
 .debug_abbrev  0x0000000000003949       0xeb contiki-native.a(ringbuf.o)
 .debug_abbrev  0x0000000000003a34       0xda contiki-native.a(netstack.o)

.debug_line     0x0000000000000000     0x348a
 *(.debug_line)
 .debug_line    0x0000000000000000      0x52d border-router.co
 .debug_line    0x000000000000052d      0x203 obj_native/slip-bridge.o
 .debug_line    0x0000000000000730      0x257 obj_native/httpd-simple.o
 .debug_line    0x0000000000000987       0xab contiki-native.a(nullmac.o)
 .debug_line    0x0000000000000a32      0x175 contiki-native.a(nullrdc.o)
 .debug_line    0x0000000000000ba7       0x72 contiki-native.a(mac.o)
 .debug_line    0x0000000000000c19       0xe1 contiki-native.a(framer-nullmac.)
 .debug_line    0x0000000000000cfa      0x1c8 contiki-native.a(process.o)
 .debug_line    0x0000000000000ec2      0x127 contiki-native.a(memb.o)
 .debug_line    0x0000000000000fe9       0xae contiki-native.a(timer.o)
 .debug_line    0x0000000000001097      0x160 contiki-native.a(etimer.o)
 .debug_line    0x00000000000011f7      0x23c contiki-native.a(nbr-table.o)
 .debug_line    0x0000000000001433      0x232 contiki-native.a(packetbuf.o)
 .debug_line    0x0000000000001665      0x237 contiki-native.a(psock.o)
 .debug_line    0x000000000000189c      0x19a contiki-native.a(queuebuf.o)
 .debug_line    0x0000000000001a36      0x290 contiki-native.a(tcpip.o)
 .debug_line    0x0000000000001cc6      0x148 contiki-native.a(uip-debug.o)
 .debug_line    0x0000000000001e0e      0x277 contiki-native.a(uip-ds6-nbr.o)
 .debug_line    0x0000000000002085      0x57b contiki-native.a(uip.o)
 .debug_line    0x0000000000002600       0x7e contiki-native.a(nullradio.o)
 .debug_line    0x000000000000267e      0x3f5 contiki-native.a(contiki-main.o)
 .debug_line    0x0000000000002a73       0xa5 contiki-native.a(clock.o)
 .debug_line    0x0000000000002b18       0x87 contiki-native.a(button-sensor.o)
 .debug_line    0x0000000000002b9f       0x85 contiki-native.a(pir-sensor.o)
 .debug_line    0x0000000000002c24       0x85 contiki-native.a(vib-sensor.o)
 .debug_line    0x0000000000002ca9      0x130 contiki-native.a(sensors.o)
 .debug_line    0x0000000000002dd9       0xed contiki-native.a(rimeaddr.o)
 .debug_line    0x0000000000002ec6       0x9f contiki-native.a(autostart.o)
 .debug_line    0x0000000000002f65       0xfe contiki-native.a(serial-line.o)
 .debug_line    0x0000000000003063       0xed contiki-native.a(list.o)
 .debug_line    0x0000000000003150      0x14f contiki-native.a(ctimer.o)
 .debug_line    0x000000000000329f       0x89 contiki-native.a(stimer.o)
 .debug_line    0x0000000000003328       0xa6 contiki-native.a(ringbuf.o)
 .debug_line    0x00000000000033ce       0xbc contiki-native.a(netstack.o)

.debug_frame
 *(.debug_frame)

.debug_str      0x0000000000000000     0x293e
 *(.debug_str)
 .debug_str     0x0000000000000000      0xa07 border-router.co
                                        0xb82 (size before relaxing)
 .debug_str     0x0000000000000a07       0xb7 obj_native/slip-bridge.o
                                        0x423 (size before relaxing)
 .debug_str     0x0000000000000abe      0x172 obj_native/httpd-simple.o
                                        0x537 (size before relaxing)
 .debug_str     0x0000000000000c30       0x96 contiki-native.a(nullmac.o)
                                        0x1c3 (size before relaxing)
 .debug_str     0x0000000000000cc6      0x463 contiki-native.a(nullrdc.o)
                                        0x60e (size before relaxing)
 .debug_str     0x0000000000001129       0x3a contiki-native.a(mac.o)
                                        0x171 (size before relaxing)
 .debug_str     0x0000000000001163       0x3c contiki-native.a(framer-nullmac.)
                                        0x418 (size before relaxing)
 .debug_str     0x000000000000119f      0x150 contiki-native.a(process.o)
                                        0x420 (size before relaxing)
 .debug_str     0x00000000000012ef       0x49 contiki-native.a(memb.o)
                                        0x141 (size before relaxing)
 .debug_str     0x0000000000001338       0x1a contiki-native.a(timer.o)
                                        0x14b (size before relaxing)
 .debug_str     0x0000000000001352      0x136 contiki-native.a(etimer.o)
                                        0x2b1 (size before relaxing)
 .debug_str     0x0000000000001488      0x256 contiki-native.a(nbr-table.o)
                                        0x3fb (size before relaxing)
 .debug_str     0x00000000000016de      0x257 contiki-native.a(packetbuf.o)
                                        0x66e (size before relaxing)
 .debug_str     0x0000000000001935       0xe8 contiki-native.a(psock.o)
                                        0x342 (size before relaxing)
 .debug_str     0x0000000000001a1d      0x18d contiki-native.a(queuebuf.o)
                                        0x5f1 (size before relaxing)
 .debug_str     0x0000000000001baa      0x1cd contiki-native.a(tcpip.o)
                                        0x67a (size before relaxing)
 .debug_str     0x0000000000001d77       0x4c contiki-native.a(uip-debug.o)
                                        0x2fa (size before relaxing)
 .debug_str     0x0000000000001dc3      0x19d contiki-native.a(uip-ds6-nbr.o)
                                        0x972 (size before relaxing)
 .debug_str     0x0000000000001f60      0x2bb contiki-native.a(uip.o)
                                        0x60b (size before relaxing)
 .debug_str     0x000000000000221b       0x37 contiki-native.a(nullradio.o)
                                        0x140 (size before relaxing)
 .debug_str     0x0000000000002252      0x197 contiki-native.a(contiki-main.o)
                                        0x69e (size before relaxing)
 .debug_str     0x00000000000023e9       0x48 contiki-native.a(clock.o)
                                        0x14b (size before relaxing)
 .debug_str     0x0000000000002431       0x3a contiki-native.a(button-sensor.o)
                                        0x13b (size before relaxing)
 .debug_str     0x000000000000246b       0x50 contiki-native.a(pir-sensor.o)
                                        0x14e (size before relaxing)
 .debug_str     0x00000000000024bb       0x3d contiki-native.a(vib-sensor.o)
                                        0x13b (size before relaxing)
 .debug_str     0x00000000000024f8       0x90 contiki-native.a(sensors.o)
                                        0x237 (size before relaxing)
 .debug_str     0x0000000000002588       0x60 contiki-native.a(rimeaddr.o)
                                        0x17a (size before relaxing)
 .debug_str     0x00000000000025e8       0x3d contiki-native.a(autostart.o)
                                        0x15c (size before relaxing)
 .debug_str     0x0000000000002625       0xb7 contiki-native.a(serial-line.o)
                                        0x21b (size before relaxing)
 .debug_str     0x00000000000026dc       0xab contiki-native.a(list.o)
                                        0x105 (size before relaxing)
 .debug_str     0x0000000000002787       0xbc contiki-native.a(ctimer.o)
                                        0x245 (size before relaxing)
 .debug_str     0x0000000000002843       0x71 contiki-native.a(stimer.o)
                                        0x14f (size before relaxing)
 .debug_str     0x00000000000028b4       0x5f contiki-native.a(ringbuf.o)
                                        0x15e (size before relaxing)
 .debug_str     0x0000000000002913       0x2b contiki-native.a(netstack.o)
                                        0x204 (size before relaxing)

.debug_loc      0x0000000000000000     0x46a7
 *(.debug_loc)
 .debug_loc     0x0000000000000000      0x421 border-router.co
 .debug_loc     0x0000000000000421      0x1f5 obj_native/slip-bridge.o
 .debug_loc     0x0000000000000616      0x24c obj_native/httpd-simple.o
 .debug_loc     0x0000000000000862       0xb0 contiki-native.a(nullmac.o)
 .debug_loc     0x0000000000000912      0x27f contiki-native.a(nullrdc.o)
 .debug_loc     0x0000000000000b91       0x2c contiki-native.a(mac.o)
 .debug_loc     0x0000000000000bbd       0xc4 contiki-native.a(framer-nullmac.)
 .debug_loc     0x0000000000000c81      0x3e9 contiki-native.a(process.o)
 .debug_loc     0x000000000000106a      0x1f8 contiki-native.a(memb.o)
 .debug_loc     0x0000000000001262      0x114 contiki-native.a(timer.o)
 .debug_loc     0x0000000000001376      0x3e4 contiki-native.a(etimer.o)
 .debug_loc     0x000000000000175a      0x849 contiki-native.a(nbr-table.o)
 .debug_loc     0x0000000000001fa3      0x328 contiki-native.a(packetbuf.o)
 .debug_loc     0x00000000000022cb      0x2d3 contiki-native.a(psock.o)
 .debug_loc     0x000000000000259e      0x330 contiki-native.a(queuebuf.o)
 .debug_loc     0x00000000000028ce      0x520 contiki-native.a(tcpip.o)
 .debug_loc     0x0000000000002dee      0x115 contiki-native.a(uip-debug.o)
 .debug_loc     0x0000000000002f03      0x4a8 contiki-native.a(uip-ds6-nbr.o)
 .debug_loc     0x00000000000033ab      0x5ad contiki-native.a(uip.o)
 .debug_loc     0x0000000000003958       0x2c contiki-native.a(nullradio.o)
 .debug_loc     0x0000000000003984      0x261 contiki-native.a(contiki-main.o)
 .debug_loc     0x0000000000003be5       0x70 contiki-native.a(clock.o)
 .debug_loc     0x0000000000003c55       0x2c contiki-native.a(button-sensor.o)
 .debug_loc     0x0000000000003c81       0x2c contiki-native.a(pir-sensor.o)
 .debug_loc     0x0000000000003cad       0x2c contiki-native.a(vib-sensor.o)
 .debug_loc     0x0000000000003cd9      0x1da contiki-native.a(sensors.o)
 .debug_loc     0x0000000000003eb3       0x58 contiki-native.a(rimeaddr.o)
 .debug_loc     0x0000000000003f0b       0xb0 contiki-native.a(autostart.o)
 .debug_loc     0x0000000000003fbb      0x10a contiki-native.a(serial-line.o)
 .debug_loc     0x00000000000040c5      0x1a5 contiki-native.a(list.o)
 .debug_loc     0x000000000000426a      0x282 contiki-native.a(ctimer.o)
 .debug_loc     0x00000000000044ec      0x124 contiki-native.a(stimer.o)
 .debug_loc     0x0000000000004610       0x6b contiki-native.a(ringbuf.o)
 .debug_loc     0x000000000000467b       0x2c contiki-native.a(netstack.o)

.debug_macinfo
 *(.debug_macinfo)

.debug_weaknames
 *(.debug_weaknames)

.debug_funcnames
 *(.debug_funcnames)

.debug_typenames
 *(.debug_typenames)

.debug_varnames
 *(.debug_varnames)

.debug_pubtypes
 *(.debug_pubtypes)

.debug_ranges   0x0000000000000000      0x138
 *(.debug_ranges)
 .debug_ranges  0x0000000000000000       0x78 border-router.co
 .debug_ranges  0x0000000000000078       0x60 contiki-native.a(nbr-table.o)
 .debug_ranges  0x00000000000000d8       0x18 contiki-native.a(packetbuf.o)
 .debug_ranges  0x00000000000000f0       0x18 contiki-native.a(psock.o)
 .debug_ranges  0x0000000000000108       0x18 contiki-native.a(uip-debug.o)
 .debug_ranges  0x0000000000000120       0x18 contiki-native.a(contiki-main.o)

.gnu.attributes
 *(.gnu.attributes)

/DISCARD/
 *(.note.GNU-stack)
 *(.gnu_debuglink)
 *(.gnu.lto_*)
OUTPUT(border-router.native elf32-i386)
